ARM Linker, 5.03 [Build 69] [MDK-ARM Standard]

==============================================================================

Section Cross References

    system_stm32f4xx.o(.text) refers to system_stm32f4xx.o(.data) for SystemCoreClock
    startup_stm32f4xx.o(RESET) refers to startup_stm32f4xx.o(STACK) for __initial_sp
    startup_stm32f4xx.o(RESET) refers to startup_stm32f4xx.o(.text) for Reset_Handler
    startup_stm32f4xx.o(RESET) refers to hal_cm4.o(.emb_text) for SVC_Handler
    startup_stm32f4xx.o(RESET) refers to keypadmanager.o(.text) for EXTI1_IRQHandler
    startup_stm32f4xx.o(RESET) refers to timer.o(.text) for TIM2_IRQHandler
    startup_stm32f4xx.o(.text) refers to system_stm32f4xx.o(.text) for SystemInit
    startup_stm32f4xx.o(.text) refers to entry.o(.ARM.Collect$$$$00000000) for __main
    rtx_conf_cm.o(.ARM.Collect$$$$000000FF) refers to rt_cmsis.o(i.osKernelStart) for osKernelStart
    rtx_conf_cm.o(.ARM.Collect$$$$000000FF) refers to rtx_conf_cm.o(.constdata) for .constdata
    rtx_conf_cm.o(.constdata) refers to rt_cmsis.o(i.osTimerThread) for osTimerThread
    rtx_conf_cm.o(.constdata) refers to rtx_conf_cm.o(.bss) for os_messageQ_q_osTimerMessageQ
    rtx_conf_cm.o(.constdata) refers to main.o(.text) for main
    main.o(.text) refers to led.o(.text) for initLeds
    main.o(.text) refers to timer.o(.text) for initTimer
    main.o(.text) refers to keypadmanager.o(.text) for initializeKeypad
    main.o(.text) refers to lcdmanager.o(.text) for initializeLCD
    main.o(.text) refers to rt_cmsis.o(i.osThreadCreate) for osThreadCreate
    main.o(.text) refers to rt_cmsis.o(i.osDelay) for osDelay
    main.o(.text) refers to main.o(.constdata) for os_thread_def_accelerometer
    main.o(.text) refers to timer.o(.data) for tid_acc
    main.o(.text) refers to main.o(.data) for tid_wireless
    main.o(.text) refers to keypadmanager.o(.data) for tid_keypad
    main.o(.constdata) refers to threads.o(.text) for accelerometer
    accelerometer.o(.text) refers to stm32f4_discovery_lis302dl.o(.text) for LIS302DL_Read
    accelerometer.o(.text) refers to stm32f4xx_rcc.o(.text) for RCC_AHB1PeriphClockCmd
    accelerometer.o(.text) refers to stm32f4xx_gpio.o(.text) for GPIO_Init
    accelerometer.o(.text) refers to stm32f4xx_syscfg.o(.text) for SYSCFG_EXTILineConfig
    accelerometer.o(.text) refers to accfilter.o(.text) for initializeAccFilter
    accelerometer.o(.text) refers to conversion.o(.text) for getAlpha
    accelerometer.o(.text) refers to dmul.o(.text) for __aeabi_dmul
    accelerometer.o(.text) refers to d2f.o(.text) for __aeabi_d2f
    accelerometer.o(.text) refers to rt_cmsis.o(i.osSignalWait) for osSignalWait
    accelerometer.o(.text) refers to rt_cmsis.o(i.osMutexWait) for osMutexWait
    accelerometer.o(.text) refers to rt_cmsis.o(i.osMutexRelease) for osMutexRelease
    accelerometer.o(.text) refers to rt_cmsis.o(i.osSignalSet) for osSignalSet
    accelerometer.o(.text) refers to led.o(.text) for flashLeds
    accelerometer.o(.text) refers to accelerometer.o(.bss) for correctionMatrix
    accelerometer.o(.text) refers to wireless.o(.data) for pitchRollMutex
    accelerometer.o(.text) refers to accelerometer.o(.data) for modeOfOperation
    accelerometer.o(.text) refers to main.o(.data) for tid_wireless
    led.o(.text) refers to stm32f4xx_rcc.o(.text) for RCC_AHB1PeriphClockCmd
    led.o(.text) refers to stm32f4xx_gpio.o(.text) for GPIO_Init
    timer.o(.text) refers to stm32f4xx_tim.o(.text) for TIM_GetITStatus
    timer.o(.text) refers to rt_cmsis.o(i.osSignalSet) for osSignalSet
    timer.o(.text) refers to stm32f4xx_rcc.o(.text) for RCC_APB1PeriphClockCmd
    timer.o(.text) refers to misc.o(.text) for NVIC_Init
    timer.o(.text) refers to stm32f4xx_gpio.o(.text) for GPIO_StructInit
    timer.o(.text) refers to timer.o(.data) for tid_acc
    timer.o(.text) refers to system_stm32f4xx.o(.data) for SystemCoreClock
    conversion.o(.text) refers to f2d.o(.text) for __aeabi_f2d
    conversion.o(.text) refers to pow.o(i.__hardfp_pow) for __hardfp_pow
    conversion.o(.text) refers to dadd.o(.text) for __aeabi_dadd
    conversion.o(.text) refers to sqrt.o(i.__hardfp_sqrt) for __hardfp_sqrt
    conversion.o(.text) refers to atan2.o(i.__hardfp_atan2) for __hardfp_atan2
    threads.o(.text) refers to accelerometer.o(.text) for initAccelerometer
    threads.o(.text) refers to wireless.o(.text) for init_wireless_chip
    threads.o(.text) refers to keypadmanager.o(.text) for scanManager
    threads.o(.text) refers to sequence.o(.text) for doSequences
    wireless.o(.text) refers to stm32f4xx_spi.o(.text) for SPI_I2S_GetFlagStatus
    wireless.o(.text) refers to stm32f4xx_gpio.o(.text) for GPIO_ResetBits
    wireless.o(.text) refers to stm32f4xx_rcc.o(.text) for RCC_APB1PeriphClockCmd
    wireless.o(.text) refers to rt_cmsis.o(i.osSignalWait) for osSignalWait
    wireless.o(.text) refers to rt_cmsis.o(i.osMutexWait) for osMutexWait
[...]
    .constdata                               0x08006d18   Section        8  lcdmanager.o(.constdata)
    .constdata                               0x08006d20   Section      136  pow.o(.constdata)
    bp                                       0x08006d20   Data          16  pow.o(.constdata)
    dp_h                                     0x08006d30   Data          16  pow.o(.constdata)
    dp_l                                     0x08006d40   Data          16  pow.o(.constdata)
    L                                        0x08006d50   Data          48  pow.o(.constdata)
    P                                        0x08006d80   Data          40  pow.o(.constdata)
    .constdata                               0x08006da8   Section      152  atan.o(.constdata)
    atanhi                                   0x08006da8   Data          32  atan.o(.constdata)
    atanlo                                   0x08006dc8   Data          32  atan.o(.constdata)
    aTodd                                    0x08006de8   Data          40  atan.o(.constdata)
    aTeven                                   0x08006e10   Data          48  atan.o(.constdata)
    .constdata                               0x08006e40   Section        8  qnan.o(.constdata)
    .conststring                             0x08006e48   Section        1  lcdmanager.o(.conststring)
    .bss                                     0x10000000   Section    10400  rtx_conf_cm.o(.bss)
    .data                                    0x20000000   Section       20  system_stm32f4xx.o(.data)
    .data                                    0x20000014   Section       16  rtx_conf_cm.o(.data)
    .data                                    0x20000024   Section       20  main.o(.data)
    ticks                                    0x20000024   Data           4  main.o(.data)
    frequencyDivisions                       0x20000028   Data           4  main.o(.data)
    .data                                    0x20000038   Section       13  accelerometer.o(.data)
    G                                        0x20000038   Data           4  accelerometer.o(.data)
    ticks                                    0x2000003c   Data           4  accelerometer.o(.data)
    frequencyDivisions                       0x20000040   Data           4  accelerometer.o(.data)
    .data                                    0x20000048   Section        4  timer.o(.data)
    .data                                    0x2000004c   Section       28  wireless.o(.data)
    G                                        0x2000004c   Data           4  wireless.o(.data)
    TIMEOUT                                  0x20000050   Data           2  wireless.o(.data)
    ticks                                    0x20000054   Data           4  wireless.o(.data)
    frequencyDivisions                       0x20000058   Data           4  wireless.o(.data)
    .data                                    0x20000068   Section       21  keypadmanager.o(.data)
    .data                                    0x20000080   Section       12  lcdmanager.o(.data)
    .data                                    0x2000008c   Section        8  fputc_debug.o(.data)
    .data                                    0x20000094   Section       13  sequence.o(.data)
    G                                        0x20000094   Data           4  sequence.o(.data)
    ticks                                    0x20000098   Data           4  sequence.o(.data)
    frequencyDivisions                       0x2000009c   Data           4  sequence.o(.data)
    .data                                    0x200000a1   Section       16  stm32f4xx_rcc.o(.data)
    APBAHBPrescTable                         0x200000a1   Data          16  stm32f4xx_rcc.o(.data)
    .data                                    0x200000b4   Section        4  stm32f4_discovery_lis302dl.o(.data)
    .data                                    0x200000b8   Section        4  rt_cmsis.o(.data)
    .data                                    0x200000bc   Section        8  rt_task.o(.data)
    .data                                    0x200000c4   Section        3  rt_system.o(.data)
    os_lock                                  0x200000c4   Data           1  rt_system.o(.data)
    os_psh_flag                              0x200000c5   Data           1  rt_system.o(.data)
    pend_flags                               0x200000c6   Data           1  rt_system.o(.data)
    .data                                    0x200000c8   Section        2  rt_time.o(.data)
    .data                                    0x200000ca   Section        1  hal_cm.o(.data)
    .data                                    0x200000cc   Section        8  rt_robin.o(.data)
    .data                                    0x200000d4   Section        4  errno.o(.data)
    _errno                                   0x200000d4   Data           4  errno.o(.data)
    .bss                                     0x200000d8   Section      204  accelerometer.o(.bss)
    correctionMatrix                         0x200000d8   Data          48  accelerometer.o(.bss)
    filterX                                  0x20000108   Data          52  accelerometer.o(.bss)
    filterY                                  0x2000013c   Data          52  accelerometer.o(.bss)
    filterZ                                  0x20000170   Data          52  accelerometer.o(.bss)
    .bss                                     0x200001a4   Section       12  lcdmanager.o(.bss)
    .bss                                     0x200001b0   Section       48  rt_task.o(.bss)
    .bss                                     0x200001e0   Section       48  rt_list.o(.bss)
    STACK                                    0x20000210   Section     1024  startup_stm32f4xx.o(STACK)

    Global Symbols

    Symbol Name                              Value     Ov Type        Size  Object(Section)

    BuildAttributes$$THM_ISAv4$E$P$D$K$B$S$7EM$VFPi3$EXTD16$VFPS$VFMA$PE$A:L22UL41UL21$X:L11$S22US41US21$IEEE1$IW$USESV6$~STKCKD$USESV7$~SHL$OTIME$ROPI$IEEEX$EBA8$MICROLIB$REQ8$PRES8$EABIv2 0x00000000   Number         0  anon$$obj.o ABSOLUTE
    __ARM_use_no_argv                        0x00000000   Number         0  main.o ABSOLUTE
    __use_no_errno                           0x00000000   Number         0  useno.o ABSOLUTE
    __use_no_exception_handling              0x00000000   Number         0  useno.o ABSOLUTE
    __use_no_fp                              0x00000000   Number         0  useno.o ABSOLUTE
    __use_no_heap                            0x00000000   Number         0  useno.o ABSOLUTE
    __use_no_heap_region                     0x00000000   Number         0  useno.o ABSOLUTE
    __use_no_semihosting                     0x00000000   Number         0  useno.o ABSOLUTE
    __use_no_semihosting_swi                 0x00000000   Number         0  useno.o ABSOLUTE
    __use_no_signal_handling                 0x00000000   Number         0  useno.o ABSOLUTE
    _printf_a                                0x00000000   Number         0  stubs.o ABSOLUTE
    _printf_c                                0x00000000   Number         0  stubs.o ABSOLUTE
    _printf_charcount                        0x00000000   Number         0  stubs.o ABSOLUTE
    _printf_d                                0x00000000   Number         0  stubs.o ABSOLUTE
    _printf_e                                0x00000000   Number         0  stubs.o ABSOLUTE
    _printf_f                                0x00000000   Number         0  stubs.o ABSOLUTE
    _printf_flags                            0x00000000   Number         0  stubs.o ABSOLUTE
    _printf_fp_dec                           0x00000000   Number         0  stubs.o ABSOLUTE
    _printf_fp_hex                           0x00000000   Number         0  stubs.o ABSOLUTE
    _printf_g                                0x00000000   Number         0  stubs.o ABSOLUTE
    _printf_i                                0x00000000   Number         0  stubs.o ABSOLUTE
    _printf_int_dec                          0x00000000   Number         0  stubs.o ABSOLUTE
    _printf_l                                0x00000000   Number         0  stubs.o ABSOLUTE
    _printf_lc                               0x00000000   Number         0  stubs.o ABSOLUTE
    _printf_ll                               0x00000000   Number         0  stubs.o ABSOLUTE
    _printf_lld                              0x00000000   Number         0  stubs.o ABSOLUTE
    _printf_lli                              0x00000000   Number         0  stubs.o ABSOLUTE
    _printf_llo                              0x00000000   Number         0  stubs.o ABSOLUTE
    _printf_llu                              0x00000000   Number         0  stubs.o ABSOLUTE
    _printf_llx                              0x00000000   Number         0  stubs.o ABSOLUTE
    _printf_longlong_dec                     0x00000000   Number         0  stubs.o ABSOLUTE
    _printf_longlong_hex                     0x00000000   Number         0  stubs.o ABSOLUTE
    _printf_longlong_oct                     0x00000000   Number         0  stubs.o ABSOLUTE
    _printf_ls                               0x00000000   Number         0  stubs.o ABSOLUTE
    _printf_mbtowc                           0x00000000   Number         0  stubs.o ABSOLUTE
    _printf_n                                0x00000000   Number         0  stubs.o ABSOLUTE
    _printf_o                                0x00000000   Number         0  stubs.o ABSOLUTE
    _printf_p                                0x00000000   Number         0  stubs.o ABSOLUTE
    _printf_percent                          0x00000000   Number         0  stubs.o ABSOLUTE
    _printf_pre_padding                      0x00000000   Number         0  stubs.o ABSOLUTE
    _printf_return_value                     0x00000000   Number         0  stubs.o ABSOLUTE
    _printf_s                                0x00000000   Number         0  stubs.o ABSOLUTE
    _printf_sizespec                         0x00000000   Number         0  stubs.o ABSOLUTE
    _printf_str                              0x00000000   Number         0  stubs.o ABSOLUTE
    _printf_truncate_signed                  0x00000000   Number         0  stubs.o ABSOLUTE
    _printf_truncate_unsigned                0x00000000   Number         0  stubs.o ABSOLUTE
    _printf_u                                0x00000000   Number         0  stubs.o ABSOLUTE
    _printf_wc                               0x00000000   Number         0  stubs.o ABSOLUTE
    _printf_wctomb                           0x00000000   Number         0  stubs.o ABSOLUTE
    _printf_widthprec                        0x00000000   Number         0  stubs.o ABSOLUTE
    _printf_x                                0x00000000   Number         0  stubs.o ABSOLUTE
    __cpp_initialize__aeabi_                  - Undefined Weak Reference
    __cxa_finalize                            - Undefined Weak Reference
    __decompress                              - Undefined Weak Reference
    _clock_init                               - Undefined Weak Reference
    _microlib_exit                            - Undefined Weak Reference
    __Vectors_Size                           0x00000188   Number         0  startup_stm32f4xx.o ABSOLUTE
    __RL_RTX_VER                             0x00000422   Number         0  rt_system.o ABSOLUTE
    __Vectors                                0x08000000   Data           4  startup_stm32f4xx.o(RESET)
    __Vectors_End                            0x08000188   Data           0  startup_stm32f4xx.o(RESET)
    __main                                   0x08000189   Thumb Code     0  entry.o(.ARM.Collect$$$$00000000)
    _main_stk                                0x08000189   Thumb Code     0  entry2.o(.ARM.Collect$$$$00000001)
    _main_scatterload                        0x0800018d   Thumb Code     0  entry5.o(.ARM.Collect$$$$00000004)
    __main_after_scatterload                 0x08000191   Thumb Code     0  entry5.o(.ARM.Collect$$$$00000004)
    __rt_final_cpp                           0x08000191   Thumb Code     0  entry10a.o(.ARM.Collect$$$$0000000D)
    __rt_final_exit                          0x08000191   Thumb Code     0  entry11a.o(.ARM.Collect$$$$0000000F)
    _main_clock                              0x08000191   Thumb Code     0  entry7b.o(.ARM.Collect$$$$00000008)
    _main_cpp_init                           0x08000191   Thumb Code     0  entry8b.o(.ARM.Collect$$$$0000000A)
    _main_init                               0x08000191   Thumb Code    10  rtx_conf_cm.o(.ARM.Collect$$$$000000FF)
    rt_set_PSP                               0x080001a5   Thumb Code     6  hal_cm4.o(.emb_text)
    os_set_env                               0x080001ab   Thumb Code    26  hal_cm4.o(.emb_text)
    _alloc_box                               0x080001c9   Thumb Code    28  hal_cm4.o(.emb_text)
    _free_box                                0x080001e9   Thumb Code    28  hal_cm4.o(.emb_text)
    SVC_Handler                              0x08000209   Thumb Code   152  hal_cm4.o(.emb_text)
    PendSV_Handler                           0x080002ad   Thumb Code     0  hal_cm4.o(.emb_text)
    Sys_Handler                              0x080002ad   Thumb Code   104  hal_cm4.o(.emb_text)
    SysTick_Handler                          0x0800030d   Thumb Code     0  hal_cm4.o(.emb_text)
    SystemInit                               0x080003f3   Thumb Code    88  system_stm32f4xx.o(.text)
    SystemCoreClockUpdate                    0x0800044b   Thumb Code   174  system_stm32f4xx.o(.text)
    Reset_Handler                            0x08000525   Thumb Code     8  startup_stm32f4xx.o(.text)
    NMI_Handler                              0x0800052d   Thumb Code     2  startup_stm32f4xx.o(.text)
    HardFault_Handler                        0x0800052f   Thumb Code     2  startup_stm32f4xx.o(.text)
    MemManage_Handler                        0x08000531   Thumb Code     2  startup_stm32f4xx.o(.text)
    BusFault_Handler                         0x08000533   Thumb Code     2  startup_stm32f4xx.o(.text)
    UsageFault_Handler                       0x08000535   Thumb Code     2  startup_stm32f4xx.o(.text)
    DebugMon_Handler                         0x08000539   Thumb Code     2  startup_stm32f4xx.o(.text)
    ADC_IRQHandler                           0x0800053f   Thumb Code     0  startup_stm32f4xx.o(.text)
    CAN1_RX0_IRQHandler                      0x0800053f   Thumb Code     0  startup_stm32f4xx.o(.text)
    CAN1_RX1_IRQHandler                      0x0800053f   Thumb Code     0  startup_stm32f4xx.o(.text)
    CAN1_SCE_IRQHandler                      0x0800053f   Thumb Code     0  startup_stm32f4xx.o(.text)
    CAN1_TX_IRQHandler                       0x0800053f   Thumb Code     0  startup_stm32f4xx.o(.text)
    CAN2_RX0_IRQHandler                      0x0800053f   Thumb Code     0  startup_stm32f4xx.o(.text)
    CAN2_RX1_IRQHandler                      0x0800053f   Thumb Code     0  startup_stm32f4xx.o(.text)
    CAN2_SCE_IRQHandler                      0x0800053f   Thumb Code     0  startup_stm32f4xx.o(.text)
    CAN2_TX_IRQHandler                       0x0800053f   Thumb Code     0  startup_stm32f4xx.o(.text)
    CRYP_IRQHandler                          0x0800053f   Thumb Code     0  startup_stm32f4xx.o(.text)
    DCMI_IRQHandler                          0x0800053f   Thumb Code     0  startup_stm32f4xx.o(.text)
    DMA1_Stream0_IRQHandler                  0x0800053f   Thumb Code     0  startup_stm32f4xx.o(.text)
    DMA1_Stream1_IRQHandler                  0x0800053f   Thumb Code     0  startup_stm32f4xx.o(.text)
    DMA1_Stream2_IRQHandler                  0x0800053f   Thumb Code     0  startup_stm32f4xx.o(.text)
    DMA1_Stream3_IRQHandler                  0x0800053f   Thumb Code     0  startup_stm32f4xx.o(.text)
    DMA1_Stream4_IRQHandler                  0x0800053f   Thumb Code     0  startup_stm32f4xx.o(.text)
    DMA1_Stream5_IRQHandler                  0x0800053f   Thumb Code     0  startup_stm32f4xx.o(.text)
    DMA1_Stream6_IRQHandler                  0x0800053f   Thumb Code     0  startup_stm32f4xx.o(.text)
    DMA1_Stream7_IRQHandler                  0x0800053f   Thumb Code     0  startup_stm32f4xx.o(.text)
    DMA2_Stream0_IRQHandler                  0x0800053f   Thumb Code     0  startup_stm32f4xx.o(.text)
    DMA2_Stream1_IRQHandler                  0x0800053f   Thumb Code     0  startup_stm32f4xx.o(.text)
    DMA2_Stream2_IRQHandler                  0x0800053f   Thumb Code     0  startup_stm32f4xx.o(.text)
    DMA2_Stream3_IRQHandler                  0x0800053f   Thumb Code     0  startup_stm32f4xx.o(.text)
    DMA2_Stream4_IRQHandler                  0x0800053f   Thumb Code     0  startup_stm32f4xx.o(.text)
    DMA2_Stream5_IRQHandler                  0x0800053f   Thumb Code     0  startup_stm32f4xx.o(.text)
    DMA2_Stream6_IRQHandler                  0x0800053f   Thumb Code     0  startup_stm32f4xx.o(.text)
    DMA2_Stream7_IRQHandler                  0x0800053f   Thumb Code     0  startup_stm32f4xx.o(.text)
    ETH_IRQHandler                           0x0800053f   Thumb Code     0  startup_stm32f4xx.o(.text)
    ETH_WKUP_IRQHandler                      0x0800053f   Thumb Code     0  startup_stm32f4xx.o(.text)
    EXTI0_IRQHandler                         0x0800053f   Thumb Code     0  startup_stm32f4xx.o(.text)
    EXTI15_10_IRQHandler                     0x0800053f   Thumb Code     0  startup_stm32f4xx.o(.text)
    EXTI9_5_IRQHandler                       0x0800053f   Thumb Code     0  startup_stm32f4xx.o(.text)
    FLASH_IRQHandler                         0x0800053f   Thumb Code     0  startup_stm32f4xx.o(.text)
    FPU_IRQHandler                           0x0800053f   Thumb Code     0  startup_stm32f4xx.o(.text)
    FSMC_IRQHandler                          0x0800053f   Thumb Code     0  startup_stm32f4xx.o(.text)
    HASH_RNG_IRQHandler                      0x0800053f   Thumb Code     0  startup_stm32f4xx.o(.text)
    I2C1_ER_IRQHandler                       0x0800053f   Thumb Code     0  startup_stm32f4xx.o(.text)
    I2C1_EV_IRQHandler                       0x0800053f   Thumb Code     0  startup_stm32f4xx.o(.text)
    I2C2_ER_IRQHandler                       0x0800053f   Thumb Code     0  startup_stm32f4xx.o(.text)
    I2C2_EV_IRQHandler                       0x0800053f   Thumb Code     0  startup_stm32f4xx.o(.text)
    I2C3_ER_IRQHandler                       0x0800053f   Thumb Code     0  startup_stm32f4xx.o(.text)
    I2C3_EV_IRQHandler                       0x0800053f   Thumb Code     0  startup_stm32f4xx.o(.text)
    OTG_FS_IRQHandler                        0x0800053f   Thumb Code     0  startup_stm32f4xx.o(.text)
    OTG_FS_WKUP_IRQHandler                   0x0800053f   Thumb Code     0  startup_stm32f4xx.o(.text)
    OTG_HS_EP1_IN_IRQHandler                 0x0800053f   Thumb Code     0  startup_stm32f4xx.o(.text)
    OTG_HS_EP1_OUT_IRQHandler                0x0800053f   Thumb Code     0  startup_stm32f4xx.o(.text)
    OTG_HS_IRQHandler                        0x0800053f   Thumb Code     0  startup_stm32f4xx.o(.text)
    OTG_HS_WKUP_IRQHandler                   0x0800053f   Thumb Code     0  startup_stm32f4xx.o(.text)
    PVD_IRQHandler                           0x0800053f   Thumb Code     0  startup_stm32f4xx.o(.text)
    RCC_IRQHandler                           0x0800053f   Thumb Code     0  startup_stm32f4xx.o(.text)
    RTC_Alarm_IRQHandler                     0x0800053f   Thumb Code     0  startup_stm32f4xx.o(.text)
    RTC_WKUP_IRQHandler                      0x0800053f   Thumb Code     0  startup_stm32f4xx.o(.text)
    SDIO_IRQHandler                          0x0800053f   Thumb Code     0  startup_stm32f4xx.o(.text)
    SPI1_IRQHandler                          0x0800053f   Thumb Code     0  startup_stm32f4xx.o(.text)
    SPI2_IRQHandler                          0x0800053f   Thumb Code     0  startup_stm32f4xx.o(.text)
    SPI3_IRQHandler                          0x0800053f   Thumb Code     0  startup_stm32f4xx.o(.text)
    TAMP_STAMP_IRQHandler                    0x0800053f   Thumb Code     0  startup_stm32f4xx.o(.text)
    TIM1_BRK_TIM9_IRQHandler                 0x0800053f   Thumb Code     0  startup_stm32f4xx.o(.text)
    TIM1_CC_IRQHandler                       0x0800053f   Thumb Code     0  startup_stm32f4xx.o(.text)
    TIM1_TRG_COM_TIM11_IRQHandler            0x0800053f   Thumb Code     0  startup_stm32f4xx.o(.text)
    TIM1_UP_TIM10_IRQHandler                 0x0800053f   Thumb Code     0  startup_stm32f4xx.o(.text)
    TIM4_IRQHandler                          0x0800053f   Thumb Code     0  startup_stm32f4xx.o(.text)
    TIM5_IRQHandler                          0x0800053f   Thumb Code     0  startup_stm32f4xx.o(.text)
    TIM6_DAC_IRQHandler                      0x0800053f   Thumb Code     0  startup_stm32f4xx.o(.text)
    TIM7_IRQHandler                          0x0800053f   Thumb Code     0  startup_stm32f4xx.o(.text)
    TIM8_BRK_TIM12_IRQHandler                0x0800053f   Thumb Code     0  startup_stm32f4xx.o(.text)
    TIM8_CC_IRQHandler                       0x0800053f   Thumb Code     0  startup_stm32f4xx.o(.text)
    TIM8_TRG_COM_TIM14_IRQHandler            0x0800053f   Thumb Code     0  startup_stm32f4xx.o(.text)
    TIM8_UP_TIM13_IRQHandler                 0x0800053f   Thumb Code     0  startup_stm32f4xx.o(.text)
    UART4_IRQHandler                         0x0800053f   Thumb Code     0  startup_stm32f4xx.o(.text)
    UART5_IRQHandler                         0x0800053f   Thumb Code     0  startup_stm32f4xx.o(.text)
    USART1_IRQHandler                        0x0800053f   Thumb Code     0  startup_stm32f4xx.o(.text)
    USART2_IRQHandler                        0x0800053f   Thumb Code     0  startup_stm32f4xx.o(.text)
    USART3_IRQHandler                        0x0800053f   Thumb Code     0  startup_stm32f4xx.o(.text)
    USART6_IRQHandler                        0x0800053f   Thumb Code     0  startup_stm32f4xx.o(.text)
    WWDG_IRQHandler                          0x0800053f   Thumb Code     0  startup_stm32f4xx.o(.text)
    os_idle_demon                            0x08000549   Thumb Code     4  rtx_conf_cm.o(.text)
    os_error                                 0x0800054d   Thumb Code     4  rtx_conf_cm.o(.text)
    main                                     0x08000551   Thumb Code    80  main.o(.text)
    resetLatch                               0x080005c1   Thumb Code    14  accelerometer.o(.text)
    initAccelerometer                        0x080005cf   Thumb Code   300  accelerometer.o(.text)
    calibrate                                0x080006fb   Thumb Code   102  accelerometer.o(.text)
    getAcceleration                          0x08000761   Thumb Code    30  accelerometer.o(.text)
    getPitch                                 0x0800077f   Thumb Code    94  accelerometer.o(.text)
    getRoll                                  0x080007dd   Thumb Code    94  accelerometer.o(.text)
    calculateTilts                           0x0800083b   Thumb Code   150  accelerometer.o(.text)
    configureLEDS                            0x08000931   Thumb Code    20  led.o(.text)
    initLeds                                 0x08000945   Thumb Code   112  led.o(.text)
    abs                                      0x080009b5   Thumb Code    26  led.o(.text)
    flashLeds                                0x080009cf   Thumb Code   192  led.o(.text)
    TIM3_IRQHandler                          0x08000a9d   Thumb Code    32  timer.o(.text)
    TIM2_IRQHandler                          0x08000abd   Thumb Code    22  timer.o(.text)
    initTimer                                0x08000ad3   Thumb Code    96  timer.o(.text)
    initializeTimerPin                       0x08000b33   Thumb Code    54  timer.o(.text)
    initTimer4                               0x08000b69   Thumb Code   214  timer.o(.text)
    initTimer2                               0x08000c3f   Thumb Code   102  timer.o(.text)
    getAlpha                                 0x08000cbd   Thumb Code   164  conversion.o(.text)
    getBeta                                  0x08000d61   Thumb Code   164  conversion.o(.text)
    updateAccFilter                          0x08000e0d   Thumb Code    66  accfilter.o(.text)
    initializeAccFilter                      0x08000e4f   Thumb Code    24  accfilter.o(.text)
    accelerometer                            0x08000e67   Thumb Code    14  threads.o(.text)
    wireless                                 0x08000e75   Thumb Code    14  threads.o(.text)
    keypad                                   0x08000e83   Thumb Code     8  threads.o(.text)
    sequence                                 0x08000e8b   Thumb Code     8  threads.o(.text)
    wireless_TIMEOUT_UserCallback            0x08000e95   Thumb Code     4  wireless.o(.text)
    wireless_SendByte                        0x08000e99   Thumb Code    82  wireless.o(.text)
    wireless_WriteReg                        0x08000eeb   Thumb Code    74  wireless.o(.text)
    SPI_Config                               0x08000f35   Thumb Code   264  wireless.o(.text)
    init_wireless_chip                       0x0800103d   Thumb Code   342  wireless.o(.text)
    wireless_ReadReg                         0x08001193   Thumb Code    84  wireless.o(.text)
    wireless_TransmitData                    0x080011e7   Thumb Code    44  wireless.o(.text)
    sendData                                 0x08001213   Thumb Code   158  wireless.o(.text)
    initializeKeypad                         0x080012b1   Thumb Code   396  keypadmanager.o(.text)
    incrementColumn                          0x0800143d   Thumb Code    28  keypadmanager.o(.text)
    scan                                     0x08001459   Thumb Code    10  keypadmanager.o(.text)
    setUpColumn                              0x08001463   Thumb Code    60  keypadmanager.o(.text)
    scanManager                              0x0800149f   Thumb Code   204  keypadmanager.o(.text)
    findButton                               0x0800156b   Thumb Code   136  keypadmanager.o(.text)
    EXTI4_IRQHandler                         0x080015f3   Thumb Code    50  keypadmanager.o(.text)
    EXTI1_IRQHandler                         0x08001625   Thumb Code    48  keypadmanager.o(.text)
    EXTI2_IRQHandler                         0x08001655   Thumb Code    50  keypadmanager.o(.text)
    EXTI3_IRQHandler                         0x08001687   Thumb Code   246  keypadmanager.o(.text)
    setEnable                                0x08001781   Thumb Code    36  lcdmanager.o(.text)
    sendCommand                              0x080017a5   Thumb Code    22  lcdmanager.o(.text)
    setRegisterSelect                        0x080017bb   Thumb Code    36  lcdmanager.o(.text)
    setData7                                 0x080017df   Thumb Code    36  lcdmanager.o(.text)
    setData6                                 0x08001803   Thumb Code    36  lcdmanager.o(.text)
    setData5                                 0x08001827   Thumb Code    36  lcdmanager.o(.text)
    setData4                                 0x0800184b   Thumb Code    36  lcdmanager.o(.text)
    setData3                                 0x0800186f   Thumb Code    40  lcdmanager.o(.text)
    setData2                                 0x08001897   Thumb Code    40  lcdmanager.o(.text)
    setData1                                 0x080018bf   Thumb Code    40  lcdmanager.o(.text)
    setData0                                 0x080018e7   Thumb Code    40  lcdmanager.o(.text)
    setCommandOnDataLine                     0x0800190f   Thumb Code   390  lcdmanager.o(.text)
    resetLCDScreen                           0x08001a95   Thumb Code    24  lcdmanager.o(.text)
    setReadWrite                             0x08001aad   Thumb Code    36  lcdmanager.o(.text)
    initializeDataGPIO                       0x08001ad1   Thumb Code    54  lcdmanager.o(.text)
    initializeControlGPIO                    0x08001b07   Thumb Code    52  lcdmanager.o(.text)
    initializeLCD                            0x08001b3b   Thumb Code   126  lcdmanager.o(.text)
    resetCursor                              0x08001bb9   Thumb Code    14  lcdmanager.o(.text)
    resetCursorSecondRow                     0x08001bc7   Thumb Code    14  lcdmanager.o(.text)
    writeString                              0x08001bd5   Thumb Code   226  lcdmanager.o(.text)
    writeStringFirstRow                      0x08001cb7   Thumb Code    36  lcdmanager.o(.text)
    writeStringSecondRow                     0x08001cdb   Thumb Code    36  lcdmanager.o(.text)
    fputc                                    0x08001d33   Thumb Code    14  fputc_debug.o(.text)
    _ttywrch                                 0x08001d41   Thumb Code    12  fputc_debug.o(.text)
    _sys_exit                                0x08001d4d   Thumb Code     4  fputc_debug.o(.text)
    doSequences                              0x08001d55   Thumb Code   312  sequence.o(.text)
    NVIC_PriorityGroupConfig                 0x08001eb5   Thumb Code    10  misc.o(.text)
    NVIC_Init                                0x08001ebf   Thumb Code   108  misc.o(.text)
    NVIC_SetVectorTable                      0x08001f2b   Thumb Code    14  misc.o(.text)
    NVIC_SystemLPConfig                      0x08001f39   Thumb Code    34  misc.o(.text)
    SysTick_CLKSourceConfig                  0x08001f5b   Thumb Code    40  misc.o(.text)
    EXTI_DeInit                              0x08001f99   Thumb Code    28  stm32f4xx_exti.o(.text)
    EXTI_Init                                0x08001fb5   Thumb Code   142  stm32f4xx_exti.o(.text)
    EXTI_StructInit                          0x08002043   Thumb Code    16  stm32f4xx_exti.o(.text)
    EXTI_GenerateSWInterrupt                 0x08002053   Thumb Code    16  stm32f4xx_exti.o(.text)
    EXTI_GetFlagStatus                       0x08002063   Thumb Code    22  stm32f4xx_exti.o(.text)
    EXTI_ClearFlag                           0x08002079   Thumb Code     8  stm32f4xx_exti.o(.text)
    EXTI_GetITStatus                         0x08002081   Thumb Code    34  stm32f4xx_exti.o(.text)
    EXTI_ClearITPendingBit                   0x080020a3   Thumb Code     8  stm32f4xx_exti.o(.text)
    GPIO_DeInit                              0x080020b5   Thumb Code   220  stm32f4xx_gpio.o(.text)
    GPIO_Init                                0x08002191   Thumb Code   144  stm32f4xx_gpio.o(.text)
    GPIO_StructInit                          0x08002221   Thumb Code    18  stm32f4xx_gpio.o(.text)
    GPIO_PinLockConfig                       0x08002233   Thumb Code    34  stm32f4xx_gpio.o(.text)
    GPIO_ReadInputDataBit                    0x08002255   Thumb Code    18  stm32f4xx_gpio.o(.text)
    GPIO_ReadInputData                       0x08002267   Thumb Code     8  stm32f4xx_gpio.o(.text)
    GPIO_ReadOutputDataBit                   0x0800226f   Thumb Code    18  stm32f4xx_gpio.o(.text)
    GPIO_ReadOutputData                      0x08002281   Thumb Code     8  stm32f4xx_gpio.o(.text)
    GPIO_SetBits                             0x08002289   Thumb Code     4  stm32f4xx_gpio.o(.text)
    GPIO_ResetBits                           0x0800228d   Thumb Code     4  stm32f4xx_gpio.o(.text)
    GPIO_WriteBit                            0x08002291   Thumb Code    10  stm32f4xx_gpio.o(.text)
    GPIO_Write                               0x0800229b   Thumb Code     4  stm32f4xx_gpio.o(.text)
    GPIO_ToggleBits                          0x0800229f   Thumb Code     8  stm32f4xx_gpio.o(.text)
    GPIO_PinAFConfig                         0x080022a7   Thumb Code    70  stm32f4xx_gpio.o(.text)
    RCC_DeInit                               0x08002311   Thumb Code    60  stm32f4xx_rcc.o(.text)
    RCC_HSEConfig                            0x0800234d   Thumb Code    14  stm32f4xx_rcc.o(.text)
    RCC_GetFlagStatus                        0x0800235b   Thumb Code    60  stm32f4xx_rcc.o(.text)
    RCC_WaitForHSEStartUp                    0x08002397   Thumb Code    56  stm32f4xx_rcc.o(.text)
    RCC_AdjustHSICalibrationValue            0x080023cf   Thumb Code    20  stm32f4xx_rcc.o(.text)
    RCC_HSICmd                               0x080023e3   Thumb Code     6  stm32f4xx_rcc.o(.text)
    RCC_LSEConfig                            0x080023e9   Thumb Code    46  stm32f4xx_rcc.o(.text)
    RCC_LSICmd                               0x08002417   Thumb Code     6  stm32f4xx_rcc.o(.text)
    RCC_PLLConfig                            0x0800241d   Thumb Code    32  stm32f4xx_rcc.o(.text)
    RCC_PLLCmd                               0x0800243d   Thumb Code     6  stm32f4xx_rcc.o(.text)
    RCC_PLLI2SConfig                         0x08002443   Thumb Code    14  stm32f4xx_rcc.o(.text)
    RCC_PLLI2SCmd                            0x08002451   Thumb Code     6  stm32f4xx_rcc.o(.text)
    RCC_ClockSecuritySystemCmd               0x08002457   Thumb Code     6  stm32f4xx_rcc.o(.text)
    RCC_MCO1Config                           0x0800245d   Thumb Code    28  stm32f4xx_rcc.o(.text)
    RCC_MCO2Config                           0x08002479   Thumb Code    28  stm32f4xx_rcc.o(.text)
    RCC_SYSCLKConfig                         0x08002495   Thumb Code    20  stm32f4xx_rcc.o(.text)
    RCC_GetSYSCLKSource                      0x080024a9   Thumb Code    12  stm32f4xx_rcc.o(.text)
    RCC_HCLKConfig                           0x080024b5   Thumb Code    20  stm32f4xx_rcc.o(.text)
    RCC_PCLK1Config                          0x080024c9   Thumb Code    20  stm32f4xx_rcc.o(.text)
    RCC_PCLK2Config                          0x080024dd   Thumb Code    22  stm32f4xx_rcc.o(.text)
    RCC_GetClocksFreq                        0x080024f3   Thumb Code   222  stm32f4xx_rcc.o(.text)
    RCC_RTCCLKConfig                         0x080025d1   Thumb Code    54  stm32f4xx_rcc.o(.text)
    RCC_RTCCLKCmd                            0x08002607   Thumb Code     8  stm32f4xx_rcc.o(.text)
    RCC_BackupResetCmd                       0x0800260f   Thumb Code     8  stm32f4xx_rcc.o(.text)
    RCC_I2SCLKConfig                         0x08002617   Thumb Code     6  stm32f4xx_rcc.o(.text)
    RCC_AHB1PeriphClockCmd                   0x0800261d   Thumb Code    34  stm32f4xx_rcc.o(.text)
    RCC_AHB2PeriphClockCmd                   0x0800263f   Thumb Code    34  stm32f4xx_rcc.o(.text)
    RCC_AHB3PeriphClockCmd                   0x08002661   Thumb Code    34  stm32f4xx_rcc.o(.text)
    RCC_APB1PeriphClockCmd                   0x08002683   Thumb Code    34  stm32f4xx_rcc.o(.text)
    RCC_APB2PeriphClockCmd                   0x080026a5   Thumb Code    34  stm32f4xx_rcc.o(.text)
    RCC_AHB1PeriphResetCmd                   0x080026c7   Thumb Code    34  stm32f4xx_rcc.o(.text)
    RCC_AHB2PeriphResetCmd                   0x080026e9   Thumb Code    72  stm32f4xx_rcc.o(.text)
    RCC_AHB3PeriphResetCmd                   0x08002731   Thumb Code    34  stm32f4xx_rcc.o(.text)
    RCC_APB1PeriphResetCmd                   0x08002753   Thumb Code    34  stm32f4xx_rcc.o(.text)
    RCC_APB2PeriphResetCmd                   0x08002775   Thumb Code    34  stm32f4xx_rcc.o(.text)
    RCC_AHB1PeriphClockLPModeCmd             0x08002797   Thumb Code    34  stm32f4xx_rcc.o(.text)
    RCC_AHB2PeriphClockLPModeCmd             0x080027b9   Thumb Code    34  stm32f4xx_rcc.o(.text)
    RCC_AHB3PeriphClockLPModeCmd             0x080027db   Thumb Code    34  stm32f4xx_rcc.o(.text)
    RCC_APB1PeriphClockLPModeCmd             0x080027fd   Thumb Code    34  stm32f4xx_rcc.o(.text)
    RCC_APB2PeriphClockLPModeCmd             0x0800281f   Thumb Code    34  stm32f4xx_rcc.o(.text)
    RCC_ITConfig                             0x08002841   Thumb Code    34  stm32f4xx_rcc.o(.text)
    RCC_ClearFlag                            0x08002863   Thumb Code    18  stm32f4xx_rcc.o(.text)
    RCC_GetITStatus                          0x08002875   Thumb Code    22  stm32f4xx_rcc.o(.text)
    RCC_ClearITPendingBit                    0x0800288b   Thumb Code     8  stm32f4xx_rcc.o(.text)
    SPI_I2S_DeInit                           0x08002899   Thumb Code    76  stm32f4xx_spi.o(.text)
    SPI_Init                                 0x080028e5   Thumb Code    60  stm32f4xx_spi.o(.text)
    I2S_Init                                 0x08002921   Thumb Code   346  stm32f4xx_spi.o(.text)
    SPI_StructInit                           0x08002a7b   Thumb Code    24  stm32f4xx_spi.o(.text)
    I2S_StructInit                           0x08002a93   Thumb Code    20  stm32f4xx_spi.o(.text)
    SPI_Cmd                                  0x08002aa7   Thumb Code    24  stm32f4xx_spi.o(.text)
    I2S_Cmd                                  0x08002abf   Thumb Code    24  stm32f4xx_spi.o(.text)
    SPI_DataSizeConfig                       0x08002ad7   Thumb Code    18  stm32f4xx_spi.o(.text)
    SPI_BiDirectionalLineConfig              0x08002ae9   Thumb Code    28  stm32f4xx_spi.o(.text)
    SPI_NSSInternalSoftwareConfig            0x08002b05   Thumb Code    30  stm32f4xx_spi.o(.text)
    SPI_SSOutputCmd                          0x08002b23   Thumb Code    24  stm32f4xx_spi.o(.text)
    SPI_TIModeCmd                            0x08002b3b   Thumb Code    24  stm32f4xx_spi.o(.text)
    I2S_FullDuplexConfig                     0x08002b53   Thumb Code    80  stm32f4xx_spi.o(.text)
    SPI_I2S_ReceiveData                      0x08002ba3   Thumb Code     6  stm32f4xx_spi.o(.text)
    SPI_I2S_SendData                         0x08002ba9   Thumb Code     4  stm32f4xx_spi.o(.text)
    SPI_CalculateCRC                         0x08002bad   Thumb Code    24  stm32f4xx_spi.o(.text)
    SPI_TransmitCRC                          0x08002bc5   Thumb Code    10  stm32f4xx_spi.o(.text)
    SPI_GetCRC                               0x08002bcf   Thumb Code    16  stm32f4xx_spi.o(.text)
    SPI_GetCRCPolynomial                     0x08002bdf   Thumb Code     6  stm32f4xx_spi.o(.text)
    SPI_I2S_DMACmd                           0x08002be5   Thumb Code    18  stm32f4xx_spi.o(.text)
    SPI_I2S_ITConfig                         0x08002bf7   Thumb Code    32  stm32f4xx_spi.o(.text)
    SPI_I2S_GetFlagStatus                    0x08002c17   Thumb Code    18  stm32f4xx_spi.o(.text)
    SPI_I2S_ClearFlag                        0x08002c29   Thumb Code     6  stm32f4xx_spi.o(.text)
    SPI_I2S_GetITStatus                      0x08002c2f   Thumb Code    52  stm32f4xx_spi.o(.text)
    SPI_I2S_ClearITPendingBit                0x08002c63   Thumb Code    20  stm32f4xx_spi.o(.text)
    SYSCFG_DeInit                            0x08002c8d   Thumb Code    22  stm32f4xx_syscfg.o(.text)
    SYSCFG_MemoryRemapConfig                 0x08002ca3   Thumb Code     6  stm32f4xx_syscfg.o(.text)
    SYSCFG_EXTILineConfig                    0x08002ca9   Thumb Code    66  stm32f4xx_syscfg.o(.text)
    SYSCFG_ETH_MediaInterfaceConfig          0x08002ceb   Thumb Code     6  stm32f4xx_syscfg.o(.text)
    SYSCFG_CompensationCellCmd               0x08002cf1   Thumb Code     6  stm32f4xx_syscfg.o(.text)
    SYSCFG_GetCompensationCellStatus         0x08002cf7   Thumb Code    22  stm32f4xx_syscfg.o(.text)
    TIM_DeInit                               0x08002d19   Thumb Code   346  stm32f4xx_tim.o(.text)
    TIM_TimeBaseInit                         0x08002e73   Thumb Code   104  stm32f4xx_tim.o(.text)
    TIM_TimeBaseStructInit                   0x08002edb   Thumb Code    18  stm32f4xx_tim.o(.text)
    TIM_PrescalerConfig                      0x08002eed   Thumb Code     6  stm32f4xx_tim.o(.text)
    TIM_CounterModeConfig                    0x08002ef3   Thumb Code    18  stm32f4xx_tim.o(.text)
    TIM_SetCounter                           0x08002f05   Thumb Code     4  stm32f4xx_tim.o(.text)
    TIM_SetAutoreload                        0x08002f09   Thumb Code     4  stm32f4xx_tim.o(.text)
    TIM_GetCounter                           0x08002f0d   Thumb Code     6  stm32f4xx_tim.o(.text)
    TIM_GetPrescaler                         0x08002f13   Thumb Code     6  stm32f4xx_tim.o(.text)
    TIM_UpdateDisableConfig                  0x08002f19   Thumb Code    24  stm32f4xx_tim.o(.text)
    TIM_UpdateRequestConfig                  0x08002f31   Thumb Code    24  stm32f4xx_tim.o(.text)
    TIM_ARRPreloadConfig                     0x08002f49   Thumb Code    24  stm32f4xx_tim.o(.text)
    TIM_SelectOnePulseMode                   0x08002f61   Thumb Code    18  stm32f4xx_tim.o(.text)
    TIM_SetClockDivision                     0x08002f73   Thumb Code    18  stm32f4xx_tim.o(.text)
    TIM_Cmd                                  0x08002f85   Thumb Code    24  stm32f4xx_tim.o(.text)
    TIM_OC1Init                              0x08002f9d   Thumb Code   114  stm32f4xx_tim.o(.text)
    TIM_OC2Init                              0x0800300f   Thumb Code   154  stm32f4xx_tim.o(.text)
    TIM_OC3Init                              0x080030a9   Thumb Code   204  stm32f4xx_tim.o(.text)
    TIM_OC4Init                              0x08003175   Thumb Code   112  stm32f4xx_tim.o(.text)
    TIM_OCStructInit                         0x080031e5   Thumb Code    20  stm32f4xx_tim.o(.text)
    TIM_SelectOCxM                           0x080031f9   Thumb Code    86  stm32f4xx_tim.o(.text)
    TIM_SetCompare1                          0x0800324f   Thumb Code     4  stm32f4xx_tim.o(.text)
    TIM_SetCompare2                          0x08003253   Thumb Code     4  stm32f4xx_tim.o(.text)
    TIM_SetCompare3                          0x08003257   Thumb Code     4  stm32f4xx_tim.o(.text)
    TIM_SetCompare4                          0x0800325b   Thumb Code     4  stm32f4xx_tim.o(.text)
    TIM_ForcedOC1Config                      0x0800325f   Thumb Code    18  stm32f4xx_tim.o(.text)
    TIM_ForcedOC2Config                      0x08003271   Thumb Code    26  stm32f4xx_tim.o(.text)
    TIM_ForcedOC3Config                      0x0800328b   Thumb Code    18  stm32f4xx_tim.o(.text)
    TIM_ForcedOC4Config                      0x0800329d   Thumb Code    26  stm32f4xx_tim.o(.text)
    TIM_OC1PreloadConfig                     0x080032b7   Thumb Code    18  stm32f4xx_tim.o(.text)
    TIM_OC2PreloadConfig                     0x080032c9   Thumb Code    26  stm32f4xx_tim.o(.text)
    TIM_OC3PreloadConfig                     0x080032e3   Thumb Code    18  stm32f4xx_tim.o(.text)
    TIM_OC4PreloadConfig                     0x080032f5   Thumb Code    26  stm32f4xx_tim.o(.text)
    TIM_OC1FastConfig                        0x0800330f   Thumb Code    18  stm32f4xx_tim.o(.text)
    TIM_OC2FastConfig                        0x08003321   Thumb Code    26  stm32f4xx_tim.o(.text)
    TIM_OC3FastConfig                        0x0800333b   Thumb Code    18  stm32f4xx_tim.o(.text)
    TIM_OC4FastConfig                        0x0800334d   Thumb Code    26  stm32f4xx_tim.o(.text)
    TIM_ClearOC1Ref                          0x08003367   Thumb Code    18  stm32f4xx_tim.o(.text)
    TIM_ClearOC2Ref                          0x08003379   Thumb Code    24  stm32f4xx_tim.o(.text)
    TIM_ClearOC3Ref                          0x08003391   Thumb Code    18  stm32f4xx_tim.o(.text)
    TIM_ClearOC4Ref                          0x080033a3   Thumb Code    24  stm32f4xx_tim.o(.text)
    TIM_OC1PolarityConfig                    0x080033bb   Thumb Code    18  stm32f4xx_tim.o(.text)
    TIM_OC1NPolarityConfig                   0x080033cd   Thumb Code    18  stm32f4xx_tim.o(.text)
    TIM_OC2PolarityConfig                    0x080033df   Thumb Code    26  stm32f4xx_tim.o(.text)
    TIM_OC2NPolarityConfig                   0x080033f9   Thumb Code    26  stm32f4xx_tim.o(.text)
    TIM_OC3PolarityConfig                    0x08003413   Thumb Code    26  stm32f4xx_tim.o(.text)
    TIM_OC3NPolarityConfig                   0x0800342d   Thumb Code    26  stm32f4xx_tim.o(.text)
    TIM_OC4PolarityConfig                    0x08003447   Thumb Code    26  stm32f4xx_tim.o(.text)
    TIM_CCxCmd                               0x08003461   Thumb Code    30  stm32f4xx_tim.o(.text)
    TIM_CCxNCmd                              0x0800347f   Thumb Code    30  stm32f4xx_tim.o(.text)
    TIM_SetIC4Prescaler                      0x0800349d   Thumb Code    26  stm32f4xx_tim.o(.text)
    TIM_SetIC3Prescaler                      0x08003507   Thumb Code    18  stm32f4xx_tim.o(.text)
    TIM_SetIC2Prescaler                      0x08003561   Thumb Code    26  stm32f4xx_tim.o(.text)
    TIM_SetIC1Prescaler                      0x080035d5   Thumb Code    18  stm32f4xx_tim.o(.text)
    TIM_ICInit                               0x08003621   Thumb Code   110  stm32f4xx_tim.o(.text)
    TIM_ICStructInit                         0x0800368f   Thumb Code    18  stm32f4xx_tim.o(.text)
    TIM_PWMIConfig                           0x080036a1   Thumb Code   124  stm32f4xx_tim.o(.text)
    TIM_GetCapture1                          0x0800371d   Thumb Code     6  stm32f4xx_tim.o(.text)
    TIM_GetCapture2                          0x08003723   Thumb Code     6  stm32f4xx_tim.o(.text)
    TIM_GetCapture3                          0x08003729   Thumb Code     6  stm32f4xx_tim.o(.text)
    TIM_GetCapture4                          0x0800372f   Thumb Code     6  stm32f4xx_tim.o(.text)
    TIM_BDTRConfig                           0x08003735   Thumb Code    32  stm32f4xx_tim.o(.text)
    TIM_BDTRStructInit                       0x08003755   Thumb Code    18  stm32f4xx_tim.o(.text)
    TIM_CtrlPWMOutputs                       0x08003767   Thumb Code    30  stm32f4xx_tim.o(.text)
    TIM_SelectCOM                            0x08003785   Thumb Code    24  stm32f4xx_tim.o(.text)
    TIM_CCPreloadControl                     0x0800379d   Thumb Code    24  stm32f4xx_tim.o(.text)
    TIM_ITConfig                             0x080037b5   Thumb Code    18  stm32f4xx_tim.o(.text)
    TIM_GenerateEvent                        0x080037c7   Thumb Code     4  stm32f4xx_tim.o(.text)
    TIM_GetFlagStatus                        0x080037cb   Thumb Code    18  stm32f4xx_tim.o(.text)
    TIM_ClearFlag                            0x080037dd   Thumb Code     6  stm32f4xx_tim.o(.text)
    TIM_GetITStatus                          0x080037e3   Thumb Code    34  stm32f4xx_tim.o(.text)
    TIM_ClearITPendingBit                    0x08003805   Thumb Code     6  stm32f4xx_tim.o(.text)
    TIM_DMAConfig                            0x0800380b   Thumb Code    10  stm32f4xx_tim.o(.text)
    TIM_DMACmd                               0x08003815   Thumb Code    18  stm32f4xx_tim.o(.text)
    TIM_SelectCCDMA                          0x08003827   Thumb Code    24  stm32f4xx_tim.o(.text)
    TIM_InternalClockConfig                  0x0800383f   Thumb Code    12  stm32f4xx_tim.o(.text)
    TIM_SelectInputTrigger                   0x0800384b   Thumb Code    18  stm32f4xx_tim.o(.text)
    TIM_ITRxExternalClockConfig              0x0800385d   Thumb Code    24  stm32f4xx_tim.o(.text)
    TIM_TIxExternalClockConfig               0x08003875   Thumb Code    62  stm32f4xx_tim.o(.text)
    TIM_ETRConfig                            0x080038b3   Thumb Code    28  stm32f4xx_tim.o(.text)
    TIM_ETRClockMode1Config                  0x080038cf   Thumb Code    54  stm32f4xx_tim.o(.text)
    TIM_ETRClockMode2Config                  0x08003905   Thumb Code    32  stm32f4xx_tim.o(.text)
    TIM_SelectOutputTrigger                  0x08003925   Thumb Code    18  stm32f4xx_tim.o(.text)
    TIM_SelectSlaveMode                      0x08003937   Thumb Code    18  stm32f4xx_tim.o(.text)
    TIM_SelectMasterSlaveMode                0x08003949   Thumb Code    18  stm32f4xx_tim.o(.text)
    TIM_EncoderInterfaceConfig               0x0800395b   Thumb Code    66  stm32f4xx_tim.o(.text)
    TIM_SelectHallSensor                     0x0800399d   Thumb Code    24  stm32f4xx_tim.o(.text)
    TIM_RemapConfig                          0x080039b5   Thumb Code     6  stm32f4xx_tim.o(.text)
    LIS302DL_TIMEOUT_UserCallback            0x080039bd   Thumb Code     4  stm32f4_discovery_lis302dl.o(.text)
    LIS302DL_Write                           0x08003a23   Thumb Code    58  stm32f4_discovery_lis302dl.o(.text)
    LIS302DL_Init                            0x08003b83   Thumb Code    44  stm32f4_discovery_lis302dl.o(.text)
    LIS302DL_Read                            0x08003baf   Thumb Code    66  stm32f4_discovery_lis302dl.o(.text)
    LIS302DL_FilterConfig                    0x08003bf1   Thumb Code    58  stm32f4_discovery_lis302dl.o(.text)
    LIS302DL_InterruptConfig                 0x08003c2b   Thumb Code    42  stm32f4_discovery_lis302dl.o(.text)
    LIS302DL_LowpowerCmd                     0x08003c55   Thumb Code    44  stm32f4_discovery_lis302dl.o(.text)
    LIS302DL_DataRateCmd                     0x08003c81   Thumb Code    44  stm32f4_discovery_lis302dl.o(.text)
    LIS302DL_FullScaleCmd                    0x08003cad   Thumb Code    44  stm32f4_discovery_lis302dl.o(.text)
    LIS302DL_RebootCmd                       0x08003cd9   Thumb Code    34  stm32f4_discovery_lis302dl.o(.text)
    LIS302DL_ReadACC                         0x08003cfb   Thumb Code   112  stm32f4_discovery_lis302dl.o(.text)
    __aeabi_dadd                             0x08003d7d   Thumb Code   322  dadd.o(.text)
    __aeabi_dsub                             0x08003ebf   Thumb Code     6  dadd.o(.text)
    __aeabi_drsub                            0x08003ec5   Thumb Code     6  dadd.o(.text)
    __aeabi_dmul                             0x08003ecb   Thumb Code   228  dmul.o(.text)
    __aeabi_f2d                              0x08003faf   Thumb Code    38  f2d.o(.text)
    __aeabi_d2f                              0x08003fd5   Thumb Code    56  d2f.o(.text)
    __aeabi_uidiv                            0x0800400d   Thumb Code     0  uidiv.o(.text)
    __aeabi_uidivmod                         0x0800400d   Thumb Code    44  uidiv.o(.text)
    __aeabi_llsl                             0x08004039   Thumb Code    30  llshl.o(.text)
    _ll_shift_l                              0x08004039   Thumb Code     0  llshl.o(.text)
    __aeabi_lasr                             0x08004057   Thumb Code    36  llsshr.o(.text)
    _ll_sshift_r                             0x08004057   Thumb Code     0  llsshr.o(.text)
    __I$use$fp                               0x0800407b   Thumb Code     0  iusefp.o(.text)
    _float_round                             0x0800407b   Thumb Code    18  fepilogue.o(.text)
    _float_epilogue                          0x0800408d   Thumb Code    90  fepilogue.o(.text)
    _double_round                            0x080040e7   Thumb Code    26  depilogue.o(.text)
    _double_epilogue                         0x08004101   Thumb Code   164  depilogue.o(.text)
    __aeabi_ddiv                             0x080041a5   Thumb Code   222  ddiv.o(.text)
    __ARM_scalbn                             0x08004283   Thumb Code    46  dscalb.o(.text)
    scalbn                                   0x08004283   Thumb Code     0  dscalb.o(.text)
    _dsqrt                                   0x080042b1   Thumb Code   162  dsqrt.o(.text)
    __aeabi_i2d                              0x08004353   Thumb Code    34  dflti.o(.text)
    __aeabi_cdrcmple                         0x08004375   Thumb Code    38  cdrcmple.o(.text)
    __scatterload                            0x0800439d   Thumb Code    28  init.o(.text)
    __scatterload_rt2                        0x0800439d   Thumb Code     0  init.o(.text)
    __aeabi_llsr                             0x080043c1   Thumb Code    32  llushr.o(.text)
    _ll_ushift_r                             0x080043c1   Thumb Code     0  llushr.o(.text)
    SVC_Count                                0x080043e0   Data           4  SVC_Table.o(SVC_TABLE)
    SVC_Table                                0x080043e4   Data           0  SVC_Table.o(SVC_TABLE)
    __0printf$1                              0x080043e5   Thumb Code    22  printf1.o(i.__0printf$1)
    __1printf$1                              0x080043e5   Thumb Code     0  printf1.o(i.__0printf$1)
    __2printf                                0x080043e5   Thumb Code     0  printf1.o(i.__0printf$1)
    __ARM_fpclassify                         0x08004405   Thumb Code    48  fpclassify.o(i.__ARM_fpclassify)
    __hardfp_atan                            0x08004439   Thumb Code   636  atan.o(i.__hardfp_atan)
    __hardfp_atan2                           0x08004721   Thumb Code   416  atan2.o(i.__hardfp_atan2)
    __hardfp_pow                             0x08004901   Thumb Code  3132  pow.o(i.__hardfp_pow)
    __hardfp_sqrt                            0x08005591   Thumb Code   122  sqrt.o(i.__hardfp_sqrt)
    __kernel_poly                            0x0800560b   Thumb Code   248  poly.o(i.__kernel_poly)
    __mathlib_dbl_underflow                  0x08005709   Thumb Code    24  dunder.o(i.__mathlib_dbl_underflow)
    __scatterload_copy                       0x08005729   Thumb Code    14  handlers.o(i.__scatterload_copy)
    __scatterload_null                       0x08005737   Thumb Code     2  handlers.o(i.__scatterload_null)
    __scatterload_zeroinit                   0x08005739   Thumb Code    14  handlers.o(i.__scatterload_zeroinit)
    __set_errno                              0x08005749   Thumb Code     6  errno.o(i.__set_errno)
    _init_box                                0x08005755   Thumb Code    70  rt_membox.o(i._init_box)
    atan                                     0x080058f1   Thumb Code    16  atan.o(i.atan)
    dbg_init                                 0x08005901   Thumb Code    34  hal_cm.o(i.dbg_init)
    dbg_task_notify                          0x08005931   Thumb Code    32  hal_cm.o(i.dbg_task_notify)
    dbg_task_switch                          0x08005951   Thumb Code    16  hal_cm.o(i.dbg_task_switch)
    fabs                                     0x08005961   Thumb Code    32  fabs.o(i.fabs)
    isr_evt_set                              0x080059ad   Thumb Code    34  rt_event.o(i.isr_evt_set)
    isr_mbx_receive                          0x080059d5   Thumb Code    80  rt_mailbox.o(i.isr_mbx_receive)
    isr_mbx_send                             0x08005a25   Thumb Code    14  rt_mailbox.o(i.isr_mbx_send)
    osDelay                                  0x08005a35   Thumb Code    18  rt_cmsis.o(i.osDelay)
    osKernelStart                            0x08005a4d   Thumb Code    94  rt_cmsis.o(i.osKernelStart)
    osMessageGet                             0x08005ab5   Thumb Code    64  rt_cmsis.o(i.osMessageGet)
    osMutexCreate                            0x08005af9   Thumb Code    18  rt_cmsis.o(i.osMutexCreate)
    osMutexRelease                           0x08005b11   Thumb Code    18  rt_cmsis.o(i.osMutexRelease)
    osMutexWait                              0x08005b29   Thumb Code    18  rt_cmsis.o(i.osMutexWait)
    osSignalSet                              0x08005b41   Thumb Code    48  rt_cmsis.o(i.osSignalSet)
    osSignalWait                             0x08005b75   Thumb Code    18  rt_cmsis.o(i.osSignalWait)
    osThreadCreate                           0x08005b8d   Thumb Code    18  rt_cmsis.o(i.osThreadCreate)
    osThreadExit                             0x08005ba5   Thumb Code    14  rt_cmsis.o(i.osThreadExit)
    osTimerCall                              0x08005bbd   Thumb Code     8  rt_cmsis.o(i.osTimerCall)
    osTimerThread                            0x08005bc9   Thumb Code    38  rt_cmsis.o(i.osTimerThread)
    rt_alloc_box                             0x08005bf5   Thumb Code    28  rt_membox.o(i.rt_alloc_box)
    rt_alloc_mem                             0x08005c11   Thumb Code    60  rt_memory.o(i.rt_alloc_mem)
    rt_block                                 0x08005c4d   Thumb Code    48  rt_task.o(i.rt_block)
    rt_chk_robin                             0x08005c85   Thumb Code    58  rt_robin.o(i.rt_chk_robin)
    rt_dec_dly                               0x08005ccd   Thumb Code   102  rt_list.o(i.rt_dec_dly)
    rt_dispatch                              0x08005d3d   Thumb Code    60  rt_task.o(i.rt_dispatch)
    rt_dly_wait                              0x08005d81   Thumb Code     6  rt_time.o(i.rt_dly_wait)
    rt_evt_psh                               0x08005d89   Thumb Code    76  rt_event.o(i.rt_evt_psh)
    rt_evt_set                               0x08005dd9   Thumb Code    88  rt_event.o(i.rt_evt_set)
    rt_evt_wait                              0x08005e35   Thumb Code    58  rt_event.o(i.rt_evt_wait)
    rt_free_box                              0x08005e75   Thumb Code    32  rt_membox.o(i.rt_free_box)
    rt_free_mem                              0x08005e95   Thumb Code    40  rt_memory.o(i.rt_free_mem)
    rt_get_first                             0x08005ebd   Thumb Code    40  rt_list.o(i.rt_get_first)
    rt_init_mem                              0x08005f2d   Thumb Code    26  rt_memory.o(i.rt_init_mem)
    rt_init_robin                            0x08005f49   Thumb Code    14  rt_robin.o(i.rt_init_robin)
    rt_init_stack                            0x08005f61   Thumb Code    70  hal_cm.o(i.rt_init_stack)
    rt_mbx_check                             0x08005fb1   Thumb Code     8  rt_mailbox.o(i.rt_mbx_check)
    rt_mbx_init                              0x08005fb9   Thumb Code    26  rt_mailbox.o(i.rt_mbx_init)
    rt_mbx_psh                               0x08005fd5   Thumb Code   248  rt_mailbox.o(i.rt_mbx_psh)
    rt_mbx_wait                              0x080060d1   Thumb Code   174  rt_mailbox.o(i.rt_mbx_wait)
    rt_mut_init                              0x080061c1   Thumb Code    16  rt_mutex.o(i.rt_mut_init)
    rt_mut_release                           0x080061d1   Thumb Code   150  rt_mutex.o(i.rt_mut_release)
    rt_mut_wait                              0x08006271   Thumb Code    96  rt_mutex.o(i.rt_mut_wait)
    rt_pop_req                               0x080062d5   Thumb Code   106  rt_system.o(i.rt_pop_req)
    rt_psh_req                               0x0800634d   Thumb Code    22  rt_system.o(i.rt_psh_req)
    rt_psq_enq                               0x0800636d   Thumb Code    82  rt_list.o(i.rt_psq_enq)
    rt_put_dly                               0x080063c5   Thumb Code    88  rt_list.o(i.rt_put_dly)
    rt_put_prio                              0x08006421   Thumb Code    56  rt_list.o(i.rt_put_prio)
    rt_put_rdy_first                         0x08006459   Thumb Code    14  rt_list.o(i.rt_put_rdy_first)
    rt_resort_prio                           0x0800646d   Thumb Code    46  rt_list.o(i.rt_resort_prio)
    rt_ret_val                               0x080064b1   Thumb Code    12  hal_cm.o(i.rt_ret_val)
    rt_ret_val2                              0x080064bd   Thumb Code    16  hal_cm.o(i.rt_ret_val2)
    rt_rmv_dly                               0x080064cd   Thumb Code    40  rt_list.o(i.rt_rmv_dly)
    rt_rmv_list                              0x080064f5   Thumb Code    44  rt_list.o(i.rt_rmv_list)
    rt_sem_psh                               0x08006525   Thumb Code    48  rt_semaphore.o(i.rt_sem_psh)
    rt_stk_check                             0x08006559   Thumb Code    28  rt_system.o(i.rt_stk_check)
    rt_switch_req                            0x0800657d   Thumb Code    30  rt_task.o(i.rt_switch_req)
    rt_sys_init                              0x080065a5   Thumb Code   242  rt_task.o(i.rt_sys_init)
    rt_systick                               0x080066e5   Thumb Code    48  rt_system.o(i.rt_systick)
    rt_tsk_create                            0x08006771   Thumb Code   112  rt_task.o(i.rt_tsk_create)
    rt_tsk_delete                            0x080067f1   Thumb Code   146  rt_task.o(i.rt_tsk_delete)
    rt_tsk_self                              0x0800689d   Thumb Code    12  rt_task.o(i.rt_tsk_self)
    sqrt                                     0x080068ad   Thumb Code   110  sqrt.o(i.sqrt)
    svcDelay                                 0x0800691b   Thumb Code    20  rt_cmsis.o(i.svcDelay)
    svcKernelStart                           0x08006931   Thumb Code   174  rt_cmsis.o(i.svcKernelStart)
    svcMessageCreate                         0x08006a05   Thumb Code    36  rt_cmsis.o(i.svcMessageCreate)
    svcMessageGet                            0x08006a29   Thumb Code    58  rt_cmsis.o(i.svcMessageGet)
    svcMutexCreate                           0x08006a63   Thumb Code    28  rt_cmsis.o(i.svcMutexCreate)
    svcMutexRelease                          0x08006a7f   Thumb Code    34  rt_cmsis.o(i.svcMutexRelease)
    svcMutexWait                             0x08006aa1   Thumb Code    54  rt_cmsis.o(i.svcMutexWait)
    svcSignalSet                             0x08006ad7   Thumb Code    36  rt_cmsis.o(i.svcSignalSet)
    svcSignalWait                            0x08006afd   Thumb Code    80  rt_cmsis.o(i.svcSignalWait)
    svcThreadCreate                          0x08006b51   Thumb Code   100  rt_cmsis.o(i.svcThreadCreate)
    svcThreadGetId                           0x08006bc1   Thumb Code    22  rt_cmsis.o(i.svcThreadGetId)
    svcThreadTerminate                       0x08006bdd   Thumb Code    52  rt_cmsis.o(i.svcThreadTerminate)
    svcTimerCall                             0x08006c15   Thumb Code    24  rt_cmsis.o(i.svcTimerCall)
    sysTimerTick                             0x08006c2d   Thumb Code    76  rt_cmsis.o(i.sysTimerTick)
    os_maxtaskrun                            0x08006c80   Data           2  rtx_conf_cm.o(.constdata)
    os_stackinfo                             0x08006c84   Data           4  rtx_conf_cm.o(.constdata)
    os_rrobin                                0x08006c88   Data           4  rtx_conf_cm.o(.constdata)
    os_trv                                   0x08006c8c   Data           4  rtx_conf_cm.o(.constdata)
    os_flags                                 0x08006c90   Data           1  rtx_conf_cm.o(.constdata)
    os_clockrate                             0x08006c94   Data           4  rtx_conf_cm.o(.constdata)
    os_timernum                              0x08006c98   Data           4  rtx_conf_cm.o(.constdata)
    mp_tcb_size                              0x08006c9c   Data           2  rtx_conf_cm.o(.constdata)
    mp_stk_size                              0x08006ca0   Data           4  rtx_conf_cm.o(.constdata)
    os_stack_sz                              0x08006ca4   Data           4  rtx_conf_cm.o(.constdata)
    os_fifo_size                             0x08006ca8   Data           1  rtx_conf_cm.o(.constdata)
    os_thread_def_osTimerThread              0x08006cac   Data          16  rtx_conf_cm.o(.constdata)
    os_messageQ_def_osTimerMessageQ          0x08006cbc   Data           8  rtx_conf_cm.o(.constdata)
    mp_tmr_size                              0x08006cc4   Data           2  rtx_conf_cm.o(.constdata)
    os_thread_def_main                       0x08006cc8   Data          16  rtx_conf_cm.o(.constdata)
    os_thread_def_accelerometer              0x08006cd8   Data          16  main.o(.constdata)
    os_thread_def_wireless                   0x08006ce8   Data          16  main.o(.constdata)
    os_thread_def_keypad                     0x08006cf8   Data          16  main.o(.constdata)
    os_thread_def_sequence                   0x08006d08   Data          16  main.o(.constdata)
    COMMAND_DELAY                            0x08006d18   Data           1  lcdmanager.o(.constdata)
    MAX_CHARACTERS_ON_SINGLE_ROW             0x08006d19   Data           1  lcdmanager.o(.constdata)
    os_mutex_def_lcd_mutex                   0x08006d1c   Data           4  lcdmanager.o(.constdata)
    __mathlib_zero                           0x08006e40   Data           8  qnan.o(.constdata)
    Region$$Table$$Base                      0x08006e4c   Number         0  anon$$obj.o(Region$$Table)
    Region$$Table$$Limit                     0x08006e7c   Number         0  anon$$obj.o(Region$$Table)
    mp_tcb                                   0x10000000   Data         540  rtx_conf_cm.o(.bss)
    mp_stk                                   0x10000220   Data        8016  rtx_conf_cm.o(.bss)
    os_stack_mem                             0x10002170   Data        1632  rtx_conf_cm.o(.bss)
    os_fifo                                  0x100027d0   Data         132  rtx_conf_cm.o(.bss)
    os_active_TCB                            0x10002854   Data          44  rtx_conf_cm.o(.bss)
    os_messageQ_q_osTimerMessageQ            0x10002880   Data          32  rtx_conf_cm.o(.bss)
    SystemCoreClock                          0x20000000   Data           4  system_stm32f4xx.o(.data)
    AHBPrescTable                            0x20000004   Data          16  system_stm32f4xx.o(.data)
    os_tmr                                   0x20000014   Data           4  rtx_conf_cm.o(.data)
    m_tmr                                    0x20000018   Data           4  rtx_conf_cm.o(.data)
    osThreadId_osTimerThread                 0x2000001c   Data           4  rtx_conf_cm.o(.data)
    osMessageQId_osTimerMessageQ             0x20000020   Data           4  rtx_conf_cm.o(.data)
    timerInterrupt                           0x2000002c   Data           2  main.o(.data)
    tid_wireless                             0x20000030   Data           4  main.o(.data)
    tid_sequence                             0x20000034   Data           4  main.o(.data)
    modeOfOperation                          0x20000044   Data           1  accelerometer.o(.data)
    tid_acc                                  0x20000048   Data           4  timer.o(.data)
    pitch                                    0x2000005c   Data           4  wireless.o(.data)
    roll                                     0x20000060   Data           4  wireless.o(.data)
    pitchRollMutex                           0x20000064   Data           4  wireless.o(.data)
    sequenceNumber                           0x20000068   Data           4  keypadmanager.o(.data)
    updated                                  0x2000006c   Data           4  keypadmanager.o(.data)
    tid_keypad                               0x20000070   Data           4  keypadmanager.o(.data)
    column                                   0x20000074   Data           4  keypadmanager.o(.data)
    row                                      0x20000078   Data           4  keypadmanager.o(.data)
    display                                  0x2000007c   Data           1  keypadmanager.o(.data)
    internalCursor                           0x20000080   Data           1  lcdmanager.o(.data)
    lcdContent                               0x20000084   Data           4  lcdmanager.o(.data)
    lcd_mutex                                0x20000088   Data           4  lcdmanager.o(.data)
    __stdout                                 0x2000008c   Data           4  fputc_debug.o(.data)
    __stdin                                  0x20000090   Data           4  fputc_debug.o(.data)
    sequenceMode                             0x200000a0   Data           1  sequence.o(.data)
    LIS302DLTimeout                          0x200000b4   Data           4  stm32f4_discovery_lis302dl.o(.data)
    os_timer_head                            0x200000b8   Data           4  rt_cmsis.o(.data)
    os_tsk                                   0x200000bc   Data           8  rt_task.o(.data)
    os_time                                  0x200000c8   Data           2  rt_time.o(.data)
    dbg_msg                                  0x200000ca   Data           1  hal_cm.o(.data)
    os_robin                                 0x200000cc   Data           8  rt_robin.o(.data)
    os_mutex_cb_lcd_mutex                    0x200001a4   Data          12  lcdmanager.o(.bss)
    os_idle_TCB                              0x200001b0   Data          48  rt_task.o(.bss)
    os_rdy                                   0x200001e0   Data          24  rt_list.o(.bss)
    os_dly                                   0x200001f8   Data          24  rt_list.o(.bss)
    __initial_sp                             0x20000610   Data           0  startup_stm32f4xx.o(STACK)



==============================================================================

Memory Map of the image

  Image Entry point : 0x08000189

  Load Region LR_IROM1 (Base: 0x08000000, Size: 0x00006f54, Max: 0x00100000, ABSOLUTE)

    Execution Region ER_IROM1 (Base: 0x08000000, Size: 0x00006e7c, Max: 0x00100000, ABSOLUTE)

    Base Addr    Size         Type   Attr      Idx    E Section Name        Object

    0x08000000   0x00000188   Data   RO          132    RESET               startup_stm32f4xx.o
    0x08000188   0x00000000   Code   RO         2430  * .ARM.Collect$$$$00000000  mc_w.l(entry.o)
    0x08000188   0x00000004   Code   RO         2729    .ARM.Collect$$$$00000001  mc_w.l(entry2.o)
    0x0800018c   0x00000004   Code   RO         2732    .ARM.Collect$$$$00000004  mc_w.l(entry5.o)
    0x08000190   0x00000000   Code   RO         2734    .ARM.Collect$$$$00000008  mc_w.l(entry7b.o)
    0x08000190   0x00000000   Code   RO         2736    .ARM.Collect$$$$0000000A  mc_w.l(entry8b.o)
    0x08000190   0x00000000   Code   RO         2737    .ARM.Collect$$$$0000000D  mc_w.l(entry10a.o)
    0x08000190   0x00000000   Code   RO         2739    .ARM.Collect$$$$0000000F  mc_w.l(entry11a.o)
    0x08000190   0x00000010   Code   RO          137    .ARM.Collect$$$$000000FF  rtx_conf_cm.o
    0x080001a0   0x00000004   Code   RO         2730    .ARM.Collect$$$$00002712  mc_w.l(entry2.o)
    0x080001a4   0x00000174   Code   RO         2379    .emb_text           RTX_CM4.lib(hal_cm4.o)
    0x08000318   0x0000020c   Code   RO            3    .text               system_stm32f4xx.o
    0x08000524   0x00000024   Code   RO          133    .text               startup_stm32f4xx.o
    0x08000548   0x00000008   Code   RO          138    .text               rtx_conf_cm.o
    0x08000550   0x00000070   Code   RO          171    .text               main.o
    0x080005c0   0x00000370   Code   RO          238    .text               accelerometer.o
    0x08000930   0x0000016c   Code   RO          289    .text               led.o
    0x08000a9c   0x00000220   Code   RO          389    .text               timer.o
    0x08000cbc   0x00000150   Code   RO          420    .text               conversion.o
    0x08000e0c   0x0000005a   Code   RO          438    .text               accfilter.o
    0x08000e66   0x0000002c   Code   RO          452    .text               threads.o
    0x08000e92   0x00000002   PAD
    0x08000e94   0x0000041c   Code   RO          501    .text               wireless.o
    0x080012b0   0x000004d0   Code   RO          532    .text               keypadmanager.o
    0x08001780   0x00000588   Code   RO          567    .text               lcdmanager.o
    0x08001d08   0x0000004c   Code   RO          593    .text               fputc_debug.o
    0x08001d54   0x00000160   Code   RO          627    .text               sequence.o
    0x08001eb4   0x000000e4   Code   RO          655    .text               misc.o
    0x08001f98   0x0000011c   Code   RO          916    .text               stm32f4xx_exti.o
    0x080020b4   0x0000025c   Code   RO          985    .text               stm32f4xx_gpio.o
    0x08002310   0x00000588   Code   RO         1131    .text               stm32f4xx_rcc.o
    0x08002898   0x000003f4   Code   RO         1222    .text               stm32f4xx_spi.o
    0x08002c8c   0x0000008c   Code   RO         1245    .text               stm32f4xx_syscfg.o
    0x08002d18   0x00000ca2   Code   RO         1265    .text               stm32f4xx_tim.o
    0x080039ba   0x00000002   PAD
    0x080039bc   0x000003c0   Code   RO         1328    .text               stm32f4_discovery_lis302dl.o
    0x08003d7c   0x0000014e   Code   RO         2694    .text               mf_w.l(dadd.o)
    0x08003eca   0x000000e4   Code   RO         2696    .text               mf_w.l(dmul.o)
    0x08003fae   0x00000026   Code   RO         2698    .text               mf_w.l(f2d.o)
    0x08003fd4   0x00000038   Code   RO         2700    .text               mf_w.l(d2f.o)
    0x0800400c   0x0000002c   Code   RO         2741    .text               mc_w.l(uidiv.o)
    0x08004038   0x0000001e   Code   RO         2745    .text               mc_w.l(llshl.o)
    0x08004056   0x00000024   Code   RO         2747    .text               mc_w.l(llsshr.o)
    0x0800407a   0x00000000   Code   RO         2756    .text               mc_w.l(iusefp.o)
    0x0800407a   0x0000006c   Code   RO         2757    .text               mf_w.l(fepilogue.o)
    0x080040e6   0x000000be   Code   RO         2759    .text               mf_w.l(depilogue.o)
    0x080041a4   0x000000de   Code   RO         2761    .text               mf_w.l(ddiv.o)
    0x08004282   0x0000002e   Code   RO         2765    .text               mf_w.l(dscalb.o)
    0x080042b0   0x000000a2   Code   RO         2767    .text               mf_w.l(dsqrt.o)
    0x08004352   0x00000022   Code   RO         2769    .text               mf_w.l(dflti.o)
    0x08004374   0x00000028   Code   RO         2775    .text               mf_w.l(cdrcmple.o)
    0x0800439c   0x00000024   Code   RO         2777    .text               mc_w.l(init.o)
    0x080043c0   0x00000020   Code   RO         2779    .text               mc_w.l(llushr.o)
    0x080043e0   0x00000004   Code   RO         2389    SVC_TABLE           RTX_CM4.lib(SVC_Table.o)
    0x080043e4   0x00000020   Code   RO         2478    i.__0printf$1       mc_w.l(printf1.o)
    0x08004404   0x00000030   Code   RO         2724    i.__ARM_fpclassify  m_wm.l(fpclassify.o)
    0x08004434   0x00000004   PAD
    0x08004438   0x000002e8   Code   RO         2702    i.__hardfp_atan     m_wm.l(atan.o)
    0x08004720   0x000001e0   Code   RO         2392    i.__hardfp_atan2    m_wm.l(atan2.o)
    0x08004900   0x00000c90   Code   RO         2404    i.__hardfp_pow      m_wm.l(pow.o)
    0x08005590   0x0000007a   Code   RO         2418    i.__hardfp_sqrt     m_wm.l(sqrt.o)
    0x0800560a   0x000000f8   Code   RO         2726    i.__kernel_poly     m_wm.l(poly.o)
    0x08005702   0x00000006   PAD
    0x08005708   0x00000020   Code   RO         2716    i.__mathlib_dbl_underflow  m_wm.l(dunder.o)
    0x08005728   0x0000000e   Code   RO         2783    i.__scatterload_copy  mc_w.l(handlers.o)
    0x08005736   0x00000002   Code   RO         2784    i.__scatterload_null  mc_w.l(handlers.o)
    0x08005738   0x0000000e   Code   RO         2785    i.__scatterload_zeroinit  mc_w.l(handlers.o)
    0x08005746   0x00000002   PAD
    0x08005748   0x0000000c   Code   RO         2751    i.__set_errno       mc_w.l(errno.o)
    0x08005754   0x00000046   Code   RO         2252    i._init_box         RTX_CM4.lib(rt_membox.o)
    0x0800579a   0x00000002   PAD
    0x0800579c   0x00000154   Code   RO         2485    i._printf_core      mc_w.l(printf1.o)
    0x080058f0   0x00000010   Code   RO         2704    i.atan              m_wm.l(atan.o)
    0x08005900   0x00000030   Code   RO         2305    i.dbg_init          RTX_CM4.lib(hal_cm.o)
    0x08005930   0x00000020   Code   RO         2306    i.dbg_task_notify   RTX_CM4.lib(hal_cm.o)
    0x08005950   0x00000010   Code   RO         2307    i.dbg_task_switch   RTX_CM4.lib(hal_cm.o)
    0x08005960   0x00000020   Code   RO         2720    i.fabs              m_wm.l(fabs.o)
    0x08005980   0x0000002c   Code   RO         1351    i.isrMessagePut     RTX_CM4.lib(rt_cmsis.o)
    0x080059ac   0x00000028   Code   RO         1998    i.isr_evt_set       RTX_CM4.lib(rt_event.o)
    0x080059d4   0x00000050   Code   RO         2116    i.isr_mbx_receive   RTX_CM4.lib(rt_mailbox.o)
    0x08005a24   0x0000000e   Code   RO         2117    i.isr_mbx_send      RTX_CM4.lib(rt_mailbox.o)
    0x08005a32   0x00000002   PAD
    0x08005a34   0x00000018   Code   RO         1352    i.osDelay           RTX_CM4.lib(rt_cmsis.o)
    0x08005a4c   0x00000068   Code   RO         1354    i.osKernelStart     RTX_CM4.lib(rt_cmsis.o)
    0x08005ab4   0x00000044   Code   RO         1362    i.osMessageGet      RTX_CM4.lib(rt_cmsis.o)
    0x08005af8   0x00000018   Code   RO         1364    i.osMutexCreate     RTX_CM4.lib(rt_cmsis.o)
    0x08005b10   0x00000018   Code   RO         1365    i.osMutexRelease    RTX_CM4.lib(rt_cmsis.o)
    0x08005b28   0x00000018   Code   RO         1366    i.osMutexWait       RTX_CM4.lib(rt_cmsis.o)
    0x08005b40   0x00000034   Code   RO         1376    i.osSignalSet       RTX_CM4.lib(rt_cmsis.o)
    0x08005b74   0x00000018   Code   RO         1377    i.osSignalWait      RTX_CM4.lib(rt_cmsis.o)
    0x08005b8c   0x00000018   Code   RO         1378    i.osThreadCreate    RTX_CM4.lib(rt_cmsis.o)
    0x08005ba4   0x00000018   Code   RO         1379    i.osThreadExit      RTX_CM4.lib(rt_cmsis.o)
    0x08005bbc   0x0000000c   Code   RO         1385    i.osTimerCall       RTX_CM4.lib(rt_cmsis.o)
    0x08005bc8   0x0000002c   Code   RO         1389    i.osTimerThread     RTX_CM4.lib(rt_cmsis.o)
    0x08005bf4   0x0000001c   Code   RO         2253    i.rt_alloc_box      RTX_CM4.lib(rt_membox.o)
    0x08005c10   0x0000003c   Code   RO         2281    i.rt_alloc_mem      RTX_CM4.lib(rt_memory.o)
    0x08005c4c   0x00000038   Code   RO         1873    i.rt_block          RTX_CM4.lib(rt_task.o)
    0x08005c84   0x00000048   Code   RO         2358    i.rt_chk_robin      RTX_CM4.lib(rt_robin.o)
    0x08005ccc   0x00000070   Code   RO         2040    i.rt_dec_dly        RTX_CM4.lib(rt_list.o)
    0x08005d3c   0x00000044   Code   RO         1874    i.rt_dispatch       RTX_CM4.lib(rt_task.o)
    0x08005d80   0x00000006   Code   RO         2200    i.rt_dly_wait       RTX_CM4.lib(rt_time.o)
    0x08005d86   0x00000002   PAD
    0x08005d88   0x00000050   Code   RO         2001    i.rt_evt_psh        RTX_CM4.lib(rt_event.o)
    0x08005dd8   0x0000005c   Code   RO         2002    i.rt_evt_set        RTX_CM4.lib(rt_event.o)
    0x08005e34   0x00000040   Code   RO         2003    i.rt_evt_wait       RTX_CM4.lib(rt_event.o)
    0x08005e74   0x00000020   Code   RO         2254    i.rt_free_box       RTX_CM4.lib(rt_membox.o)
    0x08005e94   0x00000028   Code   RO         2282    i.rt_free_mem       RTX_CM4.lib(rt_memory.o)
    0x08005ebc   0x00000028   Code   RO         2041    i.rt_get_first      RTX_CM4.lib(rt_list.o)
    0x08005ee4   0x00000008   Code   RO         1392    i.rt_id2obj         RTX_CM4.lib(rt_cmsis.o)
    0x08005eec   0x00000040   Code   RO         1875    i.rt_init_context   RTX_CM4.lib(rt_task.o)
    0x08005f2c   0x0000001a   Code   RO         2283    i.rt_init_mem       RTX_CM4.lib(rt_memory.o)
    0x08005f46   0x00000002   PAD
    0x08005f48   0x00000018   Code   RO         2359    i.rt_init_robin     RTX_CM4.lib(rt_robin.o)
    0x08005f60   0x00000050   Code   RO         2308    i.rt_init_stack     RTX_CM4.lib(hal_cm.o)
    0x08005fb0   0x00000008   Code   RO         2118    i.rt_mbx_check      RTX_CM4.lib(rt_mailbox.o)
    0x08005fb8   0x0000001a   Code   RO         2119    i.rt_mbx_init       RTX_CM4.lib(rt_mailbox.o)
    0x08005fd2   0x00000002   PAD
    0x08005fd4   0x000000fc   Code   RO         2120    i.rt_mbx_psh        RTX_CM4.lib(rt_mailbox.o)
    0x080060d0   0x000000b4   Code   RO         2122    i.rt_mbx_wait       RTX_CM4.lib(rt_mailbox.o)
    0x08006184   0x0000003c   Code   RO         1393    i.rt_ms2tick        RTX_CM4.lib(rt_cmsis.o)
    0x080061c0   0x00000010   Code   RO         2227    i.rt_mut_init       RTX_CM4.lib(rt_mutex.o)
    0x080061d0   0x000000a0   Code   RO         2228    i.rt_mut_release    RTX_CM4.lib(rt_mutex.o)
    0x08006270   0x00000064   Code   RO         2229    i.rt_mut_wait       RTX_CM4.lib(rt_mutex.o)
    0x080062d4   0x00000078   Code   RO         1952    i.rt_pop_req        RTX_CM4.lib(rt_system.o)
    0x0800634c   0x00000020   Code   RO         1953    i.rt_psh_req        RTX_CM4.lib(rt_system.o)
    0x0800636c   0x00000058   Code   RO         2043    i.rt_psq_enq        RTX_CM4.lib(rt_list.o)
    0x080063c4   0x0000005c   Code   RO         2044    i.rt_put_dly        RTX_CM4.lib(rt_list.o)
    0x08006420   0x00000038   Code   RO         2045    i.rt_put_prio       RTX_CM4.lib(rt_list.o)
    0x08006458   0x00000014   Code   RO         2046    i.rt_put_rdy_first  RTX_CM4.lib(rt_list.o)
    0x0800646c   0x00000034   Code   RO         2047    i.rt_resort_prio    RTX_CM4.lib(rt_list.o)
    0x080064a0   0x00000010   Code   RO         2309    i.rt_ret_regs       RTX_CM4.lib(hal_cm.o)
    0x080064b0   0x0000000c   Code   RO         2310    i.rt_ret_val        RTX_CM4.lib(hal_cm.o)
    0x080064bc   0x00000010   Code   RO         2311    i.rt_ret_val2       RTX_CM4.lib(hal_cm.o)
    0x080064cc   0x00000028   Code   RO         2048    i.rt_rmv_dly        RTX_CM4.lib(rt_list.o)
    0x080064f4   0x00000030   Code   RO         2049    i.rt_rmv_list       RTX_CM4.lib(rt_list.o)
    0x08006524   0x00000034   Code   RO         2166    i.rt_sem_psh        RTX_CM4.lib(rt_semaphore.o)
    0x08006558   0x00000024   Code   RO         1954    i.rt_stk_check      RTX_CM4.lib(rt_system.o)
    0x0800657c   0x00000028   Code   RO         1876    i.rt_switch_req     RTX_CM4.lib(rt_task.o)
    0x080065a4   0x00000140   Code   RO         1877    i.rt_sys_init       RTX_CM4.lib(rt_task.o)
    0x080066e4   0x0000003c   Code   RO         1955    i.rt_systick        RTX_CM4.lib(rt_system.o)
    0x08006720   0x00000012   Code   RO         1394    i.rt_tid2ptcb       RTX_CM4.lib(rt_cmsis.o)
    0x08006732   0x00000002   PAD
    0x08006734   0x0000003c   Code   RO         1395    i.rt_timer_insert   RTX_CM4.lib(rt_cmsis.o)
    0x08006770   0x00000080   Code   RO         1878    i.rt_tsk_create     RTX_CM4.lib(rt_task.o)
    0x080067f0   0x000000ac   Code   RO         1879    i.rt_tsk_delete     RTX_CM4.lib(rt_task.o)
    0x0800689c   0x00000010   Code   RO         1882    i.rt_tsk_self       RTX_CM4.lib(rt_task.o)
    0x080068ac   0x0000006e   Code   RO         2420    i.sqrt              m_wm.l(sqrt.o)
    0x0800691a   0x00000014   Code   RO         1397    i.svcDelay          RTX_CM4.lib(rt_cmsis.o)
    0x0800692e   0x00000002   PAD
    0x08006930   0x000000d4   Code   RO         1398    i.svcKernelStart    RTX_CM4.lib(rt_cmsis.o)
    0x08006a04   0x00000024   Code   RO         1400    i.svcMessageCreate  RTX_CM4.lib(rt_cmsis.o)
    0x08006a28   0x0000003a   Code   RO         1401    i.svcMessageGet     RTX_CM4.lib(rt_cmsis.o)
    0x08006a62   0x0000001c   Code   RO         1403    i.svcMutexCreate    RTX_CM4.lib(rt_cmsis.o)
    0x08006a7e   0x00000022   Code   RO         1404    i.svcMutexRelease   RTX_CM4.lib(rt_cmsis.o)
    0x08006aa0   0x00000036   Code   RO         1405    i.svcMutexWait      RTX_CM4.lib(rt_cmsis.o)
    0x08006ad6   0x00000024   Code   RO         1412    i.svcSignalSet      RTX_CM4.lib(rt_cmsis.o)
    0x08006afa   0x00000002   PAD
    0x08006afc   0x00000054   Code   RO         1413    i.svcSignalWait     RTX_CM4.lib(rt_cmsis.o)
    0x08006b50   0x00000070   Code   RO         1414    i.svcThreadCreate   RTX_CM4.lib(rt_cmsis.o)
    0x08006bc0   0x0000001c   Code   RO         1415    i.svcThreadGetId    RTX_CM4.lib(rt_cmsis.o)
    0x08006bdc   0x00000038   Code   RO         1418    i.svcThreadTerminate  RTX_CM4.lib(rt_cmsis.o)
    0x08006c14   0x00000018   Code   RO         1420    i.svcTimerCall      RTX_CM4.lib(rt_cmsis.o)
    0x08006c2c   0x00000054   Code   RO         1428    i.sysTimerTick      RTX_CM4.lib(rt_cmsis.o)
    0x08006c80   0x00000058   Data   RO          140    .constdata          rtx_conf_cm.o
    0x08006cd8   0x00000040   Data   RO          172    .constdata          main.o
    0x08006d18   0x00000008   Data   RO          569    .constdata          lcdmanager.o
    0x08006d20   0x00000088   Data   RO         2407    .constdata          m_wm.l(pow.o)
    0x08006da8   0x00000098   Data   RO         2705    .constdata          m_wm.l(atan.o)
    0x08006e40   0x00000008   Data   RO         2728    .constdata          m_wm.l(qnan.o)
    0x08006e48   0x00000001   Data   RO          570    .conststring        lcdmanager.o
    0x08006e49   0x00000003   PAD
    0x08006e4c   0x00000030   Data   RO         2781    Region$$Table       anon$$obj.o


    Execution Region RW_IRAM1 (Base: 0x10000000, Size: 0x000028a0, Max: 0x0001ffff, ABSOLUTE)

    Base Addr    Size         Type   Attr      Idx    E Section Name        Object

    0x10000000   0x000028a0   Zero   RW          139    .bss                rtx_conf_cm.o


    Execution Region RW_IRAM2 (Base: 0x20000000, Size: 0x00000610, Max: 0x0001ffff, ABSOLUTE)

    Base Addr    Size         Type   Attr      Idx    E Section Name        Object

    0x20000000   0x00000014   Data   RW            4    .data               system_stm32f4xx.o
    0x20000014   0x00000010   Data   RW          141    .data               rtx_conf_cm.o
    0x20000024   0x00000014   Data   RW          173    .data               main.o
    0x20000038   0x0000000d   Data   RW          240    .data               accelerometer.o
    0x20000045   0x00000003   PAD
    0x20000048   0x00000004   Data   RW          390    .data               timer.o
    0x2000004c   0x0000001c   Data   RW          503    .data               wireless.o
    0x20000068   0x00000015   Data   RW          534    .data               keypadmanager.o
    0x2000007d   0x00000003   PAD
    0x20000080   0x0000000c   Data   RW          571    .data               lcdmanager.o
    0x2000008c   0x00000008   Data   RW          594    .data               fputc_debug.o
    0x20000094   0x0000000d   Data   RW          629    .data               sequence.o
    0x200000a1   0x00000010   Data   RW         1132    .data               stm32f4xx_rcc.o
    0x200000b1   0x00000003   PAD
    0x200000b4   0x00000004   Data   RW         1329    .data               stm32f4_discovery_lis302dl.o
    0x200000b8   0x00000004   Data   RW         1429    .data               RTX_CM4.lib(rt_cmsis.o)
    0x200000bc   0x00000008   Data   RW         1884    .data               RTX_CM4.lib(rt_task.o)
    0x200000c4   0x00000003   Data   RW         1958    .data               RTX_CM4.lib(rt_system.o)
    0x200000c7   0x00000001   PAD
    0x200000c8   0x00000002   Data   RW         2203    .data               RTX_CM4.lib(rt_time.o)
    0x200000ca   0x00000001   Data   RW         2312    .data               RTX_CM4.lib(hal_cm.o)
    0x200000cb   0x00000001   PAD
    0x200000cc   0x00000008   Data   RW         2360    .data               RTX_CM4.lib(rt_robin.o)
    0x200000d4   0x00000004   Data   RW         2752    .data               mc_w.l(errno.o)
    0x200000d8   0x000000cc   Zero   RW          239    .bss                accelerometer.o
    0x200001a4   0x0000000c   Zero   RW          568    .bss                lcdmanager.o
    0x200001b0   0x00000030   Zero   RW         1883    .bss                RTX_CM4.lib(rt_task.o)
    0x200001e0   0x00000030   Zero   RW         2050    .bss                RTX_CM4.lib(rt_list.o)
    0x20000210   0x00000400   Zero   RW          130    STACK               startup_stm32f4xx.o


==============================================================================

Image component sizes


      Code (inc. data)   RO Data    RW Data    ZI Data      Debug   Object Name

       880         96          0         13        204       9564   accelerometer.o
        90          0          0          0          0       1030   accfilter.o
       336          8          0          0          0        999   conversion.o
        76          4          0          8          0       2733   fputc_debug.o
      1232        190          0         21          0      29317   keypadmanager.o
      1416         70          9         12         12       5538   lcdmanager.o
       364         14          0          0          0      11979   led.o
       112         32         64         20          0       4861   main.o
       228         22          0          0          0       3589   misc.o
        24          6         88         16      10400       6476   rtx_conf_cm.o
       352         40          0         13          0        933   sequence.o
        36          8        392          0       1024        776   startup_stm32f4xx.o
       960         18          0          4          0       4156   stm32f4_discovery_lis302dl.o
       284         10          0          0          0       4775   stm32f4xx_exti.o
       604         36          0          0          0       4113   stm32f4xx_gpio.o
      1416         48          0         16          0      23923   stm32f4xx_rcc.o
      1012         22          0          0          0      14929   stm32f4xx_spi.o
       140         12          0          0          0       1691   stm32f4xx_syscfg.o
      3234         60          0          0          0      22348   stm32f4xx_tim.o
       524         44          0         20          0     251575   system_stm32f4xx.o
        44          0          0          0          0       1333   threads.o
       544         24          0          4          0       1843   timer.o
      1052         48          0         28          0       4082   wireless.o

    ----------------------------------------------------------------------
     14964        812        604        184      11640     412563   Object Totals
         0          0         48          0          0          0   (incl. Generated)
         4          0          3          9          0          0   (incl. Padding)

    ----------------------------------------------------------------------

      Code (inc. data)   RO Data    RW Data    ZI Data      Debug   Library Member Name

         4          4          0          0          0        132   SVC_Table.o
       220         24          0          1          0       3876   hal_cm.o
       372         32          0          0          0        616   hal_cm4.o
      1504        160          0          4          0      33332   rt_cmsis.o
       276         20          0          0          0       2550   rt_event.o
       548         36          0          0         48       7201   rt_list.o
       560         10          0          0          0       3829   rt_mailbox.o
       130          0          0          0          0       1837   rt_membox.o
       126          0          0          0          0       2159   rt_memory.o
       276         14          0          0          0       1869   rt_mutex.o
        96         24          0          8          0       1042   rt_robin.o
        52          4          0          0          0        557   rt_semaphore.o
       248         44          0          3          0       2066   rt_system.o
       864        154          0          8         48       7224   rt_task.o
         6          0          0          2          0        572   rt_time.o
       760        108        152          0          0        344   atan.o
       480         64          0          0          0        156   atan2.o
        32          8          0          0          0        124   dunder.o
        32          0          0          0          0        124   fabs.o
        48          0          0          0          0        124   fpclassify.o
       248          0          0          0          0        152   poly.o
      3216        310        136          0          0        216   pow.o
         0          0          8          0          0          0   qnan.o
       232          0          0          0          0        296   sqrt.o
         0          0          0          0          0          0   entry.o
         0          0          0          0          0          0   entry10a.o
         0          0          0          0          0          0   entry11a.o
         8          4          0          0          0          0   entry2.o
         4          0          0          0          0          0   entry5.o
         0          0          0          0          0          0   entry7b.o
         0          0          0          0          0          0   entry8b.o
        12          6          0          4          0         68   errno.o
        30          0          0          0          0          0   handlers.o
        36          8          0          0          0         68   init.o
         0          0          0          0          0          0   iusefp.o
        30          0          0          0          0         68   llshl.o
        36          0          0          0          0         68   llsshr.o
        32          0          0          0          0         68   llushr.o
       372         16          0          0          0        180   printf1.o
        44          0          0          0          0         80   uidiv.o
        40          2          0          0          0         68   cdrcmple.o
        56          0          0          0          0         88   d2f.o
       334          0          0          0          0        148   dadd.o
       222          0          0          0          0        100   ddiv.o
       190          0          0          0          0        176   depilogue.o
        34          0          0          0          0         76   dflti.o
       228          0          0          0          0         96   dmul.o
        46          0          0          0          0         80   dscalb.o
       162          0          0          0          0        100   dsqrt.o
        38          0          0          0          0         68   f2d.o
       108          0          0          0          0        168   fepilogue.o

    ----------------------------------------------------------------------
     12420       1052        296         32         96      72166   Library Totals
        28          0          0          2          0          0   (incl. Padding)

    ----------------------------------------------------------------------

      Code (inc. data)   RO Data    RW Data    ZI Data      Debug   Library Name

      5282        526          0         26         96      68862   RTX_CM4.lib
      5048        490        296          0          0       1536   m_wm.l
       604         34          0          4          0        600   mc_w.l
      1458          2          0          0          0       1168   mf_w.l

    ----------------------------------------------------------------------
     12420       1052        296         32         96      72166   Library Totals

    ----------------------------------------------------------------------

==============================================================================


      Code (inc. data)   RO Data    RW Data    ZI Data      Debug   

     27384       1864        900        216      11736     470697   Grand Totals
     27384       1864        900        216      11736     470697   ELF Image Totals
     27384       1864        900        216          0          0   ROM Totals

==============================================================================

    Total RO  Size (Code + RO Data)                28284 (  27.62kB)
    Total RW  Size (RW Data + ZI Data)             11952 (  11.67kB)
    Total ROM Size (Code + RO Data + RW Data)      28500 (  27.83kB)

==============================================================================

