ARM Linker, 5.03 [Build 69] [MDK-ARM Standard]

==============================================================================

Section Cross References

    system_stm32f4xx.o(.text) refers to system_stm32f4xx.o(.data) for SystemCoreClock
    startup_stm32f4xx.o(RESET) refers to startup_stm32f4xx.o(STACK) for __initial_sp
    startup_stm32f4xx.o(RESET) refers to startup_stm32f4xx.o(.text) for Reset_Handler
    startup_stm32f4xx.o(RESET) refers to hal_cm4.o(.emb_text) for SVC_Handler
    startup_stm32f4xx.o(RESET) refers to keypadmanager.o(.text) for EXTI1_IRQHandler
    startup_stm32f4xx.o(RESET) refers to timer.o(.text) for TIM2_IRQHandler
    startup_stm32f4xx.o(.text) refers to system_stm32f4xx.o(.text) for SystemInit
    startup_stm32f4xx.o(.text) refers to entry.o(.ARM.Collect$$$$00000000) for __main
    rtx_conf_cm.o(.ARM.Collect$$$$000000FF) refers to rt_cmsis.o(i.osKernelStart) for osKernelStart
    rtx_conf_cm.o(.ARM.Collect$$$$000000FF) refers to rtx_conf_cm.o(.constdata) for .constdata
    rtx_conf_cm.o(.constdata) refers to rt_cmsis.o(i.osTimerThread) for osTimerThread
    rtx_conf_cm.o(.constdata) refers to rtx_conf_cm.o(.bss) for os_messageQ_q_osTimerMessageQ
    rtx_conf_cm.o(.constdata) refers to main.o(.text) for main
    main.o(.text) refers to lcdmanager.o(.text) for initializeLCD
    main.o(.constdata) refers to threads.o(.text) for accelerometer
    accelerometer.o(.text) refers to stm32f4_discovery_lis302dl.o(.text) for LIS302DL_Read
    accelerometer.o(.text) refers to stm32f4xx_rcc.o(.text) for RCC_AHB1PeriphClockCmd
    accelerometer.o(.text) refers to stm32f4xx_gpio.o(.text) for GPIO_Init
    accelerometer.o(.text) refers to stm32f4xx_syscfg.o(.text) for SYSCFG_EXTILineConfig
    accelerometer.o(.text) refers to accfilter.o(.text) for initializeAccFilter
    accelerometer.o(.text) refers to conversion.o(.text) for getAlpha
    accelerometer.o(.text) refers to dmul.o(.text) for __aeabi_dmul
    accelerometer.o(.text) refers to d2f.o(.text) for __aeabi_d2f
    accelerometer.o(.text) refers to rt_cmsis.o(i.osSignalWait) for osSignalWait
    accelerometer.o(.text) refers to rt_cmsis.o(i.osMutexWait) for osMutexWait
    accelerometer.o(.text) refers to rt_cmsis.o(i.osMutexRelease) for osMutexRelease
    accelerometer.o(.text) refers to rt_cmsis.o(i.osSignalSet) for osSignalSet
    accelerometer.o(.text) refers to led.o(.text) for flashLeds
    accelerometer.o(.text) refers to accelerometer.o(.bss) for correctionMatrix
    accelerometer.o(.text) refers to wireless.o(.data) for pitchRollMutex
    accelerometer.o(.text) refers to accelerometer.o(.data) for modeOfOperation
    accelerometer.o(.text) refers to main.o(.data) for tid_wireless
    led.o(.text) refers to stm32f4xx_rcc.o(.text) for RCC_AHB1PeriphClockCmd
    led.o(.text) refers to stm32f4xx_gpio.o(.text) for GPIO_Init
    timer.o(.text) refers to stm32f4xx_tim.o(.text) for TIM_GetITStatus
    timer.o(.text) refers to rt_cmsis.o(i.osSignalSet) for osSignalSet
    timer.o(.text) refers to stm32f4xx_rcc.o(.text) for RCC_APB1PeriphClockCmd
    timer.o(.text) refers to misc.o(.text) for NVIC_Init
    timer.o(.text) refers to stm32f4xx_gpio.o(.text) for GPIO_StructInit
    timer.o(.text) refers to timer.o(.data) for tid_acc
    timer.o(.text) refers to system_stm32f4xx.o(.data) for SystemCoreClock
    conversion.o(.text) refers to f2d.o(.text) for __aeabi_f2d
    conversion.o(.text) refers to pow.o(i.__hardfp_pow) for __hardfp_pow
    conversion.o(.text) refers to dadd.o(.text) for __aeabi_dadd
    conversion.o(.text) refers to sqrt.o(i.__hardfp_sqrt) for __hardfp_sqrt
    conversion.o(.text) refers to atan2.o(i.__hardfp_atan2) for __hardfp_atan2
    threads.o(.text) refers to accelerometer.o(.text) for initAccelerometer
    threads.o(.text) refers to wireless.o(.text) for init_wireless_chip
    threads.o(.text) refers to keypadmanager.o(.text) for scanManager
    threads.o(.text) refers to sequence.o(.text) for doSequences
    wireless.o(.text) refers to stm32f4xx_spi.o(.text) for SPI_I2S_GetFlagStatus
    wireless.o(.text) refers to stm32f4xx_gpio.o(.text) for GPIO_ResetBits
    wireless.o(.text) refers to stm32f4xx_rcc.o(.text) for RCC_APB1PeriphClockCmd
    wireless.o(.text) refers to rt_cmsis.o(i.osSignalWait) for osSignalWait
    wireless.o(.text) refers to rt_cmsis.o(i.osMutexWait) for osMutexWait
    wireless.o(.text) refers to rt_cmsis.o(i.osMutexRelease) for osMutexRelease
    wireless.o(.text) refers to wireless.o(.data) for TIMEOUT
    keypadmanager.o(.text) refers to printf1.o(i.__0printf$1) for __2printf
    keypadmanager.o(.text) refers to stm32f4xx_rcc.o(.text) for RCC_AHB1PeriphClockCmd
    keypadmanager.o(.text) refers to stm32f4xx_gpio.o(.text) for GPIO_StructInit
    keypadmanager.o(.text) refers to stm32f4xx_syscfg.o(.text) for SYSCFG_EXTILineConfig
    keypadmanager.o(.text) refers to stm32f4xx_exti.o(.text) for EXTI_Init
    keypadmanager.o(.text) refers to misc.o(.text) for NVIC_Init
[...]
    ../mathlib/qnan.c                        0x00000000   Number         0  qnan.o ABSOLUTE
    ../mathlib/sqrt.c                        0x00000000   Number         0  sqrt_x.o ABSOLUTE
    ../mathlib/sqrt.c                        0x00000000   Number         0  sqrt.o ABSOLUTE
    ../startup_stm32f4xx.s                   0x00000000   Number         0  startup_stm32f4xx.o ABSOLUTE
    ../system_stm32f4xx.c                    0x00000000   Number         0  system_stm32f4xx.o ABSOLUTE
    ..\HAL_CM.c                              0x00000000   Number         0  hal_cm.o ABSOLUTE
    ..\STM32F4xx_StdPeriph_Driver\src\misc.c 0x00000000   Number         0  misc.o ABSOLUTE
    ..\STM32F4xx_StdPeriph_Driver\src\stm32f4xx_adc.c 0x00000000   Number         0  stm32f4xx_adc.o ABSOLUTE
    ..\STM32F4xx_StdPeriph_Driver\src\stm32f4xx_can.c 0x00000000   Number         0  stm32f4xx_can.o ABSOLUTE
    ..\STM32F4xx_StdPeriph_Driver\src\stm32f4xx_crc.c 0x00000000   Number         0  stm32f4xx_crc.o ABSOLUTE
    ..\STM32F4xx_StdPeriph_Driver\src\stm32f4xx_cryp.c 0x00000000   Number         0  stm32f4xx_cryp.o ABSOLUTE
    ..\STM32F4xx_StdPeriph_Driver\src\stm32f4xx_cryp_aes.c 0x00000000   Number         0  stm32f4xx_cryp_aes.o ABSOLUTE
    ..\STM32F4xx_StdPeriph_Driver\src\stm32f4xx_cryp_des.c 0x00000000   Number         0  stm32f4xx_cryp_des.o ABSOLUTE
    ..\STM32F4xx_StdPeriph_Driver\src\stm32f4xx_cryp_tdes.c 0x00000000   Number         0  stm32f4xx_cryp_tdes.o ABSOLUTE
    ..\STM32F4xx_StdPeriph_Driver\src\stm32f4xx_dac.c 0x00000000   Number         0  stm32f4xx_dac.o ABSOLUTE
    ..\STM32F4xx_StdPeriph_Driver\src\stm32f4xx_dbgmcu.c 0x00000000   Number         0  stm32f4xx_dbgmcu.o ABSOLUTE
    ..\STM32F4xx_StdPeriph_Driver\src\stm32f4xx_dcmi.c 0x00000000   Number         0  stm32f4xx_dcmi.o ABSOLUTE
    ..\STM32F4xx_StdPeriph_Driver\src\stm32f4xx_dma.c 0x00000000   Number         0  stm32f4xx_dma.o ABSOLUTE
    ..\STM32F4xx_StdPeriph_Driver\src\stm32f4xx_exti.c 0x00000000   Number         0  stm32f4xx_exti.o ABSOLUTE
    ..\STM32F4xx_StdPeriph_Driver\src\stm32f4xx_flash.c 0x00000000   Number         0  stm32f4xx_flash.o ABSOLUTE
    ..\STM32F4xx_StdPeriph_Driver\src\stm32f4xx_fsmc.c 0x00000000   Number         0  stm32f4xx_fsmc.o ABSOLUTE
    ..\STM32F4xx_StdPeriph_Driver\src\stm32f4xx_gpio.c 0x00000000   Number         0  stm32f4xx_gpio.o ABSOLUTE
    ..\STM32F4xx_StdPeriph_Driver\src\stm32f4xx_hash.c 0x00000000   Number         0  stm32f4xx_hash.o ABSOLUTE
    ..\STM32F4xx_StdPeriph_Driver\src\stm32f4xx_hash_md5.c 0x00000000   Number         0  stm32f4xx_hash_md5.o ABSOLUTE
    ..\STM32F4xx_StdPeriph_Driver\src\stm32f4xx_hash_sha1.c 0x00000000   Number         0  stm32f4xx_hash_sha1.o ABSOLUTE
    ..\STM32F4xx_StdPeriph_Driver\src\stm32f4xx_i2c.c 0x00000000   Number         0  stm32f4xx_i2c.o ABSOLUTE
    ..\STM32F4xx_StdPeriph_Driver\src\stm32f4xx_iwdg.c 0x00000000   Number         0  stm32f4xx_iwdg.o ABSOLUTE
    ..\STM32F4xx_StdPeriph_Driver\src\stm32f4xx_pwr.c 0x00000000   Number         0  stm32f4xx_pwr.o ABSOLUTE
    ..\STM32F4xx_StdPeriph_Driver\src\stm32f4xx_rcc.c 0x00000000   Number         0  stm32f4xx_rcc.o ABSOLUTE
    ..\STM32F4xx_StdPeriph_Driver\src\stm32f4xx_rng.c 0x00000000   Number         0  stm32f4xx_rng.o ABSOLUTE
    ..\STM32F4xx_StdPeriph_Driver\src\stm32f4xx_rtc.c 0x00000000   Number         0  stm32f4xx_rtc.o ABSOLUTE
    ..\STM32F4xx_StdPeriph_Driver\src\stm32f4xx_sdio.c 0x00000000   Number         0  stm32f4xx_sdio.o ABSOLUTE
    ..\STM32F4xx_StdPeriph_Driver\src\stm32f4xx_spi.c 0x00000000   Number         0  stm32f4xx_spi.o ABSOLUTE
    ..\STM32F4xx_StdPeriph_Driver\src\stm32f4xx_syscfg.c 0x00000000   Number         0  stm32f4xx_syscfg.o ABSOLUTE
    ..\STM32F4xx_StdPeriph_Driver\src\stm32f4xx_tim.c 0x00000000   Number         0  stm32f4xx_tim.o ABSOLUTE
    ..\STM32F4xx_StdPeriph_Driver\src\stm32f4xx_usart.c 0x00000000   Number         0  stm32f4xx_usart.o ABSOLUTE
    ..\STM32F4xx_StdPeriph_Driver\src\stm32f4xx_wwdg.c 0x00000000   Number         0  stm32f4xx_wwdg.o ABSOLUTE
    ..\\STM32F4xx_StdPeriph_Driver\\src\\misc.c 0x00000000   Number         0  misc.o ABSOLUTE
    ..\\STM32F4xx_StdPeriph_Driver\\src\\stm32f4xx_adc.c 0x00000000   Number         0  stm32f4xx_adc.o ABSOLUTE
    ..\\STM32F4xx_StdPeriph_Driver\\src\\stm32f4xx_can.c 0x00000000   Number         0  stm32f4xx_can.o ABSOLUTE
    ..\\STM32F4xx_StdPeriph_Driver\\src\\stm32f4xx_crc.c 0x00000000   Number         0  stm32f4xx_crc.o ABSOLUTE
    ..\\STM32F4xx_StdPeriph_Driver\\src\\stm32f4xx_cryp.c 0x00000000   Number         0  stm32f4xx_cryp.o ABSOLUTE
    ..\\STM32F4xx_StdPeriph_Driver\\src\\stm32f4xx_cryp_aes.c 0x00000000   Number         0  stm32f4xx_cryp_aes.o ABSOLUTE
    ..\\STM32F4xx_StdPeriph_Driver\\src\\stm32f4xx_cryp_des.c 0x00000000   Number         0  stm32f4xx_cryp_des.o ABSOLUTE
    ..\\STM32F4xx_StdPeriph_Driver\\src\\stm32f4xx_cryp_tdes.c 0x00000000   Number         0  stm32f4xx_cryp_tdes.o ABSOLUTE
    ..\\STM32F4xx_StdPeriph_Driver\\src\\stm32f4xx_dac.c 0x00000000   Number         0  stm32f4xx_dac.o ABSOLUTE
    ..\\STM32F4xx_StdPeriph_Driver\\src\\stm32f4xx_dbgmcu.c 0x00000000   Number         0  stm32f4xx_dbgmcu.o ABSOLUTE
    ..\\STM32F4xx_StdPeriph_Driver\\src\\stm32f4xx_dcmi.c 0x00000000   Number         0  stm32f4xx_dcmi.o ABSOLUTE
    ..\\STM32F4xx_StdPeriph_Driver\\src\\stm32f4xx_dma.c 0x00000000   Number         0  stm32f4xx_dma.o ABSOLUTE
    ..\\STM32F4xx_StdPeriph_Driver\\src\\stm32f4xx_exti.c 0x00000000   Number         0  stm32f4xx_exti.o ABSOLUTE
    ..\\STM32F4xx_StdPeriph_Driver\\src\\stm32f4xx_flash.c 0x00000000   Number         0  stm32f4xx_flash.o ABSOLUTE
    ..\\STM32F4xx_StdPeriph_Driver\\src\\stm32f4xx_fsmc.c 0x00000000   Number         0  stm32f4xx_fsmc.o ABSOLUTE
    ..\\STM32F4xx_StdPeriph_Driver\\src\\stm32f4xx_gpio.c 0x00000000   Number         0  stm32f4xx_gpio.o ABSOLUTE
    ..\\STM32F4xx_StdPeriph_Driver\\src\\stm32f4xx_hash.c 0x00000000   Number         0  stm32f4xx_hash.o ABSOLUTE
    ..\\STM32F4xx_StdPeriph_Driver\\src\\stm32f4xx_hash_md5.c 0x00000000   Number         0  stm32f4xx_hash_md5.o ABSOLUTE
    ..\\STM32F4xx_StdPeriph_Driver\\src\\stm32f4xx_hash_sha1.c 0x00000000   Number         0  stm32f4xx_hash_sha1.o ABSOLUTE
    ..\\STM32F4xx_StdPeriph_Driver\\src\\stm32f4xx_i2c.c 0x00000000   Number         0  stm32f4xx_i2c.o ABSOLUTE
    ..\\STM32F4xx_StdPeriph_Driver\\src\\stm32f4xx_iwdg.c 0x00000000   Number         0  stm32f4xx_iwdg.o ABSOLUTE
    ..\\STM32F4xx_StdPeriph_Driver\\src\\stm32f4xx_pwr.c 0x00000000   Number         0  stm32f4xx_pwr.o ABSOLUTE
    ..\\STM32F4xx_StdPeriph_Driver\\src\\stm32f4xx_rcc.c 0x00000000   Number         0  stm32f4xx_rcc.o ABSOLUTE
    ..\\STM32F4xx_StdPeriph_Driver\\src\\stm32f4xx_rng.c 0x00000000   Number         0  stm32f4xx_rng.o ABSOLUTE
    ..\\STM32F4xx_StdPeriph_Driver\\src\\stm32f4xx_rtc.c 0x00000000   Number         0  stm32f4xx_rtc.o ABSOLUTE
    ..\\STM32F4xx_StdPeriph_Driver\\src\\stm32f4xx_sdio.c 0x00000000   Number         0  stm32f4xx_sdio.o ABSOLUTE
    ..\\STM32F4xx_StdPeriph_Driver\\src\\stm32f4xx_spi.c 0x00000000   Number         0  stm32f4xx_spi.o ABSOLUTE
    ..\\STM32F4xx_StdPeriph_Driver\\src\\stm32f4xx_syscfg.c 0x00000000   Number         0  stm32f4xx_syscfg.o ABSOLUTE
    ..\\STM32F4xx_StdPeriph_Driver\\src\\stm32f4xx_tim.c 0x00000000   Number         0  stm32f4xx_tim.o ABSOLUTE
    ..\\STM32F4xx_StdPeriph_Driver\\src\\stm32f4xx_usart.c 0x00000000   Number         0  stm32f4xx_usart.o ABSOLUTE
    ..\\STM32F4xx_StdPeriph_Driver\\src\\stm32f4xx_wwdg.c 0x00000000   Number         0  stm32f4xx_wwdg.o ABSOLUTE
    ..\\accelerometer.c                      0x00000000   Number         0  accelerometer.o ABSOLUTE
    ..\\conversion.c                         0x00000000   Number         0  conversion.o ABSOLUTE
    ..\\fputc_debug.c                        0x00000000   Number         0  fputc_debug.o ABSOLUTE
    ..\\keypadManager.c                      0x00000000   Number         0  keypadmanager.o ABSOLUTE
    ..\\lcdManager.c                         0x00000000   Number         0  lcdmanager.o ABSOLUTE
    ..\\led.c                                0x00000000   Number         0  led.o ABSOLUTE
    ..\\rt_CMSIS.c                           0x00000000   Number         0  rt_cmsis.o ABSOLUTE
    ..\\rt_System.c                          0x00000000   Number         0  rt_system.o ABSOLUTE
    ..\\sequence.c                           0x00000000   Number         0  sequence.o ABSOLUTE
    ..\\stm32f4_discovery_lis302dl.c         0x00000000   Number         0  stm32f4_discovery_lis302dl.o ABSOLUTE
    ..\\threads.c                            0x00000000   Number         0  threads.o ABSOLUTE
    ..\\timer.c                              0x00000000   Number         0  timer.o ABSOLUTE
    ..\\wireless.c                           0x00000000   Number         0  wireless.o ABSOLUTE
    ..\accFilter.c                           0x00000000   Number         0  accfilter.o ABSOLUTE
    ..\accelerometer.c                       0x00000000   Number         0  accelerometer.o ABSOLUTE
    ..\conversion.c                          0x00000000   Number         0  conversion.o ABSOLUTE
    ..\fputc_debug.c                         0x00000000   Number         0  fputc_debug.o ABSOLUTE
    ..\keypadManager.c                       0x00000000   Number         0  keypadmanager.o ABSOLUTE
    ..\lcdManager.c                          0x00000000   Number         0  lcdmanager.o ABSOLUTE
    ..\led.c                                 0x00000000   Number         0  led.o ABSOLUTE
    ..\main.c                                0x00000000   Number         0  main.o ABSOLUTE
    ..\rt_CMSIS.c                            0x00000000   Number         0  rt_cmsis.o ABSOLUTE
    ..\rt_Event.c                            0x00000000   Number         0  rt_event.o ABSOLUTE
    ..\rt_List.c                             0x00000000   Number         0  rt_list.o ABSOLUTE
    ..\rt_Mailbox.c                          0x00000000   Number         0  rt_mailbox.o ABSOLUTE
    ..\rt_MemBox.c                           0x00000000   Number         0  rt_membox.o ABSOLUTE
    ..\rt_Memory.c                           0x00000000   Number         0  rt_memory.o ABSOLUTE
    ..\rt_Mutex.c                            0x00000000   Number         0  rt_mutex.o ABSOLUTE
    ..\rt_Robin.c                            0x00000000   Number         0  rt_robin.o ABSOLUTE
    ..\rt_Semaphore.c                        0x00000000   Number         0  rt_semaphore.o ABSOLUTE
    ..\rt_System.c                           0x00000000   Number         0  rt_system.o ABSOLUTE
    ..\rt_Task.c                             0x00000000   Number         0  rt_task.o ABSOLUTE
    ..\rt_Time.c                             0x00000000   Number         0  rt_time.o ABSOLUTE
    ..\sequence.c                            0x00000000   Number         0  sequence.o ABSOLUTE
    ..\stm32f4_discovery_lis302dl.c          0x00000000   Number         0  stm32f4_discovery_lis302dl.o ABSOLUTE
    ..\system_stm32f4xx.c                    0x00000000   Number         0  system_stm32f4xx.o ABSOLUTE
    ..\threads.c                             0x00000000   Number         0  threads.o ABSOLUTE
    ..\timer.c                               0x00000000   Number         0  timer.o ABSOLUTE
    ..\wireless.c                            0x00000000   Number         0  wireless.o ABSOLUTE
    HAL_CM4.c                                0x00000000   Number         0  hal_cm4.o ABSOLUTE
    HAL_CM4.c                                0x00000000   Number         0  hal_cm4.o ABSOLUTE
    SVC_Table.s                              0x00000000   Number         0  SVC_Table.o ABSOLUTE
    cdcmple.s                                0x00000000   Number         0  cdcmple.o ABSOLUTE
    cdrcmple.s                               0x00000000   Number         0  cdrcmple.o ABSOLUTE
    dc.s                                     0x00000000   Number         0  dc.o ABSOLUTE
    handlers.s                               0x00000000   Number         0  handlers.o ABSOLUTE
    init.s                                   0x00000000   Number         0  init.o ABSOLUTE
    RESET                                    0x08000000   Section      392  startup_stm32f4xx.o(RESET)
    .ARM.Collect$$$$00000000                 0x08000188   Section        0  entry.o(.ARM.Collect$$$$00000000)
    .ARM.Collect$$$$00000001                 0x08000188   Section        4  entry2.o(.ARM.Collect$$$$00000001)
    .ARM.Collect$$$$00000004                 0x0800018c   Section        4  entry5.o(.ARM.Collect$$$$00000004)
    .ARM.Collect$$$$00000008                 0x08000190   Section        0  entry7b.o(.ARM.Collect$$$$00000008)
    .ARM.Collect$$$$0000000A                 0x08000190   Section        0  entry8b.o(.ARM.Collect$$$$0000000A)
    .ARM.Collect$$$$0000000D                 0x08000190   Section        0  entry10a.o(.ARM.Collect$$$$0000000D)
    .ARM.Collect$$$$0000000F                 0x08000190   Section        0  entry11a.o(.ARM.Collect$$$$0000000F)
    .ARM.Collect$$$$000000FF                 0x08000190   Section        0  rtx_conf_cm.o(.ARM.Collect$$$$000000FF)
    .ARM.Collect$$$$00002712                 0x080001a0   Section        4  entry2.o(.ARM.Collect$$$$00002712)
    __lit__00000000                          0x080001a0   Data           4  entry2.o(.ARM.Collect$$$$00002712)
    .emb_text                                0x080001a4   Section      372  hal_cm4.o(.emb_text)
    $v0                                      0x080001a4   Number         0  hal_cm4.o(.emb_text)
    .text                                    0x08000318   Section        0  system_stm32f4xx.o(.text)
    SetSysClock                              0x08000319   Thumb Code   218  system_stm32f4xx.o(.text)
    .text                                    0x08000524   Section       36  startup_stm32f4xx.o(.text)
    $v0                                      0x08000524   Number         0  startup_stm32f4xx.o(.text)
    .text                                    0x08000548   Section        0  rtx_conf_cm.o(.text)
    .text                                    0x08000550   Section        0  main.o(.text)
    .text                                    0x0800055c   Section        0  timer.o(.text)
    .text                                    0x0800077c   Section        0  keypadmanager.o(.text)
    .text                                    0x08000ba8   Section        0  lcdmanager.o(.text)
    .text                                    0x080010ec   Section        0  fputc_debug.o(.text)
    ITM_SendChar                             0x080010ed   Thumb Code    42  fputc_debug.o(.text)
    .text                                    0x08001138   Section        0  misc.o(.text)
    .text                                    0x0800121c   Section        0  stm32f4xx_exti.o(.text)
    .text                                    0x08001338   Section        0  stm32f4xx_gpio.o(.text)
    .text                                    0x08001594   Section        0  stm32f4xx_rcc.o(.text)
    .text                                    0x08001b1c   Section        0  stm32f4xx_syscfg.o(.text)
    .text                                    0x08001ba8   Section        0  stm32f4xx_tim.o(.text)
    TI4_Config                               0x08002347   Thumb Code    80  stm32f4xx_tim.o(.text)
    TI3_Config                               0x080023a9   Thumb Code    72  stm32f4xx_tim.o(.text)
    TI2_Config                               0x0800240b   Thumb Code    90  stm32f4xx_tim.o(.text)
    TI1_Config                               0x08002477   Thumb Code    58  stm32f4xx_tim.o(.text)
    .text                                    0x0800284a   Section        0  uidiv.o(.text)
    .text                                    0x08002878   Section       36  init.o(.text)
    SVC_TABLE                                0x0800289c   Section        4  SVC_Table.o(SVC_TABLE)
    i.__0printf$1                            0x080028a0   Section        0  printf1.o(i.__0printf$1)
    i.__scatterload_copy                     0x080028c0   Section       14  handlers.o(i.__scatterload_copy)
    i.__scatterload_null                     0x080028ce   Section        2  handlers.o(i.__scatterload_null)
    i.__scatterload_zeroinit                 0x080028d0   Section       14  handlers.o(i.__scatterload_zeroinit)
    i._init_box                              0x080028de   Section        0  rt_membox.o(i._init_box)
    i._printf_core                           0x08002924   Section        0  printf1.o(i._printf_core)
    _printf_core                             0x08002925   Thumb Code   334  printf1.o(i._printf_core)
    i.dbg_init                               0x08002a78   Section        0  hal_cm.o(i.dbg_init)
    i.dbg_task_notify                        0x08002aa8   Section        0  hal_cm.o(i.dbg_task_notify)
    i.dbg_task_switch                        0x08002ac8   Section        0  hal_cm.o(i.dbg_task_switch)
    i.isrMessagePut                          0x08002ad8   Section        0  rt_cmsis.o(i.isrMessagePut)
    isrMessagePut                            0x08002ad9   Thumb Code    44  rt_cmsis.o(i.isrMessagePut)
    i.isr_evt_set                            0x08002b04   Section        0  rt_event.o(i.isr_evt_set)
    i.isr_mbx_receive                        0x08002b2c   Section        0  rt_mailbox.o(i.isr_mbx_receive)
    i.isr_mbx_send                           0x08002b7c   Section        0  rt_mailbox.o(i.isr_mbx_send)
    i.osDelay                                0x08002b8c   Section        0  rt_cmsis.o(i.osDelay)
    i.osKernelStart                          0x08002ba4   Section        0  rt_cmsis.o(i.osKernelStart)
    i.osMessageGet                           0x08002c0c   Section        0  rt_cmsis.o(i.osMessageGet)
    i.osSignalSet                            0x08002c50   Section        0  rt_cmsis.o(i.osSignalSet)
    i.osThreadExit                           0x08002c84   Section        0  rt_cmsis.o(i.osThreadExit)
    i.osTimerCall                            0x08002c9c   Section        0  rt_cmsis.o(i.osTimerCall)
    i.osTimerThread                          0x08002ca8   Section        0  rt_cmsis.o(i.osTimerThread)
    i.rt_alloc_box                           0x08002cd4   Section        0  rt_membox.o(i.rt_alloc_box)
    i.rt_alloc_mem                           0x08002cf0   Section        0  rt_memory.o(i.rt_alloc_mem)
    i.rt_block                               0x08002d2c   Section        0  rt_task.o(i.rt_block)
    i.rt_chk_robin                           0x08002d64   Section        0  rt_robin.o(i.rt_chk_robin)
    i.rt_dec_dly                             0x08002dac   Section        0  rt_list.o(i.rt_dec_dly)
    i.rt_dispatch                            0x08002e1c   Section        0  rt_task.o(i.rt_dispatch)
    i.rt_dly_wait                            0x08002e60   Section        0  rt_time.o(i.rt_dly_wait)
    i.rt_evt_psh                             0x08002e68   Section        0  rt_event.o(i.rt_evt_psh)
    i.rt_evt_set                             0x08002eb8   Section        0  rt_event.o(i.rt_evt_set)
    i.rt_free_box                            0x08002f14   Section        0  rt_membox.o(i.rt_free_box)
    i.rt_free_mem                            0x08002f34   Section        0  rt_memory.o(i.rt_free_mem)
    i.rt_get_first                           0x08002f5c   Section        0  rt_list.o(i.rt_get_first)
    i.rt_id2obj                              0x08002f84   Section        0  rt_cmsis.o(i.rt_id2obj)
    rt_id2obj                                0x08002f85   Thumb Code     8  rt_cmsis.o(i.rt_id2obj)
    i.rt_init_context                        0x08002f8c   Section        0  rt_task.o(i.rt_init_context)
    rt_init_context                          0x08002f8d   Thumb Code    60  rt_task.o(i.rt_init_context)
    i.rt_init_mem                            0x08002fcc   Section        0  rt_memory.o(i.rt_init_mem)
    i.rt_init_robin                          0x08002fe8   Section        0  rt_robin.o(i.rt_init_robin)
    i.rt_init_stack                          0x08003000   Section        0  hal_cm.o(i.rt_init_stack)
    i.rt_mbx_check                           0x08003050   Section        0  rt_mailbox.o(i.rt_mbx_check)
    i.rt_mbx_init                            0x08003058   Section        0  rt_mailbox.o(i.rt_mbx_init)
    i.rt_mbx_psh                             0x08003074   Section        0  rt_mailbox.o(i.rt_mbx_psh)
    i.rt_mbx_wait                            0x08003170   Section        0  rt_mailbox.o(i.rt_mbx_wait)
    i.rt_ms2tick                             0x08003224   Section        0  rt_cmsis.o(i.rt_ms2tick)
    rt_ms2tick                               0x08003225   Thumb Code    50  rt_cmsis.o(i.rt_ms2tick)
    i.rt_pop_req                             0x08003260   Section        0  rt_system.o(i.rt_pop_req)
    i.rt_psh_req                             0x080032d8   Section        0  rt_system.o(i.rt_psh_req)
    i.rt_psq_enq                             0x080032f8   Section        0  rt_list.o(i.rt_psq_enq)
    i.rt_put_dly                             0x08003350   Section        0  rt_list.o(i.rt_put_dly)
    i.rt_put_prio                            0x080033ac   Section        0  rt_list.o(i.rt_put_prio)
    i.rt_put_rdy_first                       0x080033e4   Section        0  rt_list.o(i.rt_put_rdy_first)
    i.rt_ret_regs                            0x080033f8   Section        0  hal_cm.o(i.rt_ret_regs)
    rt_ret_regs                              0x080033f9   Thumb Code    16  hal_cm.o(i.rt_ret_regs)
    i.rt_ret_val                             0x08003408   Section        0  hal_cm.o(i.rt_ret_val)
    i.rt_ret_val2                            0x08003414   Section        0  hal_cm.o(i.rt_ret_val2)
    i.rt_rmv_dly                             0x08003424   Section        0  rt_list.o(i.rt_rmv_dly)
    i.rt_rmv_list                            0x0800344c   Section        0  rt_list.o(i.rt_rmv_list)
    i.rt_sem_psh                             0x0800347c   Section        0  rt_semaphore.o(i.rt_sem_psh)
    i.rt_stk_check                           0x080034b0   Section        0  rt_system.o(i.rt_stk_check)
    i.rt_switch_req                          0x080034d4   Section        0  rt_task.o(i.rt_switch_req)
    i.rt_sys_init                            0x080034fc   Section        0  rt_task.o(i.rt_sys_init)
    i.rt_systick                             0x0800363c   Section        0  rt_system.o(i.rt_systick)
    i.rt_tid2ptcb                            0x08003678   Section        0  rt_cmsis.o(i.rt_tid2ptcb)
    rt_tid2ptcb                              0x08003679   Thumb Code    18  rt_cmsis.o(i.rt_tid2ptcb)
    i.rt_timer_insert                        0x0800368c   Section        0  rt_cmsis.o(i.rt_timer_insert)
    rt_timer_insert                          0x0800368d   Thumb Code    56  rt_cmsis.o(i.rt_timer_insert)
    i.rt_tsk_create                          0x080036c8   Section        0  rt_task.o(i.rt_tsk_create)
    i.rt_tsk_delete                          0x08003748   Section        0  rt_task.o(i.rt_tsk_delete)
    i.rt_tsk_self                            0x080037f4   Section        0  rt_task.o(i.rt_tsk_self)
    i.svcDelay                               0x08003804   Section        0  rt_cmsis.o(i.svcDelay)
    i.svcKernelStart                         0x08003818   Section        0  rt_cmsis.o(i.svcKernelStart)
    i.svcMessageCreate                       0x080038ec   Section        0  rt_cmsis.o(i.svcMessageCreate)
    i.svcMessageGet                          0x08003910   Section        0  rt_cmsis.o(i.svcMessageGet)
    i.svcSignalSet                           0x0800394a   Section        0  rt_cmsis.o(i.svcSignalSet)
    i.svcThreadCreate                        0x08003970   Section        0  rt_cmsis.o(i.svcThreadCreate)
    i.svcThreadGetId                         0x080039e0   Section        0  rt_cmsis.o(i.svcThreadGetId)
    i.svcThreadTerminate                     0x080039fc   Section        0  rt_cmsis.o(i.svcThreadTerminate)
    i.svcTimerCall                           0x08003a34   Section        0  rt_cmsis.o(i.svcTimerCall)
    i.sysTimerTick                           0x08003a4c   Section        0  rt_cmsis.o(i.sysTimerTick)
    .constdata                               0x08003aa0   Section       88  rtx_conf_cm.o(.constdata)
    __tagsym$$used                           0x08003ab4   Number         0  rtx_conf_cm.o(.constdata)
    __tagsym$$used                           0x08003ab8   Number         0  rtx_conf_cm.o(.constdata)
    .bss                                     0x10000000   Section    10400  rtx_conf_cm.o(.bss)
    .data                                    0x20000000   Section       20  system_stm32f4xx.o(.data)
    .data                                    0x20000014   Section       16  rtx_conf_cm.o(.data)
    .data                                    0x20000024   Section       13  accelerometer.o(.data)
    G                                        0x20000024   Data           4  accelerometer.o(.data)
    ticks                                    0x20000028   Data           4  accelerometer.o(.data)
    frequencyDivisions                       0x2000002c   Data           4  accelerometer.o(.data)
    .data                                    0x20000034   Section        4  timer.o(.data)
    .data                                    0x20000038   Section       21  keypadmanager.o(.data)
    .data                                    0x2000004d   Section        1  lcdmanager.o(.data)
    .data                                    0x20000050   Section        8  fputc_debug.o(.data)
    .data                                    0x20000058   Section       13  sequence.o(.data)
    G                                        0x20000058   Data           4  sequence.o(.data)
    ticks                                    0x2000005c   Data           4  sequence.o(.data)
    frequencyDivisions                       0x20000060   Data           4  sequence.o(.data)
    .data                                    0x20000065   Section       16  stm32f4xx_rcc.o(.data)
    APBAHBPrescTable                         0x20000065   Data          16  stm32f4xx_rcc.o(.data)
    .data                                    0x20000078   Section        4  rt_cmsis.o(.data)
    .data                                    0x2000007c   Section        8  rt_task.o(.data)
    .data                                    0x20000084   Section        3  rt_system.o(.data)
    os_lock                                  0x20000084   Data           1  rt_system.o(.data)
    os_psh_flag                              0x20000085   Data           1  rt_system.o(.data)
    pend_flags                               0x20000086   Data           1  rt_system.o(.data)
    .data                                    0x20000088   Section        2  rt_time.o(.data)
    .data                                    0x2000008a   Section        1  hal_cm.o(.data)
    .data                                    0x2000008c   Section        8  rt_robin.o(.data)
    .bss                                     0x20000094   Section       48  rt_task.o(.bss)
    .bss                                     0x200000c4   Section       48  rt_list.o(.bss)
    STACK                                    0x200000f8   Section     1024  startup_stm32f4xx.o(STACK)

    Global Symbols

    Symbol Name                              Value     Ov Type        Size  Object(Section)

    BuildAttributes$$THM_ISAv4$E$P$D$K$B$S$7EM$VFPi3$EXTD16$VFPS$VFMA$PE$A:L22UL41UL21$X:L11$S22US41US21$IEEE1$IW$USESV6$~STKCKD$USESV7$~SHL$OTIME$ROPI$IEEEX$EBA8$MICROLIB$REQ8$PRES8$EABIv2 0x00000000   Number         0  anon$$obj.o ABSOLUTE
    __ARM_use_no_argv                        0x00000000   Number         0  main.o ABSOLUTE
    __use_no_errno                           0x00000000   Number         0  useno.o ABSOLUTE
    __use_no_exception_handling              0x00000000   Number         0  useno.o ABSOLUTE
    __use_no_fp                              0x00000000   Number         0  useno.o ABSOLUTE
    __use_no_heap                            0x00000000   Number         0  useno.o ABSOLUTE
    __use_no_heap_region                     0x00000000   Number         0  useno.o ABSOLUTE
    __use_no_semihosting                     0x00000000   Number         0  useno.o ABSOLUTE
    __use_no_semihosting_swi                 0x00000000   Number         0  useno.o ABSOLUTE
    __use_no_signal_handling                 0x00000000   Number         0  useno.o ABSOLUTE
    _printf_a                                0x00000000   Number         0  stubs.o ABSOLUTE
    _printf_c                                0x00000000   Number         0  stubs.o ABSOLUTE
    _printf_charcount                        0x00000000   Number         0  stubs.o ABSOLUTE
    _printf_d                                0x00000000   Number         0  stubs.o ABSOLUTE
    _printf_e                                0x00000000   Number         0  stubs.o ABSOLUTE
    _printf_f                                0x00000000   Number         0  stubs.o ABSOLUTE
    _printf_flags                            0x00000000   Number         0  stubs.o ABSOLUTE
    _printf_fp_dec                           0x00000000   Number         0  stubs.o ABSOLUTE
    _printf_fp_hex                           0x00000000   Number         0  stubs.o ABSOLUTE
    _printf_g                                0x00000000   Number         0  stubs.o ABSOLUTE
    _printf_i                                0x00000000   Number         0  stubs.o ABSOLUTE
    _printf_int_dec                          0x00000000   Number         0  stubs.o ABSOLUTE
    _printf_l                                0x00000000   Number         0  stubs.o ABSOLUTE
    _printf_lc                               0x00000000   Number         0  stubs.o ABSOLUTE
    _printf_ll                               0x00000000   Number         0  stubs.o ABSOLUTE
    _printf_lld                              0x00000000   Number         0  stubs.o ABSOLUTE
    _printf_lli                              0x00000000   Number         0  stubs.o ABSOLUTE
    _printf_llo                              0x00000000   Number         0  stubs.o ABSOLUTE
    _printf_llu                              0x00000000   Number         0  stubs.o ABSOLUTE
    _printf_llx                              0x00000000   Number         0  stubs.o ABSOLUTE
    _printf_longlong_dec                     0x00000000   Number         0  stubs.o ABSOLUTE
    _printf_longlong_hex                     0x00000000   Number         0  stubs.o ABSOLUTE
    _printf_longlong_oct                     0x00000000   Number         0  stubs.o ABSOLUTE
    _printf_ls                               0x00000000   Number         0  stubs.o ABSOLUTE
    _printf_mbtowc                           0x00000000   Number         0  stubs.o ABSOLUTE
    _printf_n                                0x00000000   Number         0  stubs.o ABSOLUTE
    _printf_o                                0x00000000   Number         0  stubs.o ABSOLUTE
    _printf_p                                0x00000000   Number         0  stubs.o ABSOLUTE
    _printf_percent                          0x00000000   Number         0  stubs.o ABSOLUTE
    _printf_pre_padding                      0x00000000   Number         0  stubs.o ABSOLUTE
    _printf_return_value                     0x00000000   Number         0  stubs.o ABSOLUTE
    _printf_s                                0x00000000   Number         0  stubs.o ABSOLUTE
    _printf_sizespec                         0x00000000   Number         0  stubs.o ABSOLUTE
    _printf_str                              0x00000000   Number         0  stubs.o ABSOLUTE
    _printf_truncate_signed                  0x00000000   Number         0  stubs.o ABSOLUTE
    _printf_truncate_unsigned                0x00000000   Number         0  stubs.o ABSOLUTE
    _printf_u                                0x00000000   Number         0  stubs.o ABSOLUTE
    _printf_wc                               0x00000000   Number         0  stubs.o ABSOLUTE
    _printf_wctomb                           0x00000000   Number         0  stubs.o ABSOLUTE
    _printf_widthprec                        0x00000000   Number         0  stubs.o ABSOLUTE
    _printf_x                                0x00000000   Number         0  stubs.o ABSOLUTE
    __cpp_initialize__aeabi_                  - Undefined Weak Reference
    __cxa_finalize                            - Undefined Weak Reference
    __decompress                              - Undefined Weak Reference
    _clock_init                               - Undefined Weak Reference
    _microlib_exit                            - Undefined Weak Reference
    __Vectors_Size                           0x00000188   Number         0  startup_stm32f4xx.o ABSOLUTE
    __RL_RTX_VER                             0x00000422   Number         0  rt_system.o ABSOLUTE
    __Vectors                                0x08000000   Data           4  startup_stm32f4xx.o(RESET)
    __Vectors_End                            0x08000188   Data           0  startup_stm32f4xx.o(RESET)
    __main                                   0x08000189   Thumb Code     0  entry.o(.ARM.Collect$$$$00000000)
    _main_stk                                0x08000189   Thumb Code     0  entry2.o(.ARM.Collect$$$$00000001)
    _main_scatterload                        0x0800018d   Thumb Code     0  entry5.o(.ARM.Collect$$$$00000004)
    __main_after_scatterload                 0x08000191   Thumb Code     0  entry5.o(.ARM.Collect$$$$00000004)
    __rt_final_cpp                           0x08000191   Thumb Code     0  entry10a.o(.ARM.Collect$$$$0000000D)
    __rt_final_exit                          0x08000191   Thumb Code     0  entry11a.o(.ARM.Collect$$$$0000000F)
    _main_clock                              0x08000191   Thumb Code     0  entry7b.o(.ARM.Collect$$$$00000008)
    _main_cpp_init                           0x08000191   Thumb Code     0  entry8b.o(.ARM.Collect$$$$0000000A)
    _main_init                               0x08000191   Thumb Code    10  rtx_conf_cm.o(.ARM.Collect$$$$000000FF)
    rt_set_PSP                               0x080001a5   Thumb Code     6  hal_cm4.o(.emb_text)
    os_set_env                               0x080001ab   Thumb Code    26  hal_cm4.o(.emb_text)
    _alloc_box                               0x080001c9   Thumb Code    28  hal_cm4.o(.emb_text)
    _free_box                                0x080001e9   Thumb Code    28  hal_cm4.o(.emb_text)
    SVC_Handler                              0x08000209   Thumb Code   152  hal_cm4.o(.emb_text)
    PendSV_Handler                           0x080002ad   Thumb Code     0  hal_cm4.o(.emb_text)
    Sys_Handler                              0x080002ad   Thumb Code   104  hal_cm4.o(.emb_text)
    SysTick_Handler                          0x0800030d   Thumb Code     0  hal_cm4.o(.emb_text)
    SystemInit                               0x080003f3   Thumb Code    88  system_stm32f4xx.o(.text)
    SystemCoreClockUpdate                    0x0800044b   Thumb Code   174  system_stm32f4xx.o(.text)
    Reset_Handler                            0x08000525   Thumb Code     8  startup_stm32f4xx.o(.text)
    NMI_Handler                              0x0800052d   Thumb Code     2  startup_stm32f4xx.o(.text)
    HardFault_Handler                        0x0800052f   Thumb Code     2  startup_stm32f4xx.o(.text)
    MemManage_Handler                        0x08000531   Thumb Code     2  startup_stm32f4xx.o(.text)
    BusFault_Handler                         0x08000533   Thumb Code     2  startup_stm32f4xx.o(.text)
    UsageFault_Handler                       0x08000535   Thumb Code     2  startup_stm32f4xx.o(.text)
    DebugMon_Handler                         0x08000539   Thumb Code     2  startup_stm32f4xx.o(.text)
    ADC_IRQHandler                           0x0800053f   Thumb Code     0  startup_stm32f4xx.o(.text)
    CAN1_RX0_IRQHandler                      0x0800053f   Thumb Code     0  startup_stm32f4xx.o(.text)
    CAN1_RX1_IRQHandler                      0x0800053f   Thumb Code     0  startup_stm32f4xx.o(.text)
    CAN1_SCE_IRQHandler                      0x0800053f   Thumb Code     0  startup_stm32f4xx.o(.text)
    CAN1_TX_IRQHandler                       0x0800053f   Thumb Code     0  startup_stm32f4xx.o(.text)
    CAN2_RX0_IRQHandler                      0x0800053f   Thumb Code     0  startup_stm32f4xx.o(.text)
    CAN2_RX1_IRQHandler                      0x0800053f   Thumb Code     0  startup_stm32f4xx.o(.text)
    CAN2_SCE_IRQHandler                      0x0800053f   Thumb Code     0  startup_stm32f4xx.o(.text)
    CAN2_TX_IRQHandler                       0x0800053f   Thumb Code     0  startup_stm32f4xx.o(.text)
    CRYP_IRQHandler                          0x0800053f   Thumb Code     0  startup_stm32f4xx.o(.text)
    DCMI_IRQHandler                          0x0800053f   Thumb Code     0  startup_stm32f4xx.o(.text)
    DMA1_Stream0_IRQHandler                  0x0800053f   Thumb Code     0  startup_stm32f4xx.o(.text)
    DMA1_Stream1_IRQHandler                  0x0800053f   Thumb Code     0  startup_stm32f4xx.o(.text)
    DMA1_Stream2_IRQHandler                  0x0800053f   Thumb Code     0  startup_stm32f4xx.o(.text)
    DMA1_Stream3_IRQHandler                  0x0800053f   Thumb Code     0  startup_stm32f4xx.o(.text)
    DMA1_Stream4_IRQHandler                  0x0800053f   Thumb Code     0  startup_stm32f4xx.o(.text)
    DMA1_Stream5_IRQHandler                  0x0800053f   Thumb Code     0  startup_stm32f4xx.o(.text)
    DMA1_Stream6_IRQHandler                  0x0800053f   Thumb Code     0  startup_stm32f4xx.o(.text)
    DMA1_Stream7_IRQHandler                  0x0800053f   Thumb Code     0  startup_stm32f4xx.o(.text)
    DMA2_Stream0_IRQHandler                  0x0800053f   Thumb Code     0  startup_stm32f4xx.o(.text)
    DMA2_Stream1_IRQHandler                  0x0800053f   Thumb Code     0  startup_stm32f4xx.o(.text)
    DMA2_Stream2_IRQHandler                  0x0800053f   Thumb Code     0  startup_stm32f4xx.o(.text)
    DMA2_Stream3_IRQHandler                  0x0800053f   Thumb Code     0  startup_stm32f4xx.o(.text)
    DMA2_Stream4_IRQHandler                  0x0800053f   Thumb Code     0  startup_stm32f4xx.o(.text)
    DMA2_Stream5_IRQHandler                  0x0800053f   Thumb Code     0  startup_stm32f4xx.o(.text)
    DMA2_Stream6_IRQHandler                  0x0800053f   Thumb Code     0  startup_stm32f4xx.o(.text)
    DMA2_Stream7_IRQHandler                  0x0800053f   Thumb Code     0  startup_stm32f4xx.o(.text)
    ETH_IRQHandler                           0x0800053f   Thumb Code     0  startup_stm32f4xx.o(.text)
    ETH_WKUP_IRQHandler                      0x0800053f   Thumb Code     0  startup_stm32f4xx.o(.text)
    EXTI0_IRQHandler                         0x0800053f   Thumb Code     0  startup_stm32f4xx.o(.text)
    EXTI15_10_IRQHandler                     0x0800053f   Thumb Code     0  startup_stm32f4xx.o(.text)
    EXTI9_5_IRQHandler                       0x0800053f   Thumb Code     0  startup_stm32f4xx.o(.text)
    FLASH_IRQHandler                         0x0800053f   Thumb Code     0  startup_stm32f4xx.o(.text)
    FPU_IRQHandler                           0x0800053f   Thumb Code     0  startup_stm32f4xx.o(.text)
    FSMC_IRQHandler                          0x0800053f   Thumb Code     0  startup_stm32f4xx.o(.text)
    HASH_RNG_IRQHandler                      0x0800053f   Thumb Code     0  startup_stm32f4xx.o(.text)
    I2C1_ER_IRQHandler                       0x0800053f   Thumb Code     0  startup_stm32f4xx.o(.text)
    I2C1_EV_IRQHandler                       0x0800053f   Thumb Code     0  startup_stm32f4xx.o(.text)
    I2C2_ER_IRQHandler                       0x0800053f   Thumb Code     0  startup_stm32f4xx.o(.text)
    I2C2_EV_IRQHandler                       0x0800053f   Thumb Code     0  startup_stm32f4xx.o(.text)
    I2C3_ER_IRQHandler                       0x0800053f   Thumb Code     0  startup_stm32f4xx.o(.text)
    I2C3_EV_IRQHandler                       0x0800053f   Thumb Code     0  startup_stm32f4xx.o(.text)
    OTG_FS_IRQHandler                        0x0800053f   Thumb Code     0  startup_stm32f4xx.o(.text)
    OTG_FS_WKUP_IRQHandler                   0x0800053f   Thumb Code     0  startup_stm32f4xx.o(.text)
    OTG_HS_EP1_IN_IRQHandler                 0x0800053f   Thumb Code     0  startup_stm32f4xx.o(.text)
    OTG_HS_EP1_OUT_IRQHandler                0x0800053f   Thumb Code     0  startup_stm32f4xx.o(.text)
    OTG_HS_IRQHandler                        0x0800053f   Thumb Code     0  startup_stm32f4xx.o(.text)
    OTG_HS_WKUP_IRQHandler                   0x0800053f   Thumb Code     0  startup_stm32f4xx.o(.text)
    PVD_IRQHandler                           0x0800053f   Thumb Code     0  startup_stm32f4xx.o(.text)
    RCC_IRQHandler                           0x0800053f   Thumb Code     0  startup_stm32f4xx.o(.text)
    RTC_Alarm_IRQHandler                     0x0800053f   Thumb Code     0  startup_stm32f4xx.o(.text)
    RTC_WKUP_IRQHandler                      0x0800053f   Thumb Code     0  startup_stm32f4xx.o(.text)
    SDIO_IRQHandler                          0x0800053f   Thumb Code     0  startup_stm32f4xx.o(.text)
    SPI1_IRQHandler                          0x0800053f   Thumb Code     0  startup_stm32f4xx.o(.text)
    SPI2_IRQHandler                          0x0800053f   Thumb Code     0  startup_stm32f4xx.o(.text)
    SPI3_IRQHandler                          0x0800053f   Thumb Code     0  startup_stm32f4xx.o(.text)
    TAMP_STAMP_IRQHandler                    0x0800053f   Thumb Code     0  startup_stm32f4xx.o(.text)
    TIM1_BRK_TIM9_IRQHandler                 0x0800053f   Thumb Code     0  startup_stm32f4xx.o(.text)
    TIM1_CC_IRQHandler                       0x0800053f   Thumb Code     0  startup_stm32f4xx.o(.text)
    TIM1_TRG_COM_TIM11_IRQHandler            0x0800053f   Thumb Code     0  startup_stm32f4xx.o(.text)
    TIM1_UP_TIM10_IRQHandler                 0x0800053f   Thumb Code     0  startup_stm32f4xx.o(.text)
    TIM4_IRQHandler                          0x0800053f   Thumb Code     0  startup_stm32f4xx.o(.text)
    TIM5_IRQHandler                          0x0800053f   Thumb Code     0  startup_stm32f4xx.o(.text)
    TIM6_DAC_IRQHandler                      0x0800053f   Thumb Code     0  startup_stm32f4xx.o(.text)
    TIM7_IRQHandler                          0x0800053f   Thumb Code     0  startup_stm32f4xx.o(.text)
    TIM8_BRK_TIM12_IRQHandler                0x0800053f   Thumb Code     0  startup_stm32f4xx.o(.text)
    TIM8_CC_IRQHandler                       0x0800053f   Thumb Code     0  startup_stm32f4xx.o(.text)
    TIM8_TRG_COM_TIM14_IRQHandler            0x0800053f   Thumb Code     0  startup_stm32f4xx.o(.text)
    TIM8_UP_TIM13_IRQHandler                 0x0800053f   Thumb Code     0  startup_stm32f4xx.o(.text)
    UART4_IRQHandler                         0x0800053f   Thumb Code     0  startup_stm32f4xx.o(.text)
    UART5_IRQHandler                         0x0800053f   Thumb Code     0  startup_stm32f4xx.o(.text)
    USART1_IRQHandler                        0x0800053f   Thumb Code     0  startup_stm32f4xx.o(.text)
    USART2_IRQHandler                        0x0800053f   Thumb Code     0  startup_stm32f4xx.o(.text)
    USART3_IRQHandler                        0x0800053f   Thumb Code     0  startup_stm32f4xx.o(.text)
    USART6_IRQHandler                        0x0800053f   Thumb Code     0  startup_stm32f4xx.o(.text)
    WWDG_IRQHandler                          0x0800053f   Thumb Code     0  startup_stm32f4xx.o(.text)
    os_idle_demon                            0x08000549   Thumb Code     4  rtx_conf_cm.o(.text)
    os_error                                 0x0800054d   Thumb Code     4  rtx_conf_cm.o(.text)
    main                                     0x08000551   Thumb Code    10  main.o(.text)
    TIM3_IRQHandler                          0x0800055d   Thumb Code    32  timer.o(.text)
    TIM2_IRQHandler                          0x0800057d   Thumb Code    22  timer.o(.text)
    initTimer                                0x08000593   Thumb Code    96  timer.o(.text)
    initializeTimerPin                       0x080005f3   Thumb Code    54  timer.o(.text)
    initTimer4                               0x08000629   Thumb Code   214  timer.o(.text)
    initTimer2                               0x080006ff   Thumb Code   102  timer.o(.text)
    initializeKeypad                         0x0800077d   Thumb Code   396  keypadmanager.o(.text)
    incrementColumn                          0x08000909   Thumb Code    28  keypadmanager.o(.text)
    scan                                     0x08000925   Thumb Code    10  keypadmanager.o(.text)
    setUpColumn                              0x0800092f   Thumb Code    60  keypadmanager.o(.text)
    scanManager                              0x0800096b   Thumb Code   144  keypadmanager.o(.text)
    findButton                               0x080009fb   Thumb Code   136  keypadmanager.o(.text)
    EXTI4_IRQHandler                         0x08000a83   Thumb Code    50  keypadmanager.o(.text)
    EXTI1_IRQHandler                         0x08000ab5   Thumb Code    48  keypadmanager.o(.text)
    EXTI2_IRQHandler                         0x08000ae5   Thumb Code    50  keypadmanager.o(.text)
    EXTI3_IRQHandler                         0x08000b17   Thumb Code    56  keypadmanager.o(.text)
    setEnable                                0x08000ba9   Thumb Code    36  lcdmanager.o(.text)
    sendCommand                              0x08000bcd   Thumb Code    22  lcdmanager.o(.text)
    setRegisterSelect                        0x08000be3   Thumb Code    36  lcdmanager.o(.text)
    setData7                                 0x08000c07   Thumb Code    36  lcdmanager.o(.text)
    setData6                                 0x08000c2b   Thumb Code    36  lcdmanager.o(.text)
    setData5                                 0x08000c4f   Thumb Code    36  lcdmanager.o(.text)
    setData4                                 0x08000c73   Thumb Code    36  lcdmanager.o(.text)
    setData3                                 0x08000c97   Thumb Code    36  lcdmanager.o(.text)
    setData2                                 0x08000cbb   Thumb Code    36  lcdmanager.o(.text)
    setData1                                 0x08000cdf   Thumb Code    36  lcdmanager.o(.text)
    setData0                                 0x08000d03   Thumb Code    36  lcdmanager.o(.text)
    setCommandOnDataLine                     0x08000d27   Thumb Code   390  lcdmanager.o(.text)
    writeString                              0x08000ead   Thumb Code   244  lcdmanager.o(.text)
    setReadWrite                             0x08000fa1   Thumb Code    36  lcdmanager.o(.text)
    initializeDataGPIO                       0x08000fc5   Thumb Code    52  lcdmanager.o(.text)
    initializeControlGPIO                    0x08000ff9   Thumb Code    52  lcdmanager.o(.text)
    initializeLCD                            0x0800102d   Thumb Code    88  lcdmanager.o(.text)
    fputc                                    0x08001117   Thumb Code    14  fputc_debug.o(.text)
    _ttywrch                                 0x08001125   Thumb Code    12  fputc_debug.o(.text)
    _sys_exit                                0x08001131   Thumb Code     4  fputc_debug.o(.text)
    NVIC_PriorityGroupConfig                 0x08001139   Thumb Code    10  misc.o(.text)
    NVIC_Init                                0x08001143   Thumb Code   108  misc.o(.text)
    NVIC_SetVectorTable                      0x080011af   Thumb Code    14  misc.o(.text)
    NVIC_SystemLPConfig                      0x080011bd   Thumb Code    34  misc.o(.text)
    SysTick_CLKSourceConfig                  0x080011df   Thumb Code    40  misc.o(.text)
    EXTI_DeInit                              0x0800121d   Thumb Code    28  stm32f4xx_exti.o(.text)
    EXTI_Init                                0x08001239   Thumb Code   142  stm32f4xx_exti.o(.text)
    EXTI_StructInit                          0x080012c7   Thumb Code    16  stm32f4xx_exti.o(.text)
    EXTI_GenerateSWInterrupt                 0x080012d7   Thumb Code    16  stm32f4xx_exti.o(.text)
    EXTI_GetFlagStatus                       0x080012e7   Thumb Code    22  stm32f4xx_exti.o(.text)
    EXTI_ClearFlag                           0x080012fd   Thumb Code     8  stm32f4xx_exti.o(.text)
    EXTI_GetITStatus                         0x08001305   Thumb Code    34  stm32f4xx_exti.o(.text)
    EXTI_ClearITPendingBit                   0x08001327   Thumb Code     8  stm32f4xx_exti.o(.text)
    GPIO_DeInit                              0x08001339   Thumb Code   220  stm32f4xx_gpio.o(.text)
    GPIO_Init                                0x08001415   Thumb Code   144  stm32f4xx_gpio.o(.text)
    GPIO_StructInit                          0x080014a5   Thumb Code    18  stm32f4xx_gpio.o(.text)
    GPIO_PinLockConfig                       0x080014b7   Thumb Code    34  stm32f4xx_gpio.o(.text)
    GPIO_ReadInputDataBit                    0x080014d9   Thumb Code    18  stm32f4xx_gpio.o(.text)
    GPIO_ReadInputData                       0x080014eb   Thumb Code     8  stm32f4xx_gpio.o(.text)
    GPIO_ReadOutputDataBit                   0x080014f3   Thumb Code    18  stm32f4xx_gpio.o(.text)
    GPIO_ReadOutputData                      0x08001505   Thumb Code     8  stm32f4xx_gpio.o(.text)
    GPIO_SetBits                             0x0800150d   Thumb Code     4  stm32f4xx_gpio.o(.text)
    GPIO_ResetBits                           0x08001511   Thumb Code     4  stm32f4xx_gpio.o(.text)
    GPIO_WriteBit                            0x08001515   Thumb Code    10  stm32f4xx_gpio.o(.text)
    GPIO_Write                               0x0800151f   Thumb Code     4  stm32f4xx_gpio.o(.text)
    GPIO_ToggleBits                          0x08001523   Thumb Code     8  stm32f4xx_gpio.o(.text)
    GPIO_PinAFConfig                         0x0800152b   Thumb Code    70  stm32f4xx_gpio.o(.text)
    RCC_DeInit                               0x08001595   Thumb Code    60  stm32f4xx_rcc.o(.text)
    RCC_HSEConfig                            0x080015d1   Thumb Code    14  stm32f4xx_rcc.o(.text)
    RCC_GetFlagStatus                        0x080015df   Thumb Code    60  stm32f4xx_rcc.o(.text)
    RCC_WaitForHSEStartUp                    0x0800161b   Thumb Code    56  stm32f4xx_rcc.o(.text)
    RCC_AdjustHSICalibrationValue            0x08001653   Thumb Code    20  stm32f4xx_rcc.o(.text)
    RCC_HSICmd                               0x08001667   Thumb Code     6  stm32f4xx_rcc.o(.text)
    RCC_LSEConfig                            0x0800166d   Thumb Code    46  stm32f4xx_rcc.o(.text)
    RCC_LSICmd                               0x0800169b   Thumb Code     6  stm32f4xx_rcc.o(.text)
    RCC_PLLConfig                            0x080016a1   Thumb Code    32  stm32f4xx_rcc.o(.text)
    RCC_PLLCmd                               0x080016c1   Thumb Code     6  stm32f4xx_rcc.o(.text)
    RCC_PLLI2SConfig                         0x080016c7   Thumb Code    14  stm32f4xx_rcc.o(.text)
    RCC_PLLI2SCmd                            0x080016d5   Thumb Code     6  stm32f4xx_rcc.o(.text)
    RCC_ClockSecuritySystemCmd               0x080016db   Thumb Code     6  stm32f4xx_rcc.o(.text)
    RCC_MCO1Config                           0x080016e1   Thumb Code    28  stm32f4xx_rcc.o(.text)
    RCC_MCO2Config                           0x080016fd   Thumb Code    28  stm32f4xx_rcc.o(.text)
    RCC_SYSCLKConfig                         0x08001719   Thumb Code    20  stm32f4xx_rcc.o(.text)
    RCC_GetSYSCLKSource                      0x0800172d   Thumb Code    12  stm32f4xx_rcc.o(.text)
    RCC_HCLKConfig                           0x08001739   Thumb Code    20  stm32f4xx_rcc.o(.text)
    RCC_PCLK1Config                          0x0800174d   Thumb Code    20  stm32f4xx_rcc.o(.text)
    RCC_PCLK2Config                          0x08001761   Thumb Code    22  stm32f4xx_rcc.o(.text)
    RCC_GetClocksFreq                        0x08001777   Thumb Code   222  stm32f4xx_rcc.o(.text)
    RCC_RTCCLKConfig                         0x08001855   Thumb Code    54  stm32f4xx_rcc.o(.text)
    RCC_RTCCLKCmd                            0x0800188b   Thumb Code     8  stm32f4xx_rcc.o(.text)
    RCC_BackupResetCmd                       0x08001893   Thumb Code     8  stm32f4xx_rcc.o(.text)
    RCC_I2SCLKConfig                         0x0800189b   Thumb Code     6  stm32f4xx_rcc.o(.text)
    RCC_AHB1PeriphClockCmd                   0x080018a1   Thumb Code    34  stm32f4xx_rcc.o(.text)
    RCC_AHB2PeriphClockCmd                   0x080018c3   Thumb Code    34  stm32f4xx_rcc.o(.text)
    RCC_AHB3PeriphClockCmd                   0x080018e5   Thumb Code    34  stm32f4xx_rcc.o(.text)
    RCC_APB1PeriphClockCmd                   0x08001907   Thumb Code    34  stm32f4xx_rcc.o(.text)
    RCC_APB2PeriphClockCmd                   0x08001929   Thumb Code    34  stm32f4xx_rcc.o(.text)
    RCC_AHB1PeriphResetCmd                   0x0800194b   Thumb Code    34  stm32f4xx_rcc.o(.text)
    RCC_AHB2PeriphResetCmd                   0x0800196d   Thumb Code    72  stm32f4xx_rcc.o(.text)
    RCC_AHB3PeriphResetCmd                   0x080019b5   Thumb Code    34  stm32f4xx_rcc.o(.text)
    RCC_APB1PeriphResetCmd                   0x080019d7   Thumb Code    34  stm32f4xx_rcc.o(.text)
    RCC_APB2PeriphResetCmd                   0x080019f9   Thumb Code    34  stm32f4xx_rcc.o(.text)
    RCC_AHB1PeriphClockLPModeCmd             0x08001a1b   Thumb Code    34  stm32f4xx_rcc.o(.text)
    RCC_AHB2PeriphClockLPModeCmd             0x08001a3d   Thumb Code    34  stm32f4xx_rcc.o(.text)
    RCC_AHB3PeriphClockLPModeCmd             0x08001a5f   Thumb Code    34  stm32f4xx_rcc.o(.text)
    RCC_APB1PeriphClockLPModeCmd             0x08001a81   Thumb Code    34  stm32f4xx_rcc.o(.text)
    RCC_APB2PeriphClockLPModeCmd             0x08001aa3   Thumb Code    34  stm32f4xx_rcc.o(.text)
    RCC_ITConfig                             0x08001ac5   Thumb Code    34  stm32f4xx_rcc.o(.text)
    RCC_ClearFlag                            0x08001ae7   Thumb Code    18  stm32f4xx_rcc.o(.text)
    RCC_GetITStatus                          0x08001af9   Thumb Code    22  stm32f4xx_rcc.o(.text)
    RCC_ClearITPendingBit                    0x08001b0f   Thumb Code     8  stm32f4xx_rcc.o(.text)
    SYSCFG_DeInit                            0x08001b1d   Thumb Code    22  stm32f4xx_syscfg.o(.text)
    SYSCFG_MemoryRemapConfig                 0x08001b33   Thumb Code     6  stm32f4xx_syscfg.o(.text)
    SYSCFG_EXTILineConfig                    0x08001b39   Thumb Code    66  stm32f4xx_syscfg.o(.text)
    SYSCFG_ETH_MediaInterfaceConfig          0x08001b7b   Thumb Code     6  stm32f4xx_syscfg.o(.text)
    SYSCFG_CompensationCellCmd               0x08001b81   Thumb Code     6  stm32f4xx_syscfg.o(.text)
    SYSCFG_GetCompensationCellStatus         0x08001b87   Thumb Code    22  stm32f4xx_syscfg.o(.text)
    TIM_DeInit                               0x08001ba9   Thumb Code   346  stm32f4xx_tim.o(.text)
    TIM_TimeBaseInit                         0x08001d03   Thumb Code   104  stm32f4xx_tim.o(.text)
    TIM_TimeBaseStructInit                   0x08001d6b   Thumb Code    18  stm32f4xx_tim.o(.text)
    TIM_PrescalerConfig                      0x08001d7d   Thumb Code     6  stm32f4xx_tim.o(.text)
    TIM_CounterModeConfig                    0x08001d83   Thumb Code    18  stm32f4xx_tim.o(.text)
    TIM_SetCounter                           0x08001d95   Thumb Code     4  stm32f4xx_tim.o(.text)
    TIM_SetAutoreload                        0x08001d99   Thumb Code     4  stm32f4xx_tim.o(.text)
    TIM_GetCounter                           0x08001d9d   Thumb Code     6  stm32f4xx_tim.o(.text)
    TIM_GetPrescaler                         0x08001da3   Thumb Code     6  stm32f4xx_tim.o(.text)
    TIM_UpdateDisableConfig                  0x08001da9   Thumb Code    24  stm32f4xx_tim.o(.text)
    TIM_UpdateRequestConfig                  0x08001dc1   Thumb Code    24  stm32f4xx_tim.o(.text)
    TIM_ARRPreloadConfig                     0x08001dd9   Thumb Code    24  stm32f4xx_tim.o(.text)
    TIM_SelectOnePulseMode                   0x08001df1   Thumb Code    18  stm32f4xx_tim.o(.text)
    TIM_SetClockDivision                     0x08001e03   Thumb Code    18  stm32f4xx_tim.o(.text)
    TIM_Cmd                                  0x08001e15   Thumb Code    24  stm32f4xx_tim.o(.text)
    TIM_OC1Init                              0x08001e2d   Thumb Code   114  stm32f4xx_tim.o(.text)
    TIM_OC2Init                              0x08001e9f   Thumb Code   154  stm32f4xx_tim.o(.text)
    TIM_OC3Init                              0x08001f39   Thumb Code   204  stm32f4xx_tim.o(.text)
    TIM_OC4Init                              0x08002005   Thumb Code   112  stm32f4xx_tim.o(.text)
    TIM_OCStructInit                         0x08002075   Thumb Code    20  stm32f4xx_tim.o(.text)
    TIM_SelectOCxM                           0x08002089   Thumb Code    86  stm32f4xx_tim.o(.text)
    TIM_SetCompare1                          0x080020df   Thumb Code     4  stm32f4xx_tim.o(.text)
    TIM_SetCompare2                          0x080020e3   Thumb Code     4  stm32f4xx_tim.o(.text)
    TIM_SetCompare3                          0x080020e7   Thumb Code     4  stm32f4xx_tim.o(.text)
    TIM_SetCompare4                          0x080020eb   Thumb Code     4  stm32f4xx_tim.o(.text)
    TIM_ForcedOC1Config                      0x080020ef   Thumb Code    18  stm32f4xx_tim.o(.text)
    TIM_ForcedOC2Config                      0x08002101   Thumb Code    26  stm32f4xx_tim.o(.text)
    TIM_ForcedOC3Config                      0x0800211b   Thumb Code    18  stm32f4xx_tim.o(.text)
    TIM_ForcedOC4Config                      0x0800212d   Thumb Code    26  stm32f4xx_tim.o(.text)
    TIM_OC1PreloadConfig                     0x08002147   Thumb Code    18  stm32f4xx_tim.o(.text)
    TIM_OC2PreloadConfig                     0x08002159   Thumb Code    26  stm32f4xx_tim.o(.text)
    TIM_OC3PreloadConfig                     0x08002173   Thumb Code    18  stm32f4xx_tim.o(.text)
    TIM_OC4PreloadConfig                     0x08002185   Thumb Code    26  stm32f4xx_tim.o(.text)
    TIM_OC1FastConfig                        0x0800219f   Thumb Code    18  stm32f4xx_tim.o(.text)
    TIM_OC2FastConfig                        0x080021b1   Thumb Code    26  stm32f4xx_tim.o(.text)
    TIM_OC3FastConfig                        0x080021cb   Thumb Code    18  stm32f4xx_tim.o(.text)
    TIM_OC4FastConfig                        0x080021dd   Thumb Code    26  stm32f4xx_tim.o(.text)
    TIM_ClearOC1Ref                          0x080021f7   Thumb Code    18  stm32f4xx_tim.o(.text)
    TIM_ClearOC2Ref                          0x08002209   Thumb Code    24  stm32f4xx_tim.o(.text)
    TIM_ClearOC3Ref                          0x08002221   Thumb Code    18  stm32f4xx_tim.o(.text)
    TIM_ClearOC4Ref                          0x08002233   Thumb Code    24  stm32f4xx_tim.o(.text)
    TIM_OC1PolarityConfig                    0x0800224b   Thumb Code    18  stm32f4xx_tim.o(.text)
    TIM_OC1NPolarityConfig                   0x0800225d   Thumb Code    18  stm32f4xx_tim.o(.text)
    TIM_OC2PolarityConfig                    0x0800226f   Thumb Code    26  stm32f4xx_tim.o(.text)
    TIM_OC2NPolarityConfig                   0x08002289   Thumb Code    26  stm32f4xx_tim.o(.text)
    TIM_OC3PolarityConfig                    0x080022a3   Thumb Code    26  stm32f4xx_tim.o(.text)
    TIM_OC3NPolarityConfig                   0x080022bd   Thumb Code    26  stm32f4xx_tim.o(.text)
    TIM_OC4PolarityConfig                    0x080022d7   Thumb Code    26  stm32f4xx_tim.o(.text)
    TIM_CCxCmd                               0x080022f1   Thumb Code    30  stm32f4xx_tim.o(.text)
    TIM_CCxNCmd                              0x0800230f   Thumb Code    30  stm32f4xx_tim.o(.text)
    TIM_SetIC4Prescaler                      0x0800232d   Thumb Code    26  stm32f4xx_tim.o(.text)
    TIM_SetIC3Prescaler                      0x08002397   Thumb Code    18  stm32f4xx_tim.o(.text)
    TIM_SetIC2Prescaler                      0x080023f1   Thumb Code    26  stm32f4xx_tim.o(.text)
    TIM_SetIC1Prescaler                      0x08002465   Thumb Code    18  stm32f4xx_tim.o(.text)
    TIM_ICInit                               0x080024b1   Thumb Code   110  stm32f4xx_tim.o(.text)
    TIM_ICStructInit                         0x0800251f   Thumb Code    18  stm32f4xx_tim.o(.text)
    TIM_PWMIConfig                           0x08002531   Thumb Code   124  stm32f4xx_tim.o(.text)
    TIM_GetCapture1                          0x080025ad   Thumb Code     6  stm32f4xx_tim.o(.text)
    TIM_GetCapture2                          0x080025b3   Thumb Code     6  stm32f4xx_tim.o(.text)
    TIM_GetCapture3                          0x080025b9   Thumb Code     6  stm32f4xx_tim.o(.text)
    TIM_GetCapture4                          0x080025bf   Thumb Code     6  stm32f4xx_tim.o(.text)
    TIM_BDTRConfig                           0x080025c5   Thumb Code    32  stm32f4xx_tim.o(.text)
    TIM_BDTRStructInit                       0x080025e5   Thumb Code    18  stm32f4xx_tim.o(.text)
    TIM_CtrlPWMOutputs                       0x080025f7   Thumb Code    30  stm32f4xx_tim.o(.text)
    TIM_SelectCOM                            0x08002615   Thumb Code    24  stm32f4xx_tim.o(.text)
    TIM_CCPreloadControl                     0x0800262d   Thumb Code    24  stm32f4xx_tim.o(.text)
    TIM_ITConfig                             0x08002645   Thumb Code    18  stm32f4xx_tim.o(.text)
    TIM_GenerateEvent                        0x08002657   Thumb Code     4  stm32f4xx_tim.o(.text)
    TIM_GetFlagStatus                        0x0800265b   Thumb Code    18  stm32f4xx_tim.o(.text)
    TIM_ClearFlag                            0x0800266d   Thumb Code     6  stm32f4xx_tim.o(.text)
    TIM_GetITStatus                          0x08002673   Thumb Code    34  stm32f4xx_tim.o(.text)
    TIM_ClearITPendingBit                    0x08002695   Thumb Code     6  stm32f4xx_tim.o(.text)
    TIM_DMAConfig                            0x0800269b   Thumb Code    10  stm32f4xx_tim.o(.text)
    TIM_DMACmd                               0x080026a5   Thumb Code    18  stm32f4xx_tim.o(.text)
    TIM_SelectCCDMA                          0x080026b7   Thumb Code    24  stm32f4xx_tim.o(.text)
    TIM_InternalClockConfig                  0x080026cf   Thumb Code    12  stm32f4xx_tim.o(.text)
    TIM_SelectInputTrigger                   0x080026db   Thumb Code    18  stm32f4xx_tim.o(.text)
    TIM_ITRxExternalClockConfig              0x080026ed   Thumb Code    24  stm32f4xx_tim.o(.text)
    TIM_TIxExternalClockConfig               0x08002705   Thumb Code    62  stm32f4xx_tim.o(.text)
    TIM_ETRConfig                            0x08002743   Thumb Code    28  stm32f4xx_tim.o(.text)
    TIM_ETRClockMode1Config                  0x0800275f   Thumb Code    54  stm32f4xx_tim.o(.text)
    TIM_ETRClockMode2Config                  0x08002795   Thumb Code    32  stm32f4xx_tim.o(.text)
    TIM_SelectOutputTrigger                  0x080027b5   Thumb Code    18  stm32f4xx_tim.o(.text)
    TIM_SelectSlaveMode                      0x080027c7   Thumb Code    18  stm32f4xx_tim.o(.text)
    TIM_SelectMasterSlaveMode                0x080027d9   Thumb Code    18  stm32f4xx_tim.o(.text)
    TIM_EncoderInterfaceConfig               0x080027eb   Thumb Code    66  stm32f4xx_tim.o(.text)
    TIM_SelectHallSensor                     0x0800282d   Thumb Code    24  stm32f4xx_tim.o(.text)
    TIM_RemapConfig                          0x08002845   Thumb Code     6  stm32f4xx_tim.o(.text)
    __aeabi_uidiv                            0x0800284b   Thumb Code     0  uidiv.o(.text)
    __aeabi_uidivmod                         0x0800284b   Thumb Code    44  uidiv.o(.text)
    __scatterload                            0x08002879   Thumb Code    28  init.o(.text)
    __scatterload_rt2                        0x08002879   Thumb Code     0  init.o(.text)
    SVC_Count                                0x0800289c   Data           4  SVC_Table.o(SVC_TABLE)
    SVC_Table                                0x080028a0   Data           0  SVC_Table.o(SVC_TABLE)
    __0printf$1                              0x080028a1   Thumb Code    22  printf1.o(i.__0printf$1)
    __1printf$1                              0x080028a1   Thumb Code     0  printf1.o(i.__0printf$1)
    __2printf                                0x080028a1   Thumb Code     0  printf1.o(i.__0printf$1)
    __scatterload_copy                       0x080028c1   Thumb Code    14  handlers.o(i.__scatterload_copy)
    __scatterload_null                       0x080028cf   Thumb Code     2  handlers.o(i.__scatterload_null)
    __scatterload_zeroinit                   0x080028d1   Thumb Code    14  handlers.o(i.__scatterload_zeroinit)
    _init_box                                0x080028df   Thumb Code    70  rt_membox.o(i._init_box)
    dbg_init                                 0x08002a79   Thumb Code    34  hal_cm.o(i.dbg_init)
    dbg_task_notify                          0x08002aa9   Thumb Code    32  hal_cm.o(i.dbg_task_notify)
    dbg_task_switch                          0x08002ac9   Thumb Code    16  hal_cm.o(i.dbg_task_switch)
    isr_evt_set                              0x08002b05   Thumb Code    34  rt_event.o(i.isr_evt_set)
    isr_mbx_receive                          0x08002b2d   Thumb Code    80  rt_mailbox.o(i.isr_mbx_receive)
    isr_mbx_send                             0x08002b7d   Thumb Code    14  rt_mailbox.o(i.isr_mbx_send)
    osDelay                                  0x08002b8d   Thumb Code    18  rt_cmsis.o(i.osDelay)
    osKernelStart                            0x08002ba5   Thumb Code    94  rt_cmsis.o(i.osKernelStart)
    osMessageGet                             0x08002c0d   Thumb Code    64  rt_cmsis.o(i.osMessageGet)
    osSignalSet                              0x08002c51   Thumb Code    48  rt_cmsis.o(i.osSignalSet)
    osThreadExit                             0x08002c85   Thumb Code    14  rt_cmsis.o(i.osThreadExit)
    osTimerCall                              0x08002c9d   Thumb Code     8  rt_cmsis.o(i.osTimerCall)
    osTimerThread                            0x08002ca9   Thumb Code    38  rt_cmsis.o(i.osTimerThread)
    rt_alloc_box                             0x08002cd5   Thumb Code    28  rt_membox.o(i.rt_alloc_box)
    rt_alloc_mem                             0x08002cf1   Thumb Code    60  rt_memory.o(i.rt_alloc_mem)
    rt_block                                 0x08002d2d   Thumb Code    48  rt_task.o(i.rt_block)
    rt_chk_robin                             0x08002d65   Thumb Code    58  rt_robin.o(i.rt_chk_robin)
    rt_dec_dly                               0x08002dad   Thumb Code   102  rt_list.o(i.rt_dec_dly)
    rt_dispatch                              0x08002e1d   Thumb Code    60  rt_task.o(i.rt_dispatch)
    rt_dly_wait                              0x08002e61   Thumb Code     6  rt_time.o(i.rt_dly_wait)
    rt_evt_psh                               0x08002e69   Thumb Code    76  rt_event.o(i.rt_evt_psh)
    rt_evt_set                               0x08002eb9   Thumb Code    88  rt_event.o(i.rt_evt_set)
    rt_free_box                              0x08002f15   Thumb Code    32  rt_membox.o(i.rt_free_box)
    rt_free_mem                              0x08002f35   Thumb Code    40  rt_memory.o(i.rt_free_mem)
    rt_get_first                             0x08002f5d   Thumb Code    40  rt_list.o(i.rt_get_first)
    rt_init_mem                              0x08002fcd   Thumb Code    26  rt_memory.o(i.rt_init_mem)
    rt_init_robin                            0x08002fe9   Thumb Code    14  rt_robin.o(i.rt_init_robin)
    rt_init_stack                            0x08003001   Thumb Code    70  hal_cm.o(i.rt_init_stack)
    rt_mbx_check                             0x08003051   Thumb Code     8  rt_mailbox.o(i.rt_mbx_check)
    rt_mbx_init                              0x08003059   Thumb Code    26  rt_mailbox.o(i.rt_mbx_init)
    rt_mbx_psh                               0x08003075   Thumb Code   248  rt_mailbox.o(i.rt_mbx_psh)
    rt_mbx_wait                              0x08003171   Thumb Code   174  rt_mailbox.o(i.rt_mbx_wait)
    rt_pop_req                               0x08003261   Thumb Code   106  rt_system.o(i.rt_pop_req)
    rt_psh_req                               0x080032d9   Thumb Code    22  rt_system.o(i.rt_psh_req)
    rt_psq_enq                               0x080032f9   Thumb Code    82  rt_list.o(i.rt_psq_enq)
    rt_put_dly                               0x08003351   Thumb Code    88  rt_list.o(i.rt_put_dly)
    rt_put_prio                              0x080033ad   Thumb Code    56  rt_list.o(i.rt_put_prio)
    rt_put_rdy_first                         0x080033e5   Thumb Code    14  rt_list.o(i.rt_put_rdy_first)
    rt_ret_val                               0x08003409   Thumb Code    12  hal_cm.o(i.rt_ret_val)
    rt_ret_val2                              0x08003415   Thumb Code    16  hal_cm.o(i.rt_ret_val2)
    rt_rmv_dly                               0x08003425   Thumb Code    40  rt_list.o(i.rt_rmv_dly)
    rt_rmv_list                              0x0800344d   Thumb Code    44  rt_list.o(i.rt_rmv_list)
    rt_sem_psh                               0x0800347d   Thumb Code    48  rt_semaphore.o(i.rt_sem_psh)
    rt_stk_check                             0x080034b1   Thumb Code    28  rt_system.o(i.rt_stk_check)
    rt_switch_req                            0x080034d5   Thumb Code    30  rt_task.o(i.rt_switch_req)
    rt_sys_init                              0x080034fd   Thumb Code   242  rt_task.o(i.rt_sys_init)
    rt_systick                               0x0800363d   Thumb Code    48  rt_system.o(i.rt_systick)
    rt_tsk_create                            0x080036c9   Thumb Code   112  rt_task.o(i.rt_tsk_create)
    rt_tsk_delete                            0x08003749   Thumb Code   146  rt_task.o(i.rt_tsk_delete)
    rt_tsk_self                              0x080037f5   Thumb Code    12  rt_task.o(i.rt_tsk_self)
    svcDelay                                 0x08003805   Thumb Code    20  rt_cmsis.o(i.svcDelay)
    svcKernelStart                           0x08003819   Thumb Code   174  rt_cmsis.o(i.svcKernelStart)
    svcMessageCreate                         0x080038ed   Thumb Code    36  rt_cmsis.o(i.svcMessageCreate)
    svcMessageGet                            0x08003911   Thumb Code    58  rt_cmsis.o(i.svcMessageGet)
    svcSignalSet                             0x0800394b   Thumb Code    36  rt_cmsis.o(i.svcSignalSet)
    svcThreadCreate                          0x08003971   Thumb Code   100  rt_cmsis.o(i.svcThreadCreate)
    svcThreadGetId                           0x080039e1   Thumb Code    22  rt_cmsis.o(i.svcThreadGetId)
    svcThreadTerminate                       0x080039fd   Thumb Code    52  rt_cmsis.o(i.svcThreadTerminate)
    svcTimerCall                             0x08003a35   Thumb Code    24  rt_cmsis.o(i.svcTimerCall)
    sysTimerTick                             0x08003a4d   Thumb Code    76  rt_cmsis.o(i.sysTimerTick)
    os_maxtaskrun                            0x08003aa0   Data           2  rtx_conf_cm.o(.constdata)
    os_stackinfo                             0x08003aa4   Data           4  rtx_conf_cm.o(.constdata)
    os_rrobin                                0x08003aa8   Data           4  rtx_conf_cm.o(.constdata)
    os_trv                                   0x08003aac   Data           4  rtx_conf_cm.o(.constdata)
    os_flags                                 0x08003ab0   Data           1  rtx_conf_cm.o(.constdata)
    os_clockrate                             0x08003ab4   Data           4  rtx_conf_cm.o(.constdata)
    os_timernum                              0x08003ab8   Data           4  rtx_conf_cm.o(.constdata)
    mp_tcb_size                              0x08003abc   Data           2  rtx_conf_cm.o(.constdata)
    mp_stk_size                              0x08003ac0   Data           4  rtx_conf_cm.o(.constdata)
    os_stack_sz                              0x08003ac4   Data           4  rtx_conf_cm.o(.constdata)
    os_fifo_size                             0x08003ac8   Data           1  rtx_conf_cm.o(.constdata)
    os_thread_def_osTimerThread              0x08003acc   Data          16  rtx_conf_cm.o(.constdata)
    os_messageQ_def_osTimerMessageQ          0x08003adc   Data           8  rtx_conf_cm.o(.constdata)
    mp_tmr_size                              0x08003ae4   Data           2  rtx_conf_cm.o(.constdata)
    os_thread_def_main                       0x08003ae8   Data          16  rtx_conf_cm.o(.constdata)
    Region$$Table$$Base                      0x08003af8   Number         0  anon$$obj.o(Region$$Table)
    Region$$Table$$Limit                     0x08003b28   Number         0  anon$$obj.o(Region$$Table)
    mp_tcb                                   0x10000000   Data         540  rtx_conf_cm.o(.bss)
    mp_stk                                   0x10000220   Data        8016  rtx_conf_cm.o(.bss)
    os_stack_mem                             0x10002170   Data        1632  rtx_conf_cm.o(.bss)
    os_fifo                                  0x100027d0   Data         132  rtx_conf_cm.o(.bss)
    os_active_TCB                            0x10002854   Data          44  rtx_conf_cm.o(.bss)
    os_messageQ_q_osTimerMessageQ            0x10002880   Data          32  rtx_conf_cm.o(.bss)
    SystemCoreClock                          0x20000000   Data           4  system_stm32f4xx.o(.data)
    AHBPrescTable                            0x20000004   Data          16  system_stm32f4xx.o(.data)
    os_tmr                                   0x20000014   Data           4  rtx_conf_cm.o(.data)
    m_tmr                                    0x20000018   Data           4  rtx_conf_cm.o(.data)
    osThreadId_osTimerThread                 0x2000001c   Data           4  rtx_conf_cm.o(.data)
    osMessageQId_osTimerMessageQ             0x20000020   Data           4  rtx_conf_cm.o(.data)
    modeOfOperation                          0x20000030   Data           1  accelerometer.o(.data)
    tid_acc                                  0x20000034   Data           4  timer.o(.data)
    sequenceNumber                           0x20000038   Data           4  keypadmanager.o(.data)
    updated                                  0x2000003c   Data           4  keypadmanager.o(.data)
    tid_keypad                               0x20000040   Data           4  keypadmanager.o(.data)
    column                                   0x20000044   Data           4  keypadmanager.o(.data)
    row                                      0x20000048   Data           4  keypadmanager.o(.data)
    display                                  0x2000004c   Data           1  keypadmanager.o(.data)
    internalCursor                           0x2000004d   Data           1  lcdmanager.o(.data)
    __stdout                                 0x20000050   Data           4  fputc_debug.o(.data)
    __stdin                                  0x20000054   Data           4  fputc_debug.o(.data)
    sequenceMode                             0x20000064   Data           1  sequence.o(.data)
    os_timer_head                            0x20000078   Data           4  rt_cmsis.o(.data)
    os_tsk                                   0x2000007c   Data           8  rt_task.o(.data)
    os_time                                  0x20000088   Data           2  rt_time.o(.data)
    dbg_msg                                  0x2000008a   Data           1  hal_cm.o(.data)
    os_robin                                 0x2000008c   Data           8  rt_robin.o(.data)
    os_idle_TCB                              0x20000094   Data          48  rt_task.o(.bss)
    os_rdy                                   0x200000c4   Data          24  rt_list.o(.bss)
    os_dly                                   0x200000dc   Data          24  rt_list.o(.bss)
    __initial_sp                             0x200004f8   Data           0  startup_stm32f4xx.o(STACK)



==============================================================================

Memory Map of the image

  Image Entry point : 0x08000189

  Load Region LR_IROM1 (Base: 0x08000000, Size: 0x00003bbc, Max: 0x00100000, ABSOLUTE)

    Execution Region ER_IROM1 (Base: 0x08000000, Size: 0x00003b28, Max: 0x00100000, ABSOLUTE)

    Base Addr    Size         Type   Attr      Idx    E Section Name        Object

    0x08000000   0x00000188   Data   RO          132    RESET               startup_stm32f4xx.o
    0x08000188   0x00000000   Code   RO         2428  * .ARM.Collect$$$$00000000  mc_w.l(entry.o)
    0x08000188   0x00000004   Code   RO         2727    .ARM.Collect$$$$00000001  mc_w.l(entry2.o)
    0x0800018c   0x00000004   Code   RO         2730    .ARM.Collect$$$$00000004  mc_w.l(entry5.o)
    0x08000190   0x00000000   Code   RO         2732    .ARM.Collect$$$$00000008  mc_w.l(entry7b.o)
    0x08000190   0x00000000   Code   RO         2734    .ARM.Collect$$$$0000000A  mc_w.l(entry8b.o)
    0x08000190   0x00000000   Code   RO         2735    .ARM.Collect$$$$0000000D  mc_w.l(entry10a.o)
    0x08000190   0x00000000   Code   RO         2737    .ARM.Collect$$$$0000000F  mc_w.l(entry11a.o)
    0x08000190   0x00000010   Code   RO          137    .ARM.Collect$$$$000000FF  rtx_conf_cm.o
    0x080001a0   0x00000004   Code   RO         2728    .ARM.Collect$$$$00002712  mc_w.l(entry2.o)
    0x080001a4   0x00000174   Code   RO         2377    .emb_text           RTX_CM4.lib(hal_cm4.o)
    0x08000318   0x0000020c   Code   RO            3    .text               system_stm32f4xx.o
    0x08000524   0x00000024   Code   RO          133    .text               startup_stm32f4xx.o
    0x08000548   0x00000008   Code   RO          138    .text               rtx_conf_cm.o
    0x08000550   0x0000000a   Code   RO          171    .text               main.o
    0x0800055a   0x00000002   PAD
    0x0800055c   0x00000220   Code   RO          389    .text               timer.o
    0x0800077c   0x0000042c   Code   RO          532    .text               keypadmanager.o
    0x08000ba8   0x00000544   Code   RO          567    .text               lcdmanager.o
    0x080010ec   0x0000004c   Code   RO          591    .text               fputc_debug.o
    0x08001138   0x000000e4   Code   RO          653    .text               misc.o
    0x0800121c   0x0000011c   Code   RO          914    .text               stm32f4xx_exti.o
    0x08001338   0x0000025c   Code   RO          983    .text               stm32f4xx_gpio.o
    0x08001594   0x00000588   Code   RO         1129    .text               stm32f4xx_rcc.o
    0x08001b1c   0x0000008c   Code   RO         1243    .text               stm32f4xx_syscfg.o
    0x08001ba8   0x00000ca2   Code   RO         1263    .text               stm32f4xx_tim.o
    0x0800284a   0x0000002c   Code   RO         2739    .text               mc_w.l(uidiv.o)
    0x08002876   0x00000002   PAD
    0x08002878   0x00000024   Code   RO         2775    .text               mc_w.l(init.o)
    0x0800289c   0x00000004   Code   RO         2387    SVC_TABLE           RTX_CM4.lib(SVC_Table.o)
    0x080028a0   0x00000020   Code   RO         2476    i.__0printf$1       mc_w.l(printf1.o)
    0x080028c0   0x0000000e   Code   RO         2781    i.__scatterload_copy  mc_w.l(handlers.o)
    0x080028ce   0x00000002   Code   RO         2782    i.__scatterload_null  mc_w.l(handlers.o)
    0x080028d0   0x0000000e   Code   RO         2783    i.__scatterload_zeroinit  mc_w.l(handlers.o)
    0x080028de   0x00000046   Code   RO         2250    i._init_box         RTX_CM4.lib(rt_membox.o)
    0x08002924   0x00000154   Code   RO         2483    i._printf_core      mc_w.l(printf1.o)
    0x08002a78   0x00000030   Code   RO         2303    i.dbg_init          RTX_CM4.lib(hal_cm.o)
    0x08002aa8   0x00000020   Code   RO         2304    i.dbg_task_notify   RTX_CM4.lib(hal_cm.o)
    0x08002ac8   0x00000010   Code   RO         2305    i.dbg_task_switch   RTX_CM4.lib(hal_cm.o)
    0x08002ad8   0x0000002c   Code   RO         1349    i.isrMessagePut     RTX_CM4.lib(rt_cmsis.o)
    0x08002b04   0x00000028   Code   RO         1996    i.isr_evt_set       RTX_CM4.lib(rt_event.o)
    0x08002b2c   0x00000050   Code   RO         2114    i.isr_mbx_receive   RTX_CM4.lib(rt_mailbox.o)
    0x08002b7c   0x0000000e   Code   RO         2115    i.isr_mbx_send      RTX_CM4.lib(rt_mailbox.o)
    0x08002b8a   0x00000002   PAD
    0x08002b8c   0x00000018   Code   RO         1350    i.osDelay           RTX_CM4.lib(rt_cmsis.o)
    0x08002ba4   0x00000068   Code   RO         1352    i.osKernelStart     RTX_CM4.lib(rt_cmsis.o)
    0x08002c0c   0x00000044   Code   RO         1360    i.osMessageGet      RTX_CM4.lib(rt_cmsis.o)
    0x08002c50   0x00000034   Code   RO         1374    i.osSignalSet       RTX_CM4.lib(rt_cmsis.o)
    0x08002c84   0x00000018   Code   RO         1377    i.osThreadExit      RTX_CM4.lib(rt_cmsis.o)
    0x08002c9c   0x0000000c   Code   RO         1383    i.osTimerCall       RTX_CM4.lib(rt_cmsis.o)
    0x08002ca8   0x0000002c   Code   RO         1387    i.osTimerThread     RTX_CM4.lib(rt_cmsis.o)
    0x08002cd4   0x0000001c   Code   RO         2251    i.rt_alloc_box      RTX_CM4.lib(rt_membox.o)
    0x08002cf0   0x0000003c   Code   RO         2279    i.rt_alloc_mem      RTX_CM4.lib(rt_memory.o)
    0x08002d2c   0x00000038   Code   RO         1871    i.rt_block          RTX_CM4.lib(rt_task.o)
    0x08002d64   0x00000048   Code   RO         2356    i.rt_chk_robin      RTX_CM4.lib(rt_robin.o)
    0x08002dac   0x00000070   Code   RO         2038    i.rt_dec_dly        RTX_CM4.lib(rt_list.o)
    0x08002e1c   0x00000044   Code   RO         1872    i.rt_dispatch       RTX_CM4.lib(rt_task.o)
    0x08002e60   0x00000006   Code   RO         2198    i.rt_dly_wait       RTX_CM4.lib(rt_time.o)
    0x08002e66   0x00000002   PAD
    0x08002e68   0x00000050   Code   RO         1999    i.rt_evt_psh        RTX_CM4.lib(rt_event.o)
    0x08002eb8   0x0000005c   Code   RO         2000    i.rt_evt_set        RTX_CM4.lib(rt_event.o)
    0x08002f14   0x00000020   Code   RO         2252    i.rt_free_box       RTX_CM4.lib(rt_membox.o)
    0x08002f34   0x00000028   Code   RO         2280    i.rt_free_mem       RTX_CM4.lib(rt_memory.o)
    0x08002f5c   0x00000028   Code   RO         2039    i.rt_get_first      RTX_CM4.lib(rt_list.o)
    0x08002f84   0x00000008   Code   RO         1390    i.rt_id2obj         RTX_CM4.lib(rt_cmsis.o)
    0x08002f8c   0x00000040   Code   RO         1873    i.rt_init_context   RTX_CM4.lib(rt_task.o)
    0x08002fcc   0x0000001a   Code   RO         2281    i.rt_init_mem       RTX_CM4.lib(rt_memory.o)
    0x08002fe6   0x00000002   PAD
    0x08002fe8   0x00000018   Code   RO         2357    i.rt_init_robin     RTX_CM4.lib(rt_robin.o)
    0x08003000   0x00000050   Code   RO         2306    i.rt_init_stack     RTX_CM4.lib(hal_cm.o)
    0x08003050   0x00000008   Code   RO         2116    i.rt_mbx_check      RTX_CM4.lib(rt_mailbox.o)
    0x08003058   0x0000001a   Code   RO         2117    i.rt_mbx_init       RTX_CM4.lib(rt_mailbox.o)
    0x08003072   0x00000002   PAD
    0x08003074   0x000000fc   Code   RO         2118    i.rt_mbx_psh        RTX_CM4.lib(rt_mailbox.o)
    0x08003170   0x000000b4   Code   RO         2120    i.rt_mbx_wait       RTX_CM4.lib(rt_mailbox.o)
    0x08003224   0x0000003c   Code   RO         1391    i.rt_ms2tick        RTX_CM4.lib(rt_cmsis.o)
    0x08003260   0x00000078   Code   RO         1950    i.rt_pop_req        RTX_CM4.lib(rt_system.o)
    0x080032d8   0x00000020   Code   RO         1951    i.rt_psh_req        RTX_CM4.lib(rt_system.o)
    0x080032f8   0x00000058   Code   RO         2041    i.rt_psq_enq        RTX_CM4.lib(rt_list.o)
    0x08003350   0x0000005c   Code   RO         2042    i.rt_put_dly        RTX_CM4.lib(rt_list.o)
    0x080033ac   0x00000038   Code   RO         2043    i.rt_put_prio       RTX_CM4.lib(rt_list.o)
    0x080033e4   0x00000014   Code   RO         2044    i.rt_put_rdy_first  RTX_CM4.lib(rt_list.o)
    0x080033f8   0x00000010   Code   RO         2307    i.rt_ret_regs       RTX_CM4.lib(hal_cm.o)
    0x08003408   0x0000000c   Code   RO         2308    i.rt_ret_val        RTX_CM4.lib(hal_cm.o)
    0x08003414   0x00000010   Code   RO         2309    i.rt_ret_val2       RTX_CM4.lib(hal_cm.o)
    0x08003424   0x00000028   Code   RO         2046    i.rt_rmv_dly        RTX_CM4.lib(rt_list.o)
    0x0800344c   0x00000030   Code   RO         2047    i.rt_rmv_list       RTX_CM4.lib(rt_list.o)
    0x0800347c   0x00000034   Code   RO         2164    i.rt_sem_psh        RTX_CM4.lib(rt_semaphore.o)
    0x080034b0   0x00000024   Code   RO         1952    i.rt_stk_check      RTX_CM4.lib(rt_system.o)
    0x080034d4   0x00000028   Code   RO         1874    i.rt_switch_req     RTX_CM4.lib(rt_task.o)
    0x080034fc   0x00000140   Code   RO         1875    i.rt_sys_init       RTX_CM4.lib(rt_task.o)
    0x0800363c   0x0000003c   Code   RO         1953    i.rt_systick        RTX_CM4.lib(rt_system.o)
    0x08003678   0x00000012   Code   RO         1392    i.rt_tid2ptcb       RTX_CM4.lib(rt_cmsis.o)
    0x0800368a   0x00000002   PAD
    0x0800368c   0x0000003c   Code   RO         1393    i.rt_timer_insert   RTX_CM4.lib(rt_cmsis.o)
    0x080036c8   0x00000080   Code   RO         1876    i.rt_tsk_create     RTX_CM4.lib(rt_task.o)
    0x08003748   0x000000ac   Code   RO         1877    i.rt_tsk_delete     RTX_CM4.lib(rt_task.o)
    0x080037f4   0x00000010   Code   RO         1880    i.rt_tsk_self       RTX_CM4.lib(rt_task.o)
    0x08003804   0x00000014   Code   RO         1395    i.svcDelay          RTX_CM4.lib(rt_cmsis.o)
    0x08003818   0x000000d4   Code   RO         1396    i.svcKernelStart    RTX_CM4.lib(rt_cmsis.o)
    0x080038ec   0x00000024   Code   RO         1398    i.svcMessageCreate  RTX_CM4.lib(rt_cmsis.o)
    0x08003910   0x0000003a   Code   RO         1399    i.svcMessageGet     RTX_CM4.lib(rt_cmsis.o)
    0x0800394a   0x00000024   Code   RO         1410    i.svcSignalSet      RTX_CM4.lib(rt_cmsis.o)
    0x0800396e   0x00000002   PAD
    0x08003970   0x00000070   Code   RO         1412    i.svcThreadCreate   RTX_CM4.lib(rt_cmsis.o)
    0x080039e0   0x0000001c   Code   RO         1413    i.svcThreadGetId    RTX_CM4.lib(rt_cmsis.o)
    0x080039fc   0x00000038   Code   RO         1416    i.svcThreadTerminate  RTX_CM4.lib(rt_cmsis.o)
    0x08003a34   0x00000018   Code   RO         1418    i.svcTimerCall      RTX_CM4.lib(rt_cmsis.o)
    0x08003a4c   0x00000054   Code   RO         1426    i.sysTimerTick      RTX_CM4.lib(rt_cmsis.o)
    0x08003aa0   0x00000058   Data   RO          140    .constdata          rtx_conf_cm.o
    0x08003af8   0x00000030   Data   RO         2779    Region$$Table       anon$$obj.o


    Execution Region RW_IRAM1 (Base: 0x10000000, Size: 0x000028a0, Max: 0x0001ffff, ABSOLUTE)

    Base Addr    Size         Type   Attr      Idx    E Section Name        Object

    0x10000000   0x000028a0   Zero   RW          139    .bss                rtx_conf_cm.o


    Execution Region RW_IRAM2 (Base: 0x20000000, Size: 0x000004f8, Max: 0x0001ffff, ABSOLUTE)

    Base Addr    Size         Type   Attr      Idx    E Section Name        Object

    0x20000000   0x00000014   Data   RW            4    .data               system_stm32f4xx.o
    0x20000014   0x00000010   Data   RW          141    .data               rtx_conf_cm.o
    0x20000024   0x0000000d   Data   RW          240    .data               accelerometer.o
    0x20000031   0x00000003   PAD
    0x20000034   0x00000004   Data   RW          390    .data               timer.o
    0x20000038   0x00000015   Data   RW          534    .data               keypadmanager.o
    0x2000004d   0x00000001   Data   RW          569    .data               lcdmanager.o
    0x2000004e   0x00000002   PAD
    0x20000050   0x00000008   Data   RW          592    .data               fputc_debug.o
    0x20000058   0x0000000d   Data   RW          627    .data               sequence.o
    0x20000065   0x00000010   Data   RW         1130    .data               stm32f4xx_rcc.o
    0x20000075   0x00000003   PAD
    0x20000078   0x00000004   Data   RW         1427    .data               RTX_CM4.lib(rt_cmsis.o)
    0x2000007c   0x00000008   Data   RW         1882    .data               RTX_CM4.lib(rt_task.o)
    0x20000084   0x00000003   Data   RW         1956    .data               RTX_CM4.lib(rt_system.o)
    0x20000087   0x00000001   PAD
    0x20000088   0x00000002   Data   RW         2201    .data               RTX_CM4.lib(rt_time.o)
    0x2000008a   0x00000001   Data   RW         2310    .data               RTX_CM4.lib(hal_cm.o)
    0x2000008b   0x00000001   PAD
    0x2000008c   0x00000008   Data   RW         2358    .data               RTX_CM4.lib(rt_robin.o)
    0x20000094   0x00000030   Zero   RW         1881    .bss                RTX_CM4.lib(rt_task.o)
    0x200000c4   0x00000030   Zero   RW         2048    .bss                RTX_CM4.lib(rt_list.o)
    0x200000f4   0x00000004   PAD
    0x200000f8   0x00000400   Zero   RW          130    STACK               startup_stm32f4xx.o


==============================================================================

Image component sizes


      Code (inc. data)   RO Data    RW Data    ZI Data      Debug   Object Name

         0          0          0         13          0       1567   accelerometer.o
        76          4          0          8          0       2733   fputc_debug.o
      1068         90          0         21          0      29257   keypadmanager.o
      1348        124          0          1          0       4579   lcdmanager.o
         0          0          0          0          0      10444   led.o
        10          0          0          0          0       3967   main.o
       228         22          0          0          0       3589   misc.o
        24          6         88         16      10400       6476   rtx_conf_cm.o
         0          0          0         13          0        343   sequence.o
        36          8        392          0       1024        776   startup_stm32f4xx.o
       284         10          0          0          0       4775   stm32f4xx_exti.o
       604         36          0          0          0       4113   stm32f4xx_gpio.o
      1416         48          0         16          0      23923   stm32f4xx_rcc.o
       140         12          0          0          0       1691   stm32f4xx_syscfg.o
      3234         60          0          0          0      22348   stm32f4xx_tim.o
       524         44          0         20          0     241139   system_stm32f4xx.o
         0          0          0          0          0        472   threads.o
       544         24          0          4          0       1843   timer.o

    ----------------------------------------------------------------------
      9538        488        528        120      11424     364035   Object Totals
         0          0         48          0          0          0   (incl. Generated)
         2          0          0          8          0          0   (incl. Padding)

    ----------------------------------------------------------------------

      Code (inc. data)   RO Data    RW Data    ZI Data      Debug   Library Member Name

         4          4          0          0          0        132   SVC_Table.o
       220         24          0          1          0       3876   hal_cm.o
       372         32          0          0          0        616   hal_cm4.o
      1184        126          0          4          0      27851   rt_cmsis.o
       212         14          0          0          0       1824   rt_event.o
       496         30          0          0         48       6636   rt_list.o
       560         10          0          0          0       3829   rt_mailbox.o
       130          0          0          0          0       1837   rt_membox.o
       126          0          0          0          0       2159   rt_memory.o
        96         24          0          8          0       1042   rt_robin.o
        52          4          0          0          0        557   rt_semaphore.o
       248         44          0          3          0       2066   rt_system.o
       864        154          0          8         48       7224   rt_task.o
         6          0          0          2          0        572   rt_time.o
         0          0          0          0          0          0   entry.o
         0          0          0          0          0          0   entry10a.o
         0          0          0          0          0          0   entry11a.o
         8          4          0          0          0          0   entry2.o
         4          0          0          0          0          0   entry5.o
         0          0          0          0          0          0   entry7b.o
         0          0          0          0          0          0   entry8b.o
        30          0          0          0          0          0   handlers.o
        36          8          0          0          0         68   init.o
       372         16          0          0          0        180   printf1.o
        44          0          0          0          0         80   uidiv.o

    ----------------------------------------------------------------------
      5078        494          0         28        100      60549   Library Totals
        14          0          0          2          4          0   (incl. Padding)

    ----------------------------------------------------------------------

      Code (inc. data)   RO Data    RW Data    ZI Data      Debug   Library Name

      4570        466          0         26         96      60221   RTX_CM4.lib
       494         28          0          0          0        328   mc_w.l

    ----------------------------------------------------------------------
      5078        494          0         28        100      60549   Library Totals

    ----------------------------------------------------------------------

==============================================================================


      Code (inc. data)   RO Data    RW Data    ZI Data      Debug   

     14616        982        528        148      11524     415332   Grand Totals
     14616        982        528        148      11524     415332   ELF Image Totals
     14616        982        528        148          0          0   ROM Totals

==============================================================================

    Total RO  Size (Code + RO Data)                15144 (  14.79kB)
    Total RW  Size (RW Data + ZI Data)             11672 (  11.40kB)
    Total ROM Size (Code + RO Data + RW Data)      15292 (  14.93kB)

==============================================================================

