<html>
<body>
<pre>
<h1>µVision Build Log</h1>
<h2>Project:</h2>
C:\Users\jdery3\Downloads\ECSE426G4\Group4_RoboticHand_Tests\keil\rtx.uvproj
Project File Date:  11/22/2013

<h2>Output:</h2>
Rebuild target 'Project'
compiling system_stm32f4xx.c...
assembling startup_stm32f4xx.s...
compiling RTX_Conf_CM.c...
compiling main.c...
compiling finiteStateMachine.c...
compiling timerManager.c...
compiling fputc_debug.c...
compiling servoManager.c...
compiling lcdManager.c...
compiling misc.c...
compiling stm32f4xx_adc.c...
compiling stm32f4xx_can.c...
compiling stm32f4xx_crc.c...
compiling stm32f4xx_cryp.c...
compiling stm32f4xx_cryp_aes.c...
compiling stm32f4xx_cryp_des.c...
compiling stm32f4xx_cryp_tdes.c...
compiling stm32f4xx_dac.c...
compiling stm32f4xx_dbgmcu.c...
compiling stm32f4xx_dcmi.c...
compiling stm32f4xx_dma.c...
compiling stm32f4xx_exti.c...
compiling stm32f4xx_flash.c...
compiling stm32f4xx_fsmc.c...
compiling stm32f4xx_gpio.c...
compiling stm32f4xx_hash.c...
compiling stm32f4xx_hash_md5.c...
compiling stm32f4xx_hash_sha1.c...
compiling stm32f4xx_i2c.c...
compiling stm32f4xx_iwdg.c...
compiling stm32f4xx_pwr.c...
compiling stm32f4xx_rcc.c...
compiling stm32f4xx_rng.c...
compiling stm32f4xx_rtc.c...
compiling stm32f4xx_sdio.c...
compiling stm32f4xx_spi.c...
compiling stm32f4xx_syscfg.c...
compiling stm32f4xx_tim.c...
compiling stm32f4xx_usart.c...
compiling stm32f4xx_wwdg.c...
compiling stm32f4_discovery_lis302dl.c...
linking...
Program Size: Code=16412 RO-data=680 RW-data=120 ZI-data=8152  
FromELF: creating hex file...
".\obj\output.axf" - 0 Error(s), 0 Warning(s).
Build target 'Project'
linking...
Program Size: Code=16412 RO-data=680 RW-data=120 ZI-data=8152  
FromELF: creating hex file...
".\obj\output.axf" - 0 Error(s), 0 Warning(s).
Build target 'Project'
compiling finiteStateMachine.c...
linking...
Program Size: Code=16496 RO-data=680 RW-data=120 ZI-data=8152  
FromELF: creating hex file...
".\obj\output.axf" - 0 Error(s), 0 Warning(s).
Load "C:\\Users\\jdery3\\Downloads\\ECSE426G4\\Group4_RoboticHand_Tests\\keil\\obj\\output.axf" 
Erase Done.
Programming Done.
Verify OK.
Build target 'Project'
compiling finiteStateMachine.c...
linking...
Program Size: Code=16412 RO-data=680 RW-data=120 ZI-data=8152  
FromELF: creating hex file...
".\obj\output.axf" - 0 Error(s), 0 Warning(s).
Build target 'Project'
compiling lcdManager.c...
linking...
Program Size: Code=16412 RO-data=680 RW-data=120 ZI-data=8152  
FromELF: creating hex file...
".\obj\output.axf" - 0 Error(s), 0 Warning(s).
Build target 'Project'
compiling main.c...
../lcdManager.h(9): error:  #20: identifier "lcdCommnads" is undefined
compiling lcdManager.c...
..\lcdManager.h(9): error:  #20: identifier "lcdCommnads" is undefined
Target not created
Build target 'Project'
compiling main.c...
../lcdManager.h(9): error:  #20: identifier "lcdCommnands" is undefined
compiling lcdManager.c...
..\lcdManager.h(9): error:  #20: identifier "lcdCommnands" is undefined
Target not created
Build target 'Project'
compiling main.c...
compiling lcdManager.c...
linking...
Program Size: Code=16412 RO-data=680 RW-data=120 ZI-data=8152  
FromELF: creating hex file...
".\obj\output.axf" - 0 Error(s), 0 Warning(s).
Build target 'Project'
compiling lcdManager.c...
..\lcdManager.c(24): warning:  #1-D: last line of file ends without a newline
linking...
Program Size: Code=16412 RO-data=680 RW-data=120 ZI-data=8152  
FromELF: creating hex file...
".\obj\output.axf" - 0 Error(s), 1 Warning(s).
Build target 'Project'
compiling lcdManager.c...
..\lcdManager.c(26): warning:  #1-D: last line of file ends without a newline
linking...
Program Size: Code=16412 RO-data=680 RW-data=120 ZI-data=8152  
FromELF: creating hex file...
".\obj\output.axf" - 0 Error(s), 1 Warning(s).
Build target 'Project'
compiling lcdManager.c...
..\lcdManager.c(34): warning:  #1-D: last line of file ends without a newline
linking...
Program Size: Code=16412 RO-data=680 RW-data=120 ZI-data=8152  
FromELF: creating hex file...
".\obj\output.axf" - 0 Error(s), 1 Warning(s).
Build target 'Project'
compiling lcdManager.c...
..\lcdManager.c(38): warning:  #1-D: last line of file ends without a newline
linking...
Program Size: Code=16412 RO-data=680 RW-data=120 ZI-data=8152  
FromELF: creating hex file...
".\obj\output.axf" - 0 Error(s), 1 Warning(s).
Build target 'Project'
compiling main.c...
compiling lcdManager.c...
..\lcdManager.c(38): warning:  #1-D: last line of file ends without a newline
linking...
Program Size: Code=16412 RO-data=680 RW-data=120 ZI-data=8152  
FromELF: creating hex file...
".\obj\output.axf" - 0 Error(s), 1 Warning(s).
Build target 'Project'
compiling main.c...
compiling lcdManager.c...
..\lcdManager.c(49): warning:  #1-D: last line of file ends without a newline
linking...
Program Size: Code=16448 RO-data=680 RW-data=120 ZI-data=8152  
FromELF: creating hex file...
".\obj\output.axf" - 0 Error(s), 1 Warning(s).
Build target 'Project'
compiling lcdManager.c...
..\lcdManager.c(57): warning:  #1-D: last line of file ends without a newline
linking...
Program Size: Code=16500 RO-data=680 RW-data=120 ZI-data=8152  
FromELF: creating hex file...
".\obj\output.axf" - 0 Error(s), 1 Warning(s).
Build target 'Project'
compiling lcdManager.c...
..\lcdManager.c(65): warning:  #1-D: last line of file ends without a newline
linking...
Program Size: Code=16552 RO-data=680 RW-data=120 ZI-data=8152  
FromELF: creating hex file...
".\obj\output.axf" - 0 Error(s), 1 Warning(s).
Build target 'Project'
compiling lcdManager.c...
..\lcdManager.c(66): warning:  #1-D: last line of file ends without a newline
linking...
Program Size: Code=16560 RO-data=680 RW-data=120 ZI-data=8152  
FromELF: creating hex file...
".\obj\output.axf" - 0 Error(s), 1 Warning(s).
Build target 'Project'
compiling main.c...
compiling lcdManager.c...
..\lcdManager.c(79): warning:  #1-D: last line of file ends without a newline
linking...
Program Size: Code=16576 RO-data=680 RW-data=120 ZI-data=8152  
FromELF: creating hex file...
".\obj\output.axf" - 0 Error(s), 1 Warning(s).
Build target 'Project'
compiling lcdManager.c...
..\lcdManager.c(79): warning:  #1-D: last line of file ends without a newline
linking...
Program Size: Code=16600 RO-data=680 RW-data=120 ZI-data=8152  
FromELF: creating hex file...
".\obj\output.axf" - 0 Error(s), 1 Warning(s).
Build target 'Project'
compiling lcdManager.c...
..\lcdManager.c(85): warning:  #1-D: last line of file ends without a newline
linking...
Program Size: Code=16600 RO-data=680 RW-data=120 ZI-data=8152  
FromELF: creating hex file...
".\obj\output.axf" - 0 Error(s), 1 Warning(s).
Build target 'Project'
compiling lcdManager.c...
..\lcdManager.c(84): warning:  #1-D: last line of file ends without a newline
linking...
Program Size: Code=16600 RO-data=680 RW-data=120 ZI-data=8152  
FromELF: creating hex file...
".\obj\output.axf" - 0 Error(s), 1 Warning(s).
Build target 'Project'
compiling lcdManager.c...
..\lcdManager.c(89): warning:  #1-D: last line of file ends without a newline
linking...
Program Size: Code=16600 RO-data=680 RW-data=120 ZI-data=8152  
FromELF: creating hex file...
".\obj\output.axf" - 0 Error(s), 1 Warning(s).
Build target 'Project'
compiling lcdManager.c...
..\lcdManager.c(201): warning:  #1-D: last line of file ends without a newline
linking...
Program Size: Code=16852 RO-data=680 RW-data=120 ZI-data=8152  
FromELF: creating hex file...
".\obj\output.axf" - 0 Error(s), 1 Warning(s).
Build target 'Project'
compiling lcdManager.c...
..\lcdManager.c(249): warning:  #1-D: last line of file ends without a newline
linking...
Program Size: Code=16960 RO-data=680 RW-data=120 ZI-data=8152  
FromELF: creating hex file...
".\obj\output.axf" - 0 Error(s), 1 Warning(s).
Build target 'Project'
compiling lcdManager.c...
..\lcdManager.c(257): warning:  #1-D: last line of file ends without a newline
linking...
Program Size: Code=16960 RO-data=680 RW-data=120 ZI-data=8152  
FromELF: creating hex file...
".\obj\output.axf" - 0 Error(s), 1 Warning(s).
Build target 'Project'
compiling lcdManager.c...
..\lcdManager.c(259): warning:  #1-D: last line of file ends without a newline
linking...
Program Size: Code=16960 RO-data=680 RW-data=120 ZI-data=8152  
FromELF: creating hex file...
".\obj\output.axf" - 0 Error(s), 1 Warning(s).
Build target 'Project'
compiling lcdManager.c...
..\lcdManager.c(260): warning:  #1-D: last line of file ends without a newline
linking...
Program Size: Code=16960 RO-data=680 RW-data=120 ZI-data=8152  
FromELF: creating hex file...
".\obj\output.axf" - 0 Error(s), 1 Warning(s).
Build target 'Project'
compiling lcdManager.c...
..\lcdManager.c(262): warning:  #1-D: last line of file ends without a newline
linking...
Program Size: Code=17000 RO-data=680 RW-data=120 ZI-data=8152  
FromELF: creating hex file...
".\obj\output.axf" - 0 Error(s), 1 Warning(s).
Build target 'Project'
linking...
Program Size: Code=17000 RO-data=680 RW-data=120 ZI-data=8152  
FromELF: creating hex file...
".\obj\output.axf" - 0 Error(s), 0 Warning(s).
Load "C:\\Users\\jdery3\\Downloads\\ECSE426G4\\Group4_RoboticHand_Tests\\keil\\obj\\output.axf" 
Load "C:\\Users\\jdery3\\Downloads\\ECSE426G4\\Group4_RoboticHand_Tests\\keil\\obj\\output.axf" 
Erase Done.
Programming Done.
Verify OK.
Build target 'Project'
compiling lcdManager.c...
..\lcdManager.c(263): warning:  #1-D: last line of file ends without a newline
linking...
Program Size: Code=17000 RO-data=680 RW-data=120 ZI-data=8152  
FromELF: creating hex file...
".\obj\output.axf" - 0 Error(s), 1 Warning(s).
Build target 'Project'
compiling lcdManager.c...
..\lcdManager.c(270): warning:  #1-D: last line of file ends without a newline
linking...
Program Size: Code=17052 RO-data=680 RW-data=120 ZI-data=8152  
FromELF: creating hex file...
".\obj\output.axf" - 0 Error(s), 1 Warning(s).
Build target 'Project'
compiling lcdManager.c...
..\lcdManager.c(270): warning:  #1-D: last line of file ends without a newline
linking...
Program Size: Code=17052 RO-data=680 RW-data=120 ZI-data=8152  
FromELF: creating hex file...
".\obj\output.axf" - 0 Error(s), 1 Warning(s).
Build target 'Project'
compiling lcdManager.c...
..\lcdManager.c(272): warning:  #1-D: last line of file ends without a newline
linking...
Program Size: Code=17052 RO-data=680 RW-data=120 ZI-data=8152  
FromELF: creating hex file...
".\obj\output.axf" - 0 Error(s), 1 Warning(s).
Build target 'Project'
compiling lcdManager.c...
..\lcdManager.c(272): warning:  #1-D: last line of file ends without a newline
linking...
Program Size: Code=17052 RO-data=680 RW-data=120 ZI-data=8152  
FromELF: creating hex file...
".\obj\output.axf" - 0 Error(s), 1 Warning(s).
Build target 'Project'
compiling lcdManager.c...
..\lcdManager.c(279): warning:  #1-D: last line of file ends without a newline
linking...
Program Size: Code=17060 RO-data=680 RW-data=120 ZI-data=8152  
FromELF: creating hex file...
".\obj\output.axf" - 0 Error(s), 1 Warning(s).
Build target 'Project'
compiling lcdManager.c...
..\lcdManager.c(282): warning:  #1-D: last line of file ends without a newline
linking...
Program Size: Code=17064 RO-data=680 RW-data=120 ZI-data=8152  
FromELF: creating hex file...
".\obj\output.axf" - 0 Error(s), 1 Warning(s).
Build target 'Project'
compiling lcdManager.c...
..\lcdManager.c(284): warning:  #1-D: last line of file ends without a newline
linking...
Program Size: Code=17136 RO-data=680 RW-data=120 ZI-data=8152  
FromELF: creating hex file...
".\obj\output.axf" - 0 Error(s), 1 Warning(s).
Build target 'Project'
compiling lcdManager.c...
..\lcdManager.c(285): warning:  #1-D: last line of file ends without a newline
linking...
Program Size: Code=17144 RO-data=680 RW-data=120 ZI-data=8152  
FromELF: creating hex file...
".\obj\output.axf" - 0 Error(s), 1 Warning(s).
Build target 'Project'
compiling lcdManager.c...
..\lcdManager.c(286): warning:  #1-D: last line of file ends without a newline
linking...
Program Size: Code=17148 RO-data=680 RW-data=120 ZI-data=8152  
FromELF: creating hex file...
".\obj\output.axf" - 0 Error(s), 1 Warning(s).
Load "C:\\Users\\jdery3\\Downloads\\ECSE426G4\\Group4_RoboticHand_Tests\\keil\\obj\\output.axf" 
Load "C:\\Users\\jdery3\\Downloads\\ECSE426G4\\Group4_RoboticHand_Tests\\keil\\obj\\output.axf" 
Erase Done.
Programming Done.
Verify OK.
Build target 'Project'
compiling lcdManager.c...
..\lcdManager.c(289): warning:  #1-D: last line of file ends without a newline
linking...
Program Size: Code=17152 RO-data=680 RW-data=120 ZI-data=8152  
FromELF: creating hex file...
".\obj\output.axf" - 0 Error(s), 1 Warning(s).
Load "C:\\Users\\jdery3\\Downloads\\ECSE426G4\\Group4_RoboticHand_Tests\\keil\\obj\\output.axf" 
Erase Done.
Programming Done.
Verify OK.
Build target 'Project'
compiling lcdManager.c...
..\lcdManager.c(290): warning:  #1-D: last line of file ends without a newline
linking...
Program Size: Code=17160 RO-data=680 RW-data=120 ZI-data=8152  
FromELF: creating hex file...
".\obj\output.axf" - 0 Error(s), 1 Warning(s).
Load "C:\\Users\\jdery3\\Downloads\\ECSE426G4\\Group4_RoboticHand_Tests\\keil\\obj\\output.axf" 
Erase Done.
Programming Done.
Verify OK.
Build target 'Project'
compiling lcdManager.c...
..\lcdManager.c(289): warning:  #1-D: last line of file ends without a newline
linking...
Program Size: Code=17152 RO-data=680 RW-data=120 ZI-data=8152  
FromELF: creating hex file...
".\obj\output.axf" - 0 Error(s), 1 Warning(s).
Build target 'Project'
compiling lcdManager.c...
..\lcdManager.c(289): warning:  #1-D: last line of file ends without a newline
linking...
Program Size: Code=17148 RO-data=680 RW-data=120 ZI-data=8152  
FromELF: creating hex file...
".\obj\output.axf" - 0 Error(s), 1 Warning(s).
Load "C:\\Users\\jdery3\\Downloads\\ECSE426G4\\Group4_RoboticHand_Tests\\keil\\obj\\output.axf" 
Erase Done.
Programming Done.
Verify OK.
Build target 'Project'
compiling lcdManager.c...
..\lcdManager.c(289): warning:  #1-D: last line of file ends without a newline
linking...
Program Size: Code=17152 RO-data=680 RW-data=120 ZI-data=8152  
FromELF: creating hex file...
".\obj\output.axf" - 0 Error(s), 1 Warning(s).
Build target 'Project'
compiling lcdManager.c...
..\lcdManager.c(289): warning:  #1-D: last line of file ends without a newline
linking...
Program Size: Code=17152 RO-data=680 RW-data=120 ZI-data=8152  
FromELF: creating hex file...
".\obj\output.axf" - 0 Error(s), 1 Warning(s).
Load "C:\\Users\\jdery3\\Downloads\\ECSE426G4\\Group4_RoboticHand_Tests\\keil\\obj\\output.axf" 
Erase Done.
Programming Done.
Verify OK.
Build target 'Project'
compiling lcdManager.c...
..\lcdManager.c(289): warning:  #1-D: last line of file ends without a newline
linking...
Program Size: Code=17152 RO-data=680 RW-data=120 ZI-data=8152  
FromELF: creating hex file...
".\obj\output.axf" - 0 Error(s), 1 Warning(s).
Load "C:\\Users\\jdery3\\Downloads\\ECSE426G4\\Group4_RoboticHand_Tests\\keil\\obj\\output.axf" 
Erase Done.
Programming Done.
Verify OK.
Build target 'Project'
compiling lcdManager.c...
..\lcdManager.c(289): warning:  #1-D: last line of file ends without a newline
linking...
Program Size: Code=17144 RO-data=680 RW-data=120 ZI-data=8152  
FromELF: creating hex file...
".\obj\output.axf" - 0 Error(s), 1 Warning(s).
Load "C:\\Users\\jdery3\\Downloads\\ECSE426G4\\Group4_RoboticHand_Tests\\keil\\obj\\output.axf" 
Erase Done.
Programming Done.
Verify OK.
Build target 'Project'
linking...
Program Size: Code=17144 RO-data=680 RW-data=120 ZI-data=8152  
FromELF: creating hex file...
".\obj\output.axf" - 0 Error(s), 0 Warning(s).
Load "C:\\Users\\jdery3\\Downloads\\ECSE426G4\\Group4_RoboticHand_Tests\\keil\\obj\\output.axf" 
Erase Done.
Programming Done.
Verify OK.
Build target 'Project'
compiling lcdManager.c...
..\lcdManager.c(289): warning:  #1-D: last line of file ends without a newline
linking...
Program Size: Code=17144 RO-data=680 RW-data=120 ZI-data=8152  
FromELF: creating hex file...
".\obj\output.axf" - 0 Error(s), 1 Warning(s).
Load "C:\\Users\\jdery3\\Downloads\\ECSE426G4\\Group4_RoboticHand_Tests\\keil\\obj\\output.axf" 
Erase Done.
Programming Done.
Verify OK.
Build target 'Project'
compiling lcdManager.c...
..\lcdManager.c(289): warning:  #1-D: last line of file ends without a newline
linking...
Program Size: Code=17152 RO-data=680 RW-data=120 ZI-data=8152  
FromELF: creating hex file...
".\obj\output.axf" - 0 Error(s), 1 Warning(s).
Build target 'Project'
linking...
Program Size: Code=17152 RO-data=680 RW-data=120 ZI-data=8152  
FromELF: creating hex file...
".\obj\output.axf" - 0 Error(s), 0 Warning(s).
Load "C:\\Users\\jdery3\\Downloads\\ECSE426G4\\Group4_RoboticHand_Tests\\keil\\obj\\output.axf" 
Erase Done.
Programming Done.
Verify OK.
