<html>
<body>
<pre>
<h1>µVision Build Log</h1>
<h2>Project:</h2>
C:\Users\pwhite8\ECSE426G4\Group4_RoboticHand_Tests\keil\rtx.uvproj
Project File Date:  11/25/2013

<h2>Output:</h2>
Build target 'Project'
compiling system_stm32f4xx.c...
assembling startup_stm32f4xx.s...
compiling RTX_Conf_CM.c...
compiling main.c...
../main.c(107): warning:  #177-D: variable "chipStatusByte" was declared but never referenced
compiling finiteStateMachine.c...
compiling timerManager.c...
compiling fputc_debug.c...
compiling servoManager.c...
compiling lcdManager.c...
compiling keypadManager.c...
compiling wireless.c...
..\wireless.c(274): warning:  #550-D: variable "receivedData" was set but never used
..\wireless.c(292): warning:  #177-D: variable "chipStatusByte" was declared but never referenced
compiling misc.c...
compiling stm32f4xx_adc.c...
compiling stm32f4xx_can.c...
compiling stm32f4xx_crc.c...
compiling stm32f4xx_cryp.c...
compiling stm32f4xx_cryp_aes.c...
compiling stm32f4xx_cryp_des.c...
compiling stm32f4xx_cryp_tdes.c...
compiling stm32f4xx_dac.c...
compiling stm32f4xx_dbgmcu.c...
compiling stm32f4xx_dcmi.c...
compiling stm32f4xx_dma.c...
compiling stm32f4xx_exti.c...
compiling stm32f4xx_flash.c...
compiling stm32f4xx_fsmc.c...
compiling stm32f4xx_gpio.c...
compiling stm32f4xx_hash.c...
compiling stm32f4xx_hash_md5.c...
compiling stm32f4xx_hash_sha1.c...
compiling stm32f4xx_i2c.c...
compiling stm32f4xx_iwdg.c...
compiling stm32f4xx_pwr.c...
compiling stm32f4xx_rcc.c...
compiling stm32f4xx_rng.c...
compiling stm32f4xx_rtc.c...
compiling stm32f4xx_sdio.c...
compiling stm32f4xx_spi.c...
compiling stm32f4xx_syscfg.c...
compiling stm32f4xx_tim.c...
compiling stm32f4xx_usart.c...
compiling stm32f4xx_wwdg.c...
compiling stm32f4_discovery_lis302dl.c...
linking...
Program Size: Code=20976 RO-data=680 RW-data=136 ZI-data=8152  
FromELF: creating hex file...
".\obj\output.axf" - 0 Error(s), 3 Warning(s).
Build target 'Project'
compiling main.c...
../main.c(107): warning:  #177-D: variable "chipStatusByte" was declared but never referenced
compiling finiteStateMachine.c...
linking...
Program Size: Code=20944 RO-data=680 RW-data=136 ZI-data=8152  
FromELF: creating hex file...
".\obj\output.axf" - 0 Error(s), 1 Warning(s).
Build target 'Project'
compiling finiteStateMachine.c...
compiling timerManager.c...
linking...
Program Size: Code=20944 RO-data=680 RW-data=136 ZI-data=8152  
FromELF: creating hex file...
".\obj\output.axf" - 0 Error(s), 0 Warning(s).
Load "C:\\Users\\pwhite8\\ECSE426G4\\Group4_RoboticHand_Tests\\keil\\obj\\output.axf" 
Erase Done.
Programming Done.
Verify OK.
Build target 'Project'
compiling main.c...
../main.c(107): warning:  #177-D: variable "chipStatusByte" was declared but never referenced
linking...
Program Size: Code=20944 RO-data=680 RW-data=136 ZI-data=8152  
FromELF: creating hex file...
".\obj\output.axf" - 0 Error(s), 1 Warning(s).
Load "C:\\Users\\pwhite8\\ECSE426G4\\Group4_RoboticHand_Tests\\keil\\obj\\output.axf" 
Erase Done.
Programming Done.
Verify OK.
Build target 'Project'
linking...
Program Size: Code=20944 RO-data=680 RW-data=136 ZI-data=8152  
FromELF: creating hex file...
".\obj\output.axf" - 0 Error(s), 0 Warning(s).
Load "C:\\Users\\pwhite8\\ECSE426G4\\Group4_RoboticHand_Tests\\keil\\obj\\output.axf" 
Erase Done.
Programming Done.
Verify OK.
Build target 'Project'
compiling main.c...
../main.c(107): warning:  #177-D: variable "chipStatusByte" was declared but never referenced
compiling finiteStateMachine.c...
linking...
Program Size: Code=20964 RO-data=680 RW-data=136 ZI-data=8152  
FromELF: creating hex file...
".\obj\output.axf" - 0 Error(s), 1 Warning(s).
Build target 'Project'
linking...
Program Size: Code=20964 RO-data=680 RW-data=136 ZI-data=8152  
FromELF: creating hex file...
".\obj\output.axf" - 0 Error(s), 0 Warning(s).
Load "C:\\Users\\pwhite8\\ECSE426G4\\Group4_RoboticHand_Tests\\keil\\obj\\output.axf" 
Erase Done.
Programming Done.
Verify OK.
Build target 'Project'
compiling main.c...
../main.c(107): warning:  #177-D: variable "chipStatusByte" was declared but never referenced
compiling finiteStateMachine.c...
compiling wireless.c...
..\wireless.c(279): warning:  #223-D: function "setRollAngle" declared implicitly
..\wireless.c(280): warning:  #223-D: function "setPitchAngle" declared implicitly
..\wireless.c(274): warning:  #550-D: variable "receivedData" was set but never used
..\wireless.c(287): warning:  #177-D: variable "chipStatusByte" was declared but never referenced
linking...
Program Size: Code=19724 RO-data=680 RW-data=136 ZI-data=8152  
FromELF: creating hex file...
".\obj\output.axf" - 0 Error(s), 5 Warning(s).
Build target 'Project'
compiling wireless.c...
..\wireless.c(276): warning:  #223-D: function "setRollAngle" declared implicitly
..\wireless.c(277): warning:  #223-D: function "setPitchAngle" declared implicitly
..\wireless.c(274): warning:  #177-D: variable "receivedData" was declared but never referenced
..\wireless.c(284): warning:  #177-D: variable "chipStatusByte" was declared but never referenced
linking...
Program Size: Code=19712 RO-data=680 RW-data=136 ZI-data=8152  
FromELF: creating hex file...
".\obj\output.axf" - 0 Error(s), 4 Warning(s).
Build target 'Project'
compiling wireless.c...
..\wireless.c(275): warning:  #177-D: variable "receivedData" was declared but never referenced
..\wireless.c(285): warning:  #177-D: variable "chipStatusByte" was declared but never referenced
linking...
Program Size: Code=19712 RO-data=680 RW-data=136 ZI-data=8152  
FromELF: creating hex file...
".\obj\output.axf" - 0 Error(s), 2 Warning(s).
Build target 'Project'
compiling wireless.c...
..\wireless.c(283): warning:  #177-D: variable "chipStatusByte" was declared but never referenced
linking...
Program Size: Code=19712 RO-data=680 RW-data=136 ZI-data=8152  
FromELF: creating hex file...
".\obj\output.axf" - 0 Error(s), 1 Warning(s).
Build target 'Project'
compiling main.c...
compiling wireless.c...
..\wireless.c(306): warning:  #177-D: variable "chipStatusByte" was declared but never referenced
linking...
Program Size: Code=19672 RO-data=680 RW-data=136 ZI-data=8152  
FromELF: creating hex file...
".\obj\output.axf" - 0 Error(s), 1 Warning(s).
Build target 'Project'
linking...
Program Size: Code=19672 RO-data=680 RW-data=136 ZI-data=8152  
FromELF: creating hex file...
".\obj\output.axf" - 0 Error(s), 0 Warning(s).
Build target 'Project'
linking...
Program Size: Code=19672 RO-data=680 RW-data=136 ZI-data=8152  
FromELF: creating hex file...
".\obj\output.axf" - 0 Error(s), 0 Warning(s).
Build target 'Project'
linking...
Program Size: Code=19672 RO-data=680 RW-data=136 ZI-data=8152  
FromELF: creating hex file...
".\obj\output.axf" - 0 Error(s), 0 Warning(s).
Build target 'Project'
linking...
Program Size: Code=19672 RO-data=680 RW-data=136 ZI-data=8152  
FromELF: creating hex file...
".\obj\output.axf" - 0 Error(s), 0 Warning(s).
Build target 'Project'
linking...
Program Size: Code=19672 RO-data=680 RW-data=136 ZI-data=8152  
FromELF: creating hex file...
".\obj\output.axf" - 0 Error(s), 0 Warning(s).
Build target 'Project'
compiling finiteStateMachine.c...
linking...
Program Size: Code=19672 RO-data=680 RW-data=136 ZI-data=8152  
FromELF: creating hex file...
".\obj\output.axf" - 0 Error(s), 0 Warning(s).
Load "C:\\Users\\pwhite8\\ECSE426G4\\Group4_RoboticHand_Tests\\keil\\obj\\output.axf" 
Erase Done.
Programming Done.
Verify OK.
Build target 'Project'
compiling finiteStateMachine.c...
compiling wireless.c...
..\wireless.c(306): warning:  #177-D: variable "chipStatusByte" was declared but never referenced
linking...
Program Size: Code=19668 RO-data=680 RW-data=136 ZI-data=8152  
FromELF: creating hex file...
".\obj\output.axf" - 0 Error(s), 1 Warning(s).
Build target 'Project'
compiling finiteStateMachine.c...
linking...
Program Size: Code=19668 RO-data=680 RW-data=136 ZI-data=8152  
FromELF: creating hex file...
".\obj\output.axf" - 0 Error(s), 0 Warning(s).
Load "C:\\Users\\pwhite8\\ECSE426G4\\Group4_RoboticHand_Tests\\keil\\obj\\output.axf" 
Build target 'Project'
linking...
Program Size: Code=19668 RO-data=680 RW-data=136 ZI-data=8152  
FromELF: creating hex file...
".\obj\output.axf" - 0 Error(s), 0 Warning(s).
Load "C:\\Users\\pwhite8\\ECSE426G4\\Group4_RoboticHand_Tests\\keil\\obj\\output.axf" 
Erase Done.
Programming Done.
Verify OK.
Build target 'Project'
compiling wireless.c...
..\wireless.c(312): warning:  #177-D: variable "chipStatusByte" was declared but never referenced
linking...
Program Size: Code=19680 RO-data=680 RW-data=136 ZI-data=8152  
FromELF: creating hex file...
".\obj\output.axf" - 0 Error(s), 1 Warning(s).
Load "C:\\Users\\pwhite8\\ECSE426G4\\Group4_RoboticHand_Tests\\keil\\obj\\output.axf" 
Erase Done.
Programming Done.
Verify OK.
Build target 'Project'
compiling finiteStateMachine.c...
linking...
Program Size: Code=19684 RO-data=680 RW-data=136 ZI-data=8152  
FromELF: creating hex file...
".\obj\output.axf" - 0 Error(s), 0 Warning(s).
Load "C:\\Users\\pwhite8\\ECSE426G4\\Group4_RoboticHand_Tests\\keil\\obj\\output.axf" 
Erase Done.
Programming Done.
Verify OK.
Build target 'Project'
compiling finiteStateMachine.c...
linking...
Program Size: Code=19684 RO-data=680 RW-data=136 ZI-data=8152  
FromELF: creating hex file...
".\obj\output.axf" - 0 Error(s), 0 Warning(s).
Load "C:\\Users\\pwhite8\\ECSE426G4\\Group4_RoboticHand_Tests\\keil\\obj\\output.axf" 
Erase Done.
Programming Done.
Verify OK.
Build target 'Project'
linking...
Program Size: Code=19684 RO-data=680 RW-data=136 ZI-data=8152  
FromELF: creating hex file...
".\obj\output.axf" - 0 Error(s), 0 Warning(s).
Load "C:\\Users\\pwhite8\\ECSE426G4\\Group4_RoboticHand_Tests\\keil\\obj\\output.axf" 
Build target 'Project'
linking...
Program Size: Code=19684 RO-data=680 RW-data=136 ZI-data=8152  
FromELF: creating hex file...
".\obj\output.axf" - 0 Error(s), 0 Warning(s).
Load "C:\\Users\\pwhite8\\ECSE426G4\\Group4_RoboticHand_Tests\\keil\\obj\\output.axf" 
Erase Done.
Programming Done.
Verify OK.
