<html>
<body>
<pre>
<h1>µVision Build Log</h1>
<h2>Project:</h2>
C:\Users\gmarti37\ECSE426G4\SPI Test Project\Lab 2 Base Project Example\Lab2_Project.uvproj
Project File Date:  11/23/2013

<h2>Output:</h2>
Build target 'Target 1'
compiling main.c...
src\wireless.h(61): warning:  #1-D: last line of file ends without a newline
compiling wireless.c...
src\wireless.h(61): warning:  #1-D: last line of file ends without a newline
src\wireless.c(65): warning:  #177-D: variable "NVIC_InitStructure" was declared but never referenced
src\wireless.c(141): warning:  #223-D: function "printf" declared implicitly
linking...
Program Size: Code=5424 RO-data=424 RW-data=48 ZI-data=1632  
".\obj\Lab2_Project.axf" - 0 Error(s), 4 Warning(s).
Load "C:\\Users\\gmarti37\\ECSE426G4\\SPI Test Project\\Lab 2 Base Project Example\\obj\\Lab2_Project.axf" 
Erase Done.
Programming Done.
Verify OK.
Build target 'Target 1'
compiling wireless.c...
src\wireless.h(61): warning:  #1-D: last line of file ends without a newline
src\wireless.c(65): warning:  #177-D: variable "NVIC_InitStructure" was declared but never referenced
linking...
Program Size: Code=4820 RO-data=424 RW-data=40 ZI-data=1632  
".\obj\Lab2_Project.axf" - 0 Error(s), 2 Warning(s).
Build target 'Target 1'
compiling wireless.c...
src\wireless.h(61): warning:  #1-D: last line of file ends without a newline
src\wireless.c(65): warning:  #177-D: variable "NVIC_InitStructure" was declared but never referenced
linking...
Program Size: Code=4816 RO-data=424 RW-data=40 ZI-data=1632  
".\obj\Lab2_Project.axf" - 0 Error(s), 2 Warning(s).
Load "C:\\Users\\gmarti37\\ECSE426G4\\SPI Test Project\\Lab 2 Base Project Example\\obj\\Lab2_Project.axf" 
Erase Done.
Programming Done.
Verify OK.
Build target 'Target 1'
compiling main.c...
src\wireless.h(61): warning:  #1-D: last line of file ends without a newline
compiling wireless.c...
src\wireless.h(61): warning:  #1-D: last line of file ends without a newline
src\wireless.c(65): warning:  #177-D: variable "NVIC_InitStructure" was declared but never referenced
linking...
Program Size: Code=4816 RO-data=424 RW-data=40 ZI-data=1632  
".\obj\Lab2_Project.axf" - 0 Error(s), 3 Warning(s).
Build target 'Target 1'
compiling main.c...
src\wireless.h(61): warning:  #1-D: last line of file ends without a newline
compiling wireless.c...
src\wireless.h(61): warning:  #1-D: last line of file ends without a newline
src\wireless.c(65): warning:  #177-D: variable "NVIC_InitStructure" was declared but never referenced
linking...
Program Size: Code=4816 RO-data=424 RW-data=40 ZI-data=1632  
".\obj\Lab2_Project.axf" - 0 Error(s), 3 Warning(s).
Load "C:\\Users\\gmarti37\\ECSE426G4\\SPI Test Project\\Lab 2 Base Project Example\\obj\\Lab2_Project.axf" 
Erase Done.
Programming Done.
Verify OK.
Build target 'Target 1'
compiling main.c...
src\wireless.h(59): warning:  #1-D: last line of file ends without a newline
compiling wireless.c...
src\wireless.h(59): warning:  #1-D: last line of file ends without a newline
src\wireless.c(65): warning:  #177-D: variable "NVIC_InitStructure" was declared but never referenced
linking...
Program Size: Code=4816 RO-data=424 RW-data=40 ZI-data=1632  
".\obj\Lab2_Project.axf" - 0 Error(s), 3 Warning(s).
Load "C:\\Users\\gmarti37\\ECSE426G4\\SPI Test Project\\Lab 2 Base Project Example\\obj\\Lab2_Project.axf" 
Erase Done.
Programming Done.
Verify OK.
Build target 'Target 1'
compiling main.c...
src\wireless.h(62): warning:  #1-D: last line of file ends without a newline
compiling wireless.c...
src\wireless.h(62): warning:  #1-D: last line of file ends without a newline
src\wireless.c(65): warning:  #177-D: variable "NVIC_InitStructure" was declared but never referenced
linking...
Program Size: Code=4832 RO-data=424 RW-data=40 ZI-data=1632  
".\obj\Lab2_Project.axf" - 0 Error(s), 3 Warning(s).
Build target 'Target 1'
compiling main.c...
src\wireless.h(69): warning:  #1-D: last line of file ends without a newline
compiling wireless.c...
src\wireless.h(69): warning:  #1-D: last line of file ends without a newline
src\wireless.c(65): warning:  #177-D: variable "NVIC_InitStructure" was declared but never referenced
linking...
Program Size: Code=4856 RO-data=424 RW-data=40 ZI-data=1632  
".\obj\Lab2_Project.axf" - 0 Error(s), 3 Warning(s).
Build target 'Target 1'
compiling main.c...
src\wireless.h(69): warning:  #1-D: last line of file ends without a newline
src\main.c(22): error:  #167: argument of type "uint8_t" is incompatible with parameter of type "uint8_t *"
Target not created
Build target 'Target 1'
compiling main.c...
src\wireless.h(69): warning:  #1-D: last line of file ends without a newline
linking...
Program Size: Code=4876 RO-data=424 RW-data=40 ZI-data=1632  
".\obj\Lab2_Project.axf" - 0 Error(s), 1 Warning(s).
Load "C:\\Users\\gmarti37\\ECSE426G4\\SPI Test Project\\Lab 2 Base Project Example\\obj\\Lab2_Project.axf" 
Erase Done.
Programming Done.
Verify OK.
Build target 'Target 1'
compiling main.c...
src\wireless.h(69): warning:  #1-D: last line of file ends without a newline
compiling wireless.c...
src\wireless.h(69): warning:  #1-D: last line of file ends without a newline
src\wireless.c(65): warning:  #177-D: variable "NVIC_InitStructure" was declared but never referenced
src\wireless.c(247): warning:  #550-D: variable "chipStatusByte" was set but never used
linking...
Program Size: Code=4888 RO-data=424 RW-data=40 ZI-data=1632  
".\obj\Lab2_Project.axf" - 0 Error(s), 4 Warning(s).
Load "C:\\Users\\gmarti37\\ECSE426G4\\SPI Test Project\\Lab 2 Base Project Example\\obj\\Lab2_Project.axf" 
Erase Done.
Programming Done.
Verify OK.
Build target 'Target 1'
compiling wireless.c...
src\wireless.h(69): warning:  #1-D: last line of file ends without a newline
src\wireless.c(65): warning:  #177-D: variable "NVIC_InitStructure" was declared but never referenced
src\wireless.c(247): warning:  #550-D: variable "chipStatusByte" was set but never used
src\wireless.c(265): warning:  #177-D: variable "x" was declared but never referenced
linking...
Program Size: Code=4888 RO-data=424 RW-data=40 ZI-data=1632  
".\obj\Lab2_Project.axf" - 0 Error(s), 4 Warning(s).
Load "C:\\Users\\gmarti37\\ECSE426G4\\SPI Test Project\\Lab 2 Base Project Example\\obj\\Lab2_Project.axf" 
Erase Done.
Programming Done.
Verify OK.
Build target 'Target 1'
compiling wireless.c...
src\wireless.h(69): warning:  #1-D: last line of file ends without a newline
src\wireless.c(65): warning:  #177-D: variable "NVIC_InitStructure" was declared but never referenced
src\wireless.c(247): warning:  #550-D: variable "chipStatusByte" was set but never used
src\wireless.c(266): warning:  #177-D: variable "x" was declared but never referenced
linking...
Program Size: Code=4900 RO-data=424 RW-data=40 ZI-data=1632  
".\obj\Lab2_Project.axf" - 0 Error(s), 4 Warning(s).
Load "C:\\Users\\gmarti37\\ECSE426G4\\SPI Test Project\\Lab 2 Base Project Example\\obj\\Lab2_Project.axf" 
Erase Done.
Programming Done.
Verify OK.
Build target 'Target 1'
compiling main.c...
src\wireless.h(69): warning:  #1-D: last line of file ends without a newline
linking...
Program Size: Code=4892 RO-data=424 RW-data=40 ZI-data=1632  
".\obj\Lab2_Project.axf" - 0 Error(s), 1 Warning(s).
Load "C:\\Users\\gmarti37\\ECSE426G4\\SPI Test Project\\Lab 2 Base Project Example\\obj\\Lab2_Project.axf" 
Erase Done.
Programming Done.
Verify OK.
Build target 'Target 1'
compiling main.c...
src\wireless.h(69): warning:  #1-D: last line of file ends without a newline
linking...
Program Size: Code=4892 RO-data=424 RW-data=40 ZI-data=1632  
".\obj\Lab2_Project.axf" - 0 Error(s), 1 Warning(s).
Load "C:\\Users\\gmarti37\\ECSE426G4\\SPI Test Project\\Lab 2 Base Project Example\\obj\\Lab2_Project.axf" 
Erase Done.
Programming Done.
Verify OK.
Build target 'Target 1'
compiling wireless.c...
src\wireless.h(69): warning:  #1-D: last line of file ends without a newline
src\wireless.c(65): warning:  #177-D: variable "NVIC_InitStructure" was declared but never referenced
src\wireless.c(247): warning:  #550-D: variable "chipStatusByte" was set but never used
src\wireless.c(268): warning:  #177-D: variable "x" was declared but never referenced
linking...
Program Size: Code=4904 RO-data=424 RW-data=40 ZI-data=1632  
".\obj\Lab2_Project.axf" - 0 Error(s), 4 Warning(s).
Load "C:\\Users\\gmarti37\\ECSE426G4\\SPI Test Project\\Lab 2 Base Project Example\\obj\\Lab2_Project.axf" 
Erase Done.
Programming Done.
Verify OK.
Build target 'Target 1'
compiling wireless.c...
src\wireless.h(69): warning:  #1-D: last line of file ends without a newline
src\wireless.c(65): warning:  #177-D: variable "NVIC_InitStructure" was declared but never referenced
src\wireless.c(247): warning:  #550-D: variable "chipStatusByte" was set but never used
src\wireless.c(268): warning:  #177-D: variable "x" was declared but never referenced
linking...
Program Size: Code=4908 RO-data=424 RW-data=40 ZI-data=1632  
".\obj\Lab2_Project.axf" - 0 Error(s), 4 Warning(s).
Load "C:\\Users\\gmarti37\\ECSE426G4\\SPI Test Project\\Lab 2 Base Project Example\\obj\\Lab2_Project.axf" 
Erase Done.
Programming Done.
Verify OK.
Build target 'Target 1'
linking...
Program Size: Code=4908 RO-data=424 RW-data=40 ZI-data=1632  
".\obj\Lab2_Project.axf" - 0 Error(s), 0 Warning(s).
Load "C:\\Users\\gmarti37\\ECSE426G4\\SPI Test Project\\Lab 2 Base Project Example\\obj\\Lab2_Project.axf" 
Erase Done.
Programming Done.
Verify OK.
