<html>
<body>
<pre>
<h1>µVision Build Log</h1>
<h2>Project:</h2>
C:\Users\gmarti37\ECSE426G4\SPI Test Project\Lab 2 Base Project Example\Lab2_Project.uvproj
Project File Date:  10/05/2013

<h2>Output:</h2>
Build target 'Target 1'
assembling startup_stm32f40xx.s...
compiling fputc_debug.c...
compiling main.c...
src\main.c(31): warning:  #223-D: function "SPIx_CLK_INIT" declared implicitly
src\main.c(31): error:  #20: identifier "SPIx_CLK" is undefined
src\main.c(34): error:  #20: identifier "SPIx_SCK_GPIO_CLK" is undefined
src\main.c(34): error:  #20: identifier "SPIx_MISO_GPIO_CLK" is undefined
src\main.c(34): error:  #20: identifier "SPIx_MOSI_GPIO_CLK" is undefined
src\main.c(38): error:  #20: identifier "SPIx_SCK_GPIO_PORT" is undefined
src\main.c(39): error:  #20: identifier "SPIx_MISO_GPIO_PORT" is undefined
src\main.c(40): error:  #20: identifier "SPIx_MOSI_GPIO_PORT" is undefined
src\main.c(43): error:  #20: identifier "SPIx_SCK_SOURCE" is undefined
src\main.c(43): error:  #20: identifier "SPIx_SCK_AF" is undefined
src\main.c(44): error:  #20: identifier "SPIx_MISO_SOURCE" is undefined
src\main.c(44): error:  #20: identifier "SPIx_MISO_AF" is undefined
src\main.c(45): error:  #20: identifier "SPIx_MOSI_SOURCE" is undefined
src\main.c(45): error:  #20: identifier "SPIx_MOSI_AF" is undefined
src\main.c(53): error:  #20: identifier "SPIx_SCK_PIN" is undefined
src\main.c(57): error:  #20: identifier "SPIx_MISO_PIN" is undefined
src\main.c(61): error:  #20: identifier "SPIx_MOSI_PIN" is undefined
src\main.c(65): error:  #20: identifier "SPIx" is undefined
src\main.c(66): error:  #20: identifier "SPI_InitStructure" is undefined
src\main.c(79): error:  #20: identifier "SPIx_IRQn" is undefined
compiling system_stm32f4xx.c...
compiling misc.c...
compiling stm32f4xx_adc.c...
compiling stm32f4xx_can.c...
compiling stm32f4xx_crc.c...
compiling stm32f4xx_cryp.c...
compiling stm32f4xx_cryp_aes.c...
compiling stm32f4xx_cryp_des.c...
compiling stm32f4xx_cryp_tdes.c...
compiling stm32f4xx_dac.c...
compiling stm32f4xx_dbgmcu.c...
compiling stm32f4xx_dcmi.c...
compiling stm32f4xx_dma.c...
compiling stm32f4xx_exti.c...
compiling stm32f4xx_flash.c...
compiling stm32f4xx_fsmc.c...
compiling stm32f4xx_gpio.c...
compiling stm32f4xx_hash.c...
compiling stm32f4xx_hash_md5.c...
compiling stm32f4xx_hash_sha1.c...
compiling stm32f4xx_i2c.c...
compiling stm32f4xx_iwdg.c...
compiling stm32f4xx_pwr.c...
compiling stm32f4xx_rcc.c...
compiling stm32f4xx_rng.c...
compiling stm32f4xx_rtc.c...
compiling stm32f4xx_sdio.c...
compiling stm32f4xx_spi.c...
compiling stm32f4xx_syscfg.c...
compiling stm32f4xx_tim.c...
compiling stm32f4xx_usart.c...
compiling stm32f4xx_wwdg.c...
Target not created
Build target 'Target 1'
compiling main.c...
linking...
Program Size: Code=4416 RO-data=424 RW-data=36 ZI-data=1652  
".\obj\Lab2_Project.axf" - 0 Error(s), 0 Warning(s).
Build target 'Target 1'
compiling main.c...
src\main.c(40): warning:  #223-D: function "SPI_Config" declared implicitly
src\main.c(50): error:  #159: declaration is incompatible with previous "SPI_Config" (declared at line 40)
src\main.c(57): error:  #20: identifier "RCC_APB1Periph_SPI1" is undefined
Target not created
Build target 'Target 1'
compiling main.c...
src\main.c(40): warning:  #223-D: function "SPI_Config" declared implicitly
src\main.c(50): error:  #159: declaration is incompatible with previous "SPI_Config" (declared at line 40)
Target not created
Build target 'Target 1'
compiling main.c...
linking...
Program Size: Code=4424 RO-data=424 RW-data=36 ZI-data=1652  
".\obj\Lab2_Project.axf" - 0 Error(s), 0 Warning(s).
Load "C:\\Users\\gmarti37\\ECSE426G4\\SPI Test Project\\Lab 2 Base Project Example\\obj\\Lab2_Project.axf" 
Erase Done.
Programming Done.
Verify OK.
Build target 'Target 1'
compiling main.c...
linking...
Program Size: Code=4644 RO-data=424 RW-data=44 ZI-data=1652  
".\obj\Lab2_Project.axf" - 0 Error(s), 0 Warning(s).
Build target 'Target 1'
compiling main.c...
linking...
Program Size: Code=4644 RO-data=424 RW-data=44 ZI-data=1652  
".\obj\Lab2_Project.axf" - 0 Error(s), 0 Warning(s).
Load "C:\\Users\\gmarti37\\ECSE426G4\\SPI Test Project\\Lab 2 Base Project Example\\obj\\Lab2_Project.axf" 
Erase Done.
Programming Done.
Verify OK.
Build target 'Target 1'
compiling main.c...
linking...
Program Size: Code=5072 RO-data=424 RW-data=44 ZI-data=1652  
".\obj\Lab2_Project.axf" - 0 Error(s), 0 Warning(s).
Load "C:\\Users\\gmarti37\\ECSE426G4\\SPI Test Project\\Lab 2 Base Project Example\\obj\\Lab2_Project.axf" 
Erase Done.
Programming Done.
Verify OK.
Build target 'Target 1'
linking...
Program Size: Code=5072 RO-data=424 RW-data=44 ZI-data=1652  
".\obj\Lab2_Project.axf" - 0 Error(s), 0 Warning(s).
Load "C:\\Users\\gmarti37\\ECSE426G4\\SPI Test Project\\Lab 2 Base Project Example\\obj\\Lab2_Project.axf" 
Erase Done.
Programming Done.
Verify OK.
