<html>
<body>
<pre>
<h1>µVision Build Log</h1>
<h2>Project:</h2>
C:\Users\gmarti37\ECSE426G4\SPI Test Project\Lab 2 Base Project Example\Lab2_Project.uvproj
Project File Date:  11/18/2013

<h2>Output:</h2>
Build target 'Target 1'
assembling startup_stm32f40xx.s...
compiling fputc_debug.c...
compiling main.c...
src\main.c(69): warning:  #177-D: variable "data" was declared but never referenced
src\main.c(184): warning:  #177-D: variable "x" was declared but never referenced
compiling system_stm32f4xx.c...
compiling misc.c...
compiling stm32f4xx_adc.c...
compiling stm32f4xx_can.c...
compiling stm32f4xx_crc.c...
compiling stm32f4xx_cryp.c...
compiling stm32f4xx_cryp_aes.c...
compiling stm32f4xx_cryp_des.c...
compiling stm32f4xx_cryp_tdes.c...
compiling stm32f4xx_dac.c...
compiling stm32f4xx_dbgmcu.c...
compiling stm32f4xx_dcmi.c...
compiling stm32f4xx_dma.c...
compiling stm32f4xx_exti.c...
compiling stm32f4xx_flash.c...
compiling stm32f4xx_fsmc.c...
compiling stm32f4xx_gpio.c...
compiling stm32f4xx_hash.c...
compiling stm32f4xx_hash_md5.c...
compiling stm32f4xx_hash_sha1.c...
compiling stm32f4xx_i2c.c...
compiling stm32f4xx_iwdg.c...
compiling stm32f4xx_pwr.c...
compiling stm32f4xx_rcc.c...
compiling stm32f4xx_rng.c...
compiling stm32f4xx_rtc.c...
compiling stm32f4xx_sdio.c...
compiling stm32f4xx_spi.c...
compiling stm32f4xx_syscfg.c...
compiling stm32f4xx_tim.c...
compiling stm32f4xx_usart.c...
compiling stm32f4xx_wwdg.c...
linking...
Program Size: Code=5208 RO-data=424 RW-data=48 ZI-data=1656  
".\obj\Lab2_Project.axf" - 0 Error(s), 2 Warning(s).
Build target 'Target 1'
compiling main.c...
src\main.c(69): warning:  #177-D: variable "data" was declared but never referenced
src\main.c(184): warning:  #177-D: variable "x" was declared but never referenced
linking...
Program Size: Code=5208 RO-data=424 RW-data=48 ZI-data=1656  
".\obj\Lab2_Project.axf" - 0 Error(s), 2 Warning(s).
Build target 'Target 1'
compiling main.c...
src\main.c(73): error:  #167: argument of type "uint8_t (*)[4]" is incompatible with parameter of type "uint8_t *"
src\main.c(188): warning:  #177-D: variable "x" was declared but never referenced
Target not created
Build target 'Target 1'
compiling main.c...
src\main.c(73): error:  #167: argument of type "uint8_t **" is incompatible with parameter of type "uint8_t *"
src\main.c(188): warning:  #177-D: variable "x" was declared but never referenced
Target not created
Build target 'Target 1'
compiling main.c...
src\main.c(188): warning:  #177-D: variable "x" was declared but never referenced
linking...
Program Size: Code=5220 RO-data=424 RW-data=48 ZI-data=1656  
".\obj\Lab2_Project.axf" - 0 Error(s), 1 Warning(s).
Build target 'Target 1'
compiling main.c...
src\main.c(188): warning:  #177-D: variable "x" was declared but never referenced
linking...
Program Size: Code=5208 RO-data=424 RW-data=48 ZI-data=1656  
".\obj\Lab2_Project.axf" - 0 Error(s), 1 Warning(s).
Build target 'Target 1'
compiling main.c...
src\main.c(193): warning:  #177-D: variable "x" was declared but never referenced
linking...
Program Size: Code=5228 RO-data=424 RW-data=48 ZI-data=1656  
".\obj\Lab2_Project.axf" - 0 Error(s), 1 Warning(s).
Build target 'Target 1'
compiling main.c...
src\main.c(194): warning:  #177-D: variable "x" was declared but never referenced
linking...
Program Size: Code=5228 RO-data=424 RW-data=48 ZI-data=1656  
".\obj\Lab2_Project.axf" - 0 Error(s), 1 Warning(s).
Build target 'Target 1'
compiling main.c...
src\main.c(194): warning:  #177-D: variable "x" was declared but never referenced
linking...
Program Size: Code=5228 RO-data=424 RW-data=48 ZI-data=1656  
".\obj\Lab2_Project.axf" - 0 Error(s), 1 Warning(s).
Build target 'Target 1'
compiling main.c...
src\main.c(194): warning:  #177-D: variable "x" was declared but never referenced
linking...
Program Size: Code=5228 RO-data=424 RW-data=48 ZI-data=1656  
".\obj\Lab2_Project.axf" - 0 Error(s), 1 Warning(s).
Build target 'Target 1'
compiling main.c...
src\main.c(198): warning:  #177-D: variable "x" was declared but never referenced
linking...
Program Size: Code=5240 RO-data=424 RW-data=48 ZI-data=1656  
".\obj\Lab2_Project.axf" - 0 Error(s), 1 Warning(s).
Load "C:\\Users\\gmarti37\\ECSE426G4\\SPI Test Project\\Lab 2 Base Project Example\\obj\\Lab2_Project.axf" 
Build target 'Target 1'
linking...
Program Size: Code=5240 RO-data=424 RW-data=48 ZI-data=1656  
".\obj\Lab2_Project.axf" - 0 Error(s), 0 Warning(s).
Load "C:\\Users\\gmarti37\\ECSE426G4\\SPI Test Project\\Lab 2 Base Project Example\\obj\\Lab2_Project.axf" 
Load "C:\\Users\\gmarti37\\ECSE426G4\\SPI Test Project\\Lab 2 Base Project Example\\obj\\Lab2_Project.axf" 
Build target 'Target 1'
linking...
Program Size: Code=5240 RO-data=424 RW-data=48 ZI-data=1656  
".\obj\Lab2_Project.axf" - 0 Error(s), 0 Warning(s).
Load "C:\\Users\\gmarti37\\ECSE426G4\\SPI Test Project\\Lab 2 Base Project Example\\obj\\Lab2_Project.axf" 
Load "C:\\Users\\gmarti37\\ECSE426G4\\SPI Test Project\\Lab 2 Base Project Example\\obj\\Lab2_Project.axf" 
Load "C:\\Users\\gmarti37\\ECSE426G4\\SPI Test Project\\Lab 2 Base Project Example\\obj\\Lab2_Project.axf" 
Erase Done.
Programming Done.
Verify OK.
Build target 'Target 1'
compiling main.c...
src\main.c(200): warning:  #177-D: variable "x" was declared but never referenced
linking...
Program Size: Code=5248 RO-data=424 RW-data=48 ZI-data=1656  
".\obj\Lab2_Project.axf" - 0 Error(s), 1 Warning(s).
Load "C:\\Users\\gmarti37\\ECSE426G4\\SPI Test Project\\Lab 2 Base Project Example\\obj\\Lab2_Project.axf" 
Erase Done.
Programming Done.
Verify OK.
Build target 'Target 1'
compiling main.c...
src\main.c(200): warning:  #177-D: variable "x" was declared but never referenced
linking...
Program Size: Code=5236 RO-data=424 RW-data=48 ZI-data=1656  
".\obj\Lab2_Project.axf" - 0 Error(s), 1 Warning(s).
Load "C:\\Users\\gmarti37\\ECSE426G4\\SPI Test Project\\Lab 2 Base Project Example\\obj\\Lab2_Project.axf" 
Erase Done.
Programming Done.
Verify OK.
Build target 'Target 1'
compiling main.c...
src\main.c(200): warning:  #177-D: variable "x" was declared but never referenced
linking...
Program Size: Code=5248 RO-data=424 RW-data=48 ZI-data=1656  
".\obj\Lab2_Project.axf" - 0 Error(s), 1 Warning(s).
Load "C:\\Users\\gmarti37\\ECSE426G4\\SPI Test Project\\Lab 2 Base Project Example\\obj\\Lab2_Project.axf" 
Erase Done.
Programming Done.
Verify OK.
Build target 'Target 1'
compiling main.c...
src\main.c(200): warning:  #177-D: variable "x" was declared but never referenced
linking...
Program Size: Code=5240 RO-data=424 RW-data=48 ZI-data=1656  
".\obj\Lab2_Project.axf" - 0 Error(s), 1 Warning(s).
Load "C:\\Users\\gmarti37\\ECSE426G4\\SPI Test Project\\Lab 2 Base Project Example\\obj\\Lab2_Project.axf" 
Erase Done.
Programming Done.
Verify OK.
Build target 'Target 1'
compiling main.c...
src\main.c(202): warning:  #177-D: variable "x" was declared but never referenced
linking...
Program Size: Code=5244 RO-data=424 RW-data=48 ZI-data=1656  
".\obj\Lab2_Project.axf" - 0 Error(s), 1 Warning(s).
Load "C:\\Users\\gmarti37\\ECSE426G4\\SPI Test Project\\Lab 2 Base Project Example\\obj\\Lab2_Project.axf" 
Erase Done.
Programming Done.
Verify OK.
Build target 'Target 1'
compiling main.c...
src\main.c(202): warning:  #177-D: variable "x" was declared but never referenced
linking...
Program Size: Code=5252 RO-data=424 RW-data=48 ZI-data=1656  
".\obj\Lab2_Project.axf" - 0 Error(s), 1 Warning(s).
Load "C:\\Users\\gmarti37\\ECSE426G4\\SPI Test Project\\Lab 2 Base Project Example\\obj\\Lab2_Project.axf" 
Erase Done.
Programming Done.
Verify OK.
Build target 'Target 1'
compiling main.c...
src\main.c(204): warning:  #177-D: variable "x" was declared but never referenced
linking...
Program Size: Code=5252 RO-data=424 RW-data=48 ZI-data=1656  
".\obj\Lab2_Project.axf" - 0 Error(s), 1 Warning(s).
Load "C:\\Users\\gmarti37\\ECSE426G4\\SPI Test Project\\Lab 2 Base Project Example\\obj\\Lab2_Project.axf" 
Erase Done.
Programming Done.
Verify OK.
Build target 'Target 1'
compiling main.c...
src\main.c(204): warning:  #177-D: variable "x" was declared but never referenced
linking...
Program Size: Code=5248 RO-data=424 RW-data=48 ZI-data=1656  
".\obj\Lab2_Project.axf" - 0 Error(s), 1 Warning(s).
Load "C:\\Users\\gmarti37\\ECSE426G4\\SPI Test Project\\Lab 2 Base Project Example\\obj\\Lab2_Project.axf" 
Erase Done.
Programming Done.
Verify OK.
Build target 'Target 1'
linking...
Program Size: Code=5248 RO-data=424 RW-data=48 ZI-data=1656  
".\obj\Lab2_Project.axf" - 0 Error(s), 0 Warning(s).
Load "C:\\Users\\gmarti37\\ECSE426G4\\SPI Test Project\\Lab 2 Base Project Example\\obj\\Lab2_Project.axf" 
Erase Done.
Programming Done.
Verify OK.
Build target 'Target 1'
compiling main.c...
src\main.c(204): warning:  #177-D: variable "x" was declared but never referenced
linking...
Program Size: Code=5240 RO-data=424 RW-data=48 ZI-data=1656  
".\obj\Lab2_Project.axf" - 0 Error(s), 1 Warning(s).
Load "C:\\Users\\gmarti37\\ECSE426G4\\SPI Test Project\\Lab 2 Base Project Example\\obj\\Lab2_Project.axf" 
Erase Done.
Programming Done.
Verify OK.
Build target 'Target 1'
compiling main.c...
src\main.c(206): warning:  #177-D: variable "x" was declared but never referenced
linking...
Program Size: Code=5240 RO-data=424 RW-data=48 ZI-data=1656  
".\obj\Lab2_Project.axf" - 0 Error(s), 1 Warning(s).
Build target 'Target 1'
compiling main.c...
src\main.c(210): warning:  #177-D: variable "x" was declared but never referenced
linking...
Program Size: Code=5248 RO-data=424 RW-data=48 ZI-data=1656  
".\obj\Lab2_Project.axf" - 0 Error(s), 1 Warning(s).
Load "C:\\Users\\gmarti37\\ECSE426G4\\SPI Test Project\\Lab 2 Base Project Example\\obj\\Lab2_Project.axf" 
Erase Done.
Programming Done.
Verify OK.
Build target 'Target 1'
compiling main.c...
src\main.c(208): warning:  #177-D: variable "x" was declared but never referenced
linking...
Program Size: Code=5248 RO-data=424 RW-data=48 ZI-data=1656  
".\obj\Lab2_Project.axf" - 0 Error(s), 1 Warning(s).
Load "C:\\Users\\gmarti37\\ECSE426G4\\SPI Test Project\\Lab 2 Base Project Example\\obj\\Lab2_Project.axf" 
Erase Done.
Programming Done.
Verify OK.
Build target 'Target 1'
compiling main.c...
src\main.c(208): warning:  #177-D: variable "x" was declared but never referenced
linking...
Program Size: Code=5248 RO-data=424 RW-data=48 ZI-data=1656  
".\obj\Lab2_Project.axf" - 0 Error(s), 1 Warning(s).
Load "C:\\Users\\gmarti37\\ECSE426G4\\SPI Test Project\\Lab 2 Base Project Example\\obj\\Lab2_Project.axf" 
Erase Done.
Programming Done.
Verify OK.
Build target 'Target 1'
compiling main.c...
src\main.c(208): warning:  #177-D: variable "x" was declared but never referenced
linking...
Program Size: Code=5248 RO-data=424 RW-data=48 ZI-data=1656  
".\obj\Lab2_Project.axf" - 0 Error(s), 1 Warning(s).
Load "C:\\Users\\gmarti37\\ECSE426G4\\SPI Test Project\\Lab 2 Base Project Example\\obj\\Lab2_Project.axf" 
Erase Done.
Programming Done.
Verify OK.
Build target 'Target 1'
compiling main.c...
src\main.c(74): error:  #167: argument of type "uint8_t (*)[1]" is incompatible with parameter of type "uint8_t *"
src\main.c(208): warning:  #177-D: variable "x" was declared but never referenced
Target not created
Build target 'Target 1'
compiling main.c...
src\main.c(208): warning:  #177-D: variable "x" was declared but never referenced
linking...
Program Size: Code=5240 RO-data=424 RW-data=48 ZI-data=1656  
".\obj\Lab2_Project.axf" - 0 Error(s), 1 Warning(s).
Load "C:\\Users\\gmarti37\\ECSE426G4\\SPI Test Project\\Lab 2 Base Project Example\\obj\\Lab2_Project.axf" 
Erase Done.
Programming Done.
Verify OK.
Build target 'Target 1'
compiling main.c...
src\main.c(209): warning:  #177-D: variable "x" was declared but never referenced
linking...
Program Size: Code=5236 RO-data=424 RW-data=48 ZI-data=1656  
".\obj\Lab2_Project.axf" - 0 Error(s), 1 Warning(s).
Load "C:\\Users\\gmarti37\\ECSE426G4\\SPI Test Project\\Lab 2 Base Project Example\\obj\\Lab2_Project.axf" 
Erase Done.
Programming Done.
Verify OK.
Build target 'Target 1'
compiling main.c...
src\main.c(209): warning:  #177-D: variable "x" was declared but never referenced
linking...
Program Size: Code=5236 RO-data=424 RW-data=48 ZI-data=1656  
".\obj\Lab2_Project.axf" - 0 Error(s), 1 Warning(s).
Load "C:\\Users\\gmarti37\\ECSE426G4\\SPI Test Project\\Lab 2 Base Project Example\\obj\\Lab2_Project.axf" 
Erase Done.
Programming Done.
Verify OK.
Build target 'Target 1'
compiling main.c...
src\main.c(209): warning:  #177-D: variable "x" was declared but never referenced
linking...
Program Size: Code=5236 RO-data=424 RW-data=48 ZI-data=1656  
".\obj\Lab2_Project.axf" - 0 Error(s), 1 Warning(s).
Load "C:\\Users\\gmarti37\\ECSE426G4\\SPI Test Project\\Lab 2 Base Project Example\\obj\\Lab2_Project.axf" 
Erase Done.
Programming Done.
Verify OK.
Build target 'Target 1'
compiling main.c...
src\main.c(209): warning:  #177-D: variable "x" was declared but never referenced
linking...
Program Size: Code=5236 RO-data=424 RW-data=48 ZI-data=1656  
".\obj\Lab2_Project.axf" - 0 Error(s), 1 Warning(s).
Load "C:\\Users\\gmarti37\\ECSE426G4\\SPI Test Project\\Lab 2 Base Project Example\\obj\\Lab2_Project.axf" 
Erase Done.
Programming Done.
Verify OK.
Build target 'Target 1'
compiling main.c...
src\main.c(211): warning:  #177-D: variable "x" was declared but never referenced
linking...
Program Size: Code=5248 RO-data=424 RW-data=48 ZI-data=1656  
".\obj\Lab2_Project.axf" - 0 Error(s), 1 Warning(s).
Load "C:\\Users\\gmarti37\\ECSE426G4\\SPI Test Project\\Lab 2 Base Project Example\\obj\\Lab2_Project.axf" 
Erase Done.
Programming Done.
Verify OK.
Build target 'Target 1'
compiling main.c...
src\main.c(211): warning:  #177-D: variable "x" was declared but never referenced
linking...
Program Size: Code=5248 RO-data=424 RW-data=48 ZI-data=1656  
".\obj\Lab2_Project.axf" - 0 Error(s), 1 Warning(s).
Load "C:\\Users\\gmarti37\\ECSE426G4\\SPI Test Project\\Lab 2 Base Project Example\\obj\\Lab2_Project.axf" 
Erase Done.
Programming Done.
Verify OK.
Build target 'Target 1'
compiling main.c...
src\main.c(211): warning:  #177-D: variable "x" was declared but never referenced
linking...
Program Size: Code=5252 RO-data=424 RW-data=48 ZI-data=1656  
".\obj\Lab2_Project.axf" - 0 Error(s), 1 Warning(s).
Build target 'Target 1'
compiling main.c...
src\main.c(211): warning:  #177-D: variable "x" was declared but never referenced
linking...
Program Size: Code=5252 RO-data=424 RW-data=48 ZI-data=1656  
".\obj\Lab2_Project.axf" - 0 Error(s), 1 Warning(s).
Load "C:\\Users\\gmarti37\\ECSE426G4\\SPI Test Project\\Lab 2 Base Project Example\\obj\\Lab2_Project.axf" 
Erase Done.
Programming Done.
Verify OK.
Build target 'Target 1'
compiling main.c...
src\main.c(211): warning:  #177-D: variable "x" was declared but never referenced
linking...
Program Size: Code=5252 RO-data=424 RW-data=48 ZI-data=1656  
".\obj\Lab2_Project.axf" - 0 Error(s), 1 Warning(s).
Load "C:\\Users\\gmarti37\\ECSE426G4\\SPI Test Project\\Lab 2 Base Project Example\\obj\\Lab2_Project.axf" 
Erase Done.
Programming Done.
Verify OK.
Build target 'Target 1'
compiling main.c...
src\main.c(69): error:  #70: incomplete type is not allowed
src\main.c(211): warning:  #177-D: variable "x" was declared but never referenced
Target not created
Build target 'Target 1'
compiling main.c...
src\main.c(211): warning:  #177-D: variable "x" was declared but never referenced
linking...
Program Size: Code=5252 RO-data=424 RW-data=48 ZI-data=1656  
".\obj\Lab2_Project.axf" - 0 Error(s), 1 Warning(s).
Load "C:\\Users\\gmarti37\\ECSE426G4\\SPI Test Project\\Lab 2 Base Project Example\\obj\\Lab2_Project.axf" 
Erase Done.
Programming Done.
Verify OK.
Build target 'Target 1'
compiling main.c...
src\main.c(73): error:  #20: identifier "command" is undefined
src\main.c(211): warning:  #177-D: variable "x" was declared but never referenced
Target not created
Build target 'Target 1'
compiling main.c...
src\main.c(211): warning:  #177-D: variable "x" was declared but never referenced
linking...
Program Size: Code=5240 RO-data=424 RW-data=48 ZI-data=1656  
".\obj\Lab2_Project.axf" - 0 Error(s), 1 Warning(s).
Load "C:\\Users\\gmarti37\\ECSE426G4\\SPI Test Project\\Lab 2 Base Project Example\\obj\\Lab2_Project.axf" 
Erase Done.
Programming Done.
Verify OK.
Build target 'Target 1'
compiling main.c...
src\main.c(211): warning:  #177-D: variable "x" was declared but never referenced
linking...
Program Size: Code=5236 RO-data=424 RW-data=48 ZI-data=1656  
".\obj\Lab2_Project.axf" - 0 Error(s), 1 Warning(s).
Load "C:\\Users\\gmarti37\\ECSE426G4\\SPI Test Project\\Lab 2 Base Project Example\\obj\\Lab2_Project.axf" 
Erase Done.
Programming Done.
Verify OK.
Build target 'Target 1'
linking...
Program Size: Code=5236 RO-data=424 RW-data=48 ZI-data=1656  
".\obj\Lab2_Project.axf" - 0 Error(s), 0 Warning(s).
Load "C:\\Users\\gmarti37\\ECSE426G4\\SPI Test Project\\Lab 2 Base Project Example\\obj\\Lab2_Project.axf" 
Erase Done.
Programming Done.
Verify OK.
Build target 'Target 1'
compiling main.c...
src\main.c(211): warning:  #177-D: variable "x" was declared but never referenced
linking...
Program Size: Code=5240 RO-data=424 RW-data=48 ZI-data=1656  
".\obj\Lab2_Project.axf" - 0 Error(s), 1 Warning(s).
Load "C:\\Users\\gmarti37\\ECSE426G4\\SPI Test Project\\Lab 2 Base Project Example\\obj\\Lab2_Project.axf" 
Erase Done.
Programming Done.
Verify OK.
Build target 'Target 1'
compiling main.c...
src\main.c(211): warning:  #177-D: variable "x" was declared but never referenced
linking...
Program Size: Code=5240 RO-data=424 RW-data=48 ZI-data=1656  
".\obj\Lab2_Project.axf" - 0 Error(s), 1 Warning(s).
Load "C:\\Users\\gmarti37\\ECSE426G4\\SPI Test Project\\Lab 2 Base Project Example\\obj\\Lab2_Project.axf" 
Erase Done.
Programming Done.
Verify OK.
Build target 'Target 1'
compiling main.c...
src\main.c(211): warning:  #177-D: variable "x" was declared but never referenced
linking...
Program Size: Code=5240 RO-data=424 RW-data=48 ZI-data=1656  
".\obj\Lab2_Project.axf" - 0 Error(s), 1 Warning(s).
Build target 'Target 1'
compiling main.c...
src\main.c(211): warning:  #177-D: variable "x" was declared but never referenced
linking...
Program Size: Code=5240 RO-data=424 RW-data=48 ZI-data=1656  
".\obj\Lab2_Project.axf" - 0 Error(s), 1 Warning(s).
Load "C:\\Users\\gmarti37\\ECSE426G4\\SPI Test Project\\Lab 2 Base Project Example\\obj\\Lab2_Project.axf" 
Erase Done.
Programming Done.
Verify OK.
Build target 'Target 1'
compiling main.c...
src\main.c(211): warning:  #177-D: variable "x" was declared but never referenced
linking...
Program Size: Code=5240 RO-data=424 RW-data=48 ZI-data=1656  
".\obj\Lab2_Project.axf" - 0 Error(s), 1 Warning(s).
Load "C:\\Users\\gmarti37\\ECSE426G4\\SPI Test Project\\Lab 2 Base Project Example\\obj\\Lab2_Project.axf" 
Erase Done.
Programming Done.
Verify OK.
Build target 'Target 1'
compiling main.c...
src\main.c(211): warning:  #177-D: variable "x" was declared but never referenced
linking...
Program Size: Code=5240 RO-data=424 RW-data=48 ZI-data=1656  
".\obj\Lab2_Project.axf" - 0 Error(s), 1 Warning(s).
Load "C:\\Users\\gmarti37\\ECSE426G4\\SPI Test Project\\Lab 2 Base Project Example\\obj\\Lab2_Project.axf" 
Erase Done.
Programming Done.
Verify OK.
Build target 'Target 1'
linking...
Program Size: Code=5240 RO-data=424 RW-data=48 ZI-data=1656  
".\obj\Lab2_Project.axf" - 0 Error(s), 0 Warning(s).
Load "C:\\Users\\gmarti37\\ECSE426G4\\SPI Test Project\\Lab 2 Base Project Example\\obj\\Lab2_Project.axf" 
Erase Done.
Programming Done.
Verify OK.
Build target 'Target 1'
compiling main.c...
linking...
Program Size: Code=5236 RO-data=424 RW-data=48 ZI-data=1656  
".\obj\Lab2_Project.axf" - 0 Error(s), 0 Warning(s).
Build target 'Target 1'
compiling main.c...
linking...
Program Size: Code=5236 RO-data=424 RW-data=48 ZI-data=1656  
".\obj\Lab2_Project.axf" - 0 Error(s), 0 Warning(s).
Load "C:\\Users\\gmarti37\\ECSE426G4\\SPI Test Project\\Lab 2 Base Project Example\\obj\\Lab2_Project.axf" 
Erase Done.
Programming Done.
Verify OK.
Build target 'Target 1'
compiling main.c...
linking...
Program Size: Code=5236 RO-data=424 RW-data=48 ZI-data=1656  
".\obj\Lab2_Project.axf" - 0 Error(s), 0 Warning(s).
Build target 'Target 1'
compiling main.c...
linking...
Program Size: Code=5232 RO-data=424 RW-data=48 ZI-data=1656  
".\obj\Lab2_Project.axf" - 0 Error(s), 0 Warning(s).
Load "C:\\Users\\gmarti37\\ECSE426G4\\SPI Test Project\\Lab 2 Base Project Example\\obj\\Lab2_Project.axf" 
Erase Done.
Programming Done.
Verify OK.
Build target 'Target 1'
compiling main.c...
linking...
Program Size: Code=5232 RO-data=424 RW-data=48 ZI-data=1656  
".\obj\Lab2_Project.axf" - 0 Error(s), 0 Warning(s).
Load "C:\\Users\\gmarti37\\ECSE426G4\\SPI Test Project\\Lab 2 Base Project Example\\obj\\Lab2_Project.axf" 
Erase Done.
Programming Done.
Verify OK.
Build target 'Target 1'
compiling main.c...
linking...
Program Size: Code=5232 RO-data=424 RW-data=48 ZI-data=1656  
".\obj\Lab2_Project.axf" - 0 Error(s), 0 Warning(s).
Load "C:\\Users\\gmarti37\\ECSE426G4\\SPI Test Project\\Lab 2 Base Project Example\\obj\\Lab2_Project.axf" 
Erase Done.
Programming Done.
Verify OK.
Build target 'Target 1'
compiling main.c...
linking...
Program Size: Code=5232 RO-data=424 RW-data=48 ZI-data=1656  
".\obj\Lab2_Project.axf" - 0 Error(s), 0 Warning(s).
