<html>
<body>
<pre>
<h1>µVision Build Log</h1>
<h2>Project:</h2>
C:\Users\gmarti37\ECSE426G4\SPI Test Project\Lab 2 Base Project Example\Lab2_Project.uvproj
Project File Date:  11/22/2013

<h2>Output:</h2>
Build target 'Target 1'
assembling startup_stm32f40xx.s...
compiling fputc_debug.c...
compiling main.c...
compiling system_stm32f4xx.c...
compiling misc.c...
compiling stm32f4xx_adc.c...
compiling stm32f4xx_can.c...
compiling stm32f4xx_crc.c...
compiling stm32f4xx_cryp.c...
compiling stm32f4xx_cryp_aes.c...
compiling stm32f4xx_cryp_des.c...
compiling stm32f4xx_cryp_tdes.c...
compiling stm32f4xx_dac.c...
compiling stm32f4xx_dbgmcu.c...
compiling stm32f4xx_dcmi.c...
compiling stm32f4xx_dma.c...
compiling stm32f4xx_exti.c...
compiling stm32f4xx_flash.c...
compiling stm32f4xx_fsmc.c...
compiling stm32f4xx_gpio.c...
compiling stm32f4xx_hash.c...
compiling stm32f4xx_hash_md5.c...
compiling stm32f4xx_hash_sha1.c...
compiling stm32f4xx_i2c.c...
compiling stm32f4xx_iwdg.c...
compiling stm32f4xx_pwr.c...
compiling stm32f4xx_rcc.c...
compiling stm32f4xx_rng.c...
compiling stm32f4xx_rtc.c...
compiling stm32f4xx_sdio.c...
compiling stm32f4xx_spi.c...
compiling stm32f4xx_syscfg.c...
compiling stm32f4xx_tim.c...
compiling stm32f4xx_usart.c...
compiling stm32f4xx_wwdg.c...
linking...
Program Size: Code=5232 RO-data=424 RW-data=48 ZI-data=1656  
".\obj\Lab2_Project.axf" - 0 Error(s), 0 Warning(s).
Build target 'Target 1'
linking...
Program Size: Code=5232 RO-data=424 RW-data=48 ZI-data=1656  
".\obj\Lab2_Project.axf" - 0 Error(s), 0 Warning(s).
Load "C:\\Users\\gmarti37\\ECSE426G4\\SPI Test Project\\Lab 2 Base Project Example\\obj\\Lab2_Project.axf" 
Erase Done.
Programming Done.
Verify OK.
Build target 'Target 1'
linking...
Program Size: Code=5232 RO-data=424 RW-data=48 ZI-data=1656  
".\obj\Lab2_Project.axf" - 0 Error(s), 0 Warning(s).
Build target 'Target 1'
compiling main.c...
linking...
Program Size: Code=5232 RO-data=424 RW-data=48 ZI-data=1656  
".\obj\Lab2_Project.axf" - 0 Error(s), 0 Warning(s).
Load "C:\\Users\\gmarti37\\ECSE426G4\\SPI Test Project\\Lab 2 Base Project Example\\obj\\Lab2_Project.axf" 
Erase Done.
Programming Done.
Verify OK.
Build target 'Target 1'
linking...
Program Size: Code=5232 RO-data=424 RW-data=48 ZI-data=1656  
".\obj\Lab2_Project.axf" - 0 Error(s), 0 Warning(s).
Load "C:\\Users\\gmarti37\\ECSE426G4\\SPI Test Project\\Lab 2 Base Project Example\\obj\\Lab2_Project.axf" 
Erase Done.
Programming Done.
Verify OK.
Build target 'Target 1'
compiling main.c...
linking...
Program Size: Code=5232 RO-data=424 RW-data=48 ZI-data=1656  
".\obj\Lab2_Project.axf" - 0 Error(s), 0 Warning(s).
Load "C:\\Users\\gmarti37\\ECSE426G4\\SPI Test Project\\Lab 2 Base Project Example\\obj\\Lab2_Project.axf" 
Erase Done.
Programming Done.
Verify OK.
Build target 'Target 1'
compiling main.c...
src\main.c(97): warning:  #177-D: variable "NVIC_InitStructure" was declared but never referenced
linking...
Program Size: Code=4968 RO-data=424 RW-data=48 ZI-data=1656  
".\obj\Lab2_Project.axf" - 0 Error(s), 1 Warning(s).
Build target 'Target 1'
linking...
Program Size: Code=4968 RO-data=424 RW-data=48 ZI-data=1656  
".\obj\Lab2_Project.axf" - 0 Error(s), 0 Warning(s).
Load "C:\\Users\\gmarti37\\ECSE426G4\\SPI Test Project\\Lab 2 Base Project Example\\obj\\Lab2_Project.axf" 
Erase Done.
Programming Done.
Verify OK.
Build target 'Target 1'
compiling main.c...
src\main.c(71): warning:  #177-D: variable "pBuffer" was declared but never referenced
src\main.c(104): warning:  #177-D: variable "NVIC_InitStructure" was declared but never referenced
linking...
Program Size: Code=4972 RO-data=424 RW-data=48 ZI-data=1656  
".\obj\Lab2_Project.axf" - 0 Error(s), 2 Warning(s).
Build target 'Target 1'
compiling main.c...
src\main.c(84): error:  #167: argument of type "uint8_t (*)[1]" is incompatible with parameter of type "uint8_t *"
src\main.c(104): warning:  #177-D: variable "NVIC_InitStructure" was declared but never referenced
Target not created
Build target 'Target 1'
compiling main.c...
src\main.c(84): error:  #167: argument of type "uint8_t (*)[2]" is incompatible with parameter of type "uint8_t *"
src\main.c(104): warning:  #177-D: variable "NVIC_InitStructure" was declared but never referenced
Target not created
Build target 'Target 1'
compiling main.c...
src\main.c(104): warning:  #177-D: variable "NVIC_InitStructure" was declared but never referenced
linking...
Program Size: Code=4992 RO-data=424 RW-data=48 ZI-data=1656  
".\obj\Lab2_Project.axf" - 0 Error(s), 1 Warning(s).
Build target 'Target 1'
linking...
Program Size: Code=4992 RO-data=424 RW-data=48 ZI-data=1656  
".\obj\Lab2_Project.axf" - 0 Error(s), 0 Warning(s).
Load "C:\\Users\\gmarti37\\ECSE426G4\\SPI Test Project\\Lab 2 Base Project Example\\obj\\Lab2_Project.axf" 
Erase Done.
Programming Done.
Verify OK.
Build target 'Target 1'
compiling main.c...
src\main.c(104): warning:  #177-D: variable "NVIC_InitStructure" was declared but never referenced
linking...
Program Size: Code=4992 RO-data=424 RW-data=48 ZI-data=1656  
".\obj\Lab2_Project.axf" - 0 Error(s), 1 Warning(s).
Load "C:\\Users\\gmarti37\\ECSE426G4\\SPI Test Project\\Lab 2 Base Project Example\\obj\\Lab2_Project.axf" 
Erase Done.
Programming Done.
Verify OK.
Build target 'Target 1'
linking...
Program Size: Code=4992 RO-data=424 RW-data=48 ZI-data=1656  
".\obj\Lab2_Project.axf" - 0 Error(s), 0 Warning(s).
Load "C:\\Users\\gmarti37\\ECSE426G4\\SPI Test Project\\Lab 2 Base Project Example\\obj\\Lab2_Project.axf" 
Erase Done.
Programming Done.
Verify OK.
Build target 'Target 1'
compiling main.c...
src\main.c(104): warning:  #177-D: variable "NVIC_InitStructure" was declared but never referenced
src\main.c(256): warning:  #177-D: variable "wirelessTimeout" was declared but never referenced
linking...
Program Size: Code=5056 RO-data=424 RW-data=48 ZI-data=1656  
".\obj\Lab2_Project.axf" - 0 Error(s), 2 Warning(s).
Build target 'Target 1'
compiling main.c...
src\main.c(85): error:  #167: argument of type "uint8_t" is incompatible with parameter of type "uint8_t *"
src\main.c(107): warning:  #177-D: variable "NVIC_InitStructure" was declared but never referenced
src\main.c(259): warning:  #177-D: variable "wirelessTimeout" was declared but never referenced
Target not created
Build target 'Target 1'
compiling main.c...
src\main.c(107): warning:  #177-D: variable "NVIC_InitStructure" was declared but never referenced
src\main.c(259): warning:  #177-D: variable "wirelessTimeout" was declared but never referenced
linking...
Program Size: Code=5048 RO-data=424 RW-data=48 ZI-data=1656  
".\obj\Lab2_Project.axf" - 0 Error(s), 2 Warning(s).
Load "C:\\Users\\gmarti37\\ECSE426G4\\SPI Test Project\\Lab 2 Base Project Example\\obj\\Lab2_Project.axf" 
Erase Done.
Programming Done.
Verify OK.
Build target 'Target 1'
linking...
Program Size: Code=5048 RO-data=424 RW-data=48 ZI-data=1656  
".\obj\Lab2_Project.axf" - 0 Error(s), 0 Warning(s).
Load "C:\\Users\\gmarti37\\ECSE426G4\\SPI Test Project\\Lab 2 Base Project Example\\obj\\Lab2_Project.axf" 
Erase Done.
Programming Done.
Verify OK.
Build target 'Target 1'
compiling main.c...
src\main.c(107): warning:  #177-D: variable "NVIC_InitStructure" was declared but never referenced
src\main.c(259): warning:  #177-D: variable "wirelessTimeout" was declared but never referenced
linking...
Program Size: Code=5052 RO-data=424 RW-data=48 ZI-data=1656  
".\obj\Lab2_Project.axf" - 0 Error(s), 2 Warning(s).
Load "C:\\Users\\gmarti37\\ECSE426G4\\SPI Test Project\\Lab 2 Base Project Example\\obj\\Lab2_Project.axf" 
Erase Done.
Programming Done.
Verify OK.
Build target 'Target 1'
compiling main.c...
src\main.c(112): warning:  #177-D: variable "NVIC_InitStructure" was declared but never referenced
src\main.c(266): warning:  #177-D: variable "wirelessTimeout" was declared but never referenced
linking...
Program Size: Code=5064 RO-data=424 RW-data=48 ZI-data=1656  
".\obj\Lab2_Project.axf" - 0 Error(s), 2 Warning(s).
Load "C:\\Users\\gmarti37\\ECSE426G4\\SPI Test Project\\Lab 2 Base Project Example\\obj\\Lab2_Project.axf" 
Erase Done.
Programming Done.
Verify OK.
Build target 'Target 1'
compiling main.c...
src\main.c(112): warning:  #177-D: variable "NVIC_InitStructure" was declared but never referenced
src\main.c(266): warning:  #177-D: variable "wirelessTimeout" was declared but never referenced
linking...
Program Size: Code=5064 RO-data=424 RW-data=48 ZI-data=1656  
".\obj\Lab2_Project.axf" - 0 Error(s), 2 Warning(s).
Load "C:\\Users\\gmarti37\\ECSE426G4\\SPI Test Project\\Lab 2 Base Project Example\\obj\\Lab2_Project.axf" 
Erase Done.
Programming Done.
Verify OK.
Build target 'Target 1'
compiling main.c...
src\main.c(112): warning:  #177-D: variable "NVIC_InitStructure" was declared but never referenced
src\main.c(267): warning:  #177-D: variable "wirelessTimeout" was declared but never referenced
linking...
Program Size: Code=5064 RO-data=424 RW-data=48 ZI-data=1656  
".\obj\Lab2_Project.axf" - 0 Error(s), 2 Warning(s).
Load "C:\\Users\\gmarti37\\ECSE426G4\\SPI Test Project\\Lab 2 Base Project Example\\obj\\Lab2_Project.axf" 
Erase Done.
Programming Done.
Verify OK.
Build target 'Target 1'
compiling main.c...
src\main.c(108): warning:  #177-D: variable "NVIC_InitStructure" was declared but never referenced
src\main.c(260): warning:  #177-D: variable "wirelessTimeout" was declared but never referenced
linking...
Program Size: Code=5064 RO-data=424 RW-data=48 ZI-data=1656  
".\obj\Lab2_Project.axf" - 0 Error(s), 2 Warning(s).
Load "C:\\Users\\gmarti37\\ECSE426G4\\SPI Test Project\\Lab 2 Base Project Example\\obj\\Lab2_Project.axf" 
Erase Done.
Programming Done.
Verify OK.
Build target 'Target 1'
compiling main.c...
src\main.c(108): warning:  #177-D: variable "NVIC_InitStructure" was declared but never referenced
src\main.c(260): warning:  #177-D: variable "wirelessTimeout" was declared but never referenced
linking...
Program Size: Code=5064 RO-data=424 RW-data=48 ZI-data=1656  
".\obj\Lab2_Project.axf" - 0 Error(s), 2 Warning(s).
Load "C:\\Users\\gmarti37\\ECSE426G4\\SPI Test Project\\Lab 2 Base Project Example\\obj\\Lab2_Project.axf" 
Erase Done.
Programming Done.
Verify OK.
Build target 'Target 1'
compiling main.c...
src\main.c(108): warning:  #177-D: variable "NVIC_InitStructure" was declared but never referenced
src\main.c(262): warning:  #177-D: variable "wirelessTimeout" was declared but never referenced
linking...
Program Size: Code=5064 RO-data=424 RW-data=48 ZI-data=1656  
".\obj\Lab2_Project.axf" - 0 Error(s), 2 Warning(s).
Load "C:\\Users\\gmarti37\\ECSE426G4\\SPI Test Project\\Lab 2 Base Project Example\\obj\\Lab2_Project.axf" 
Erase Done.
Programming Done.
Verify OK.
Build target 'Target 1'
compiling main.c...
src\main.c(61): warning:  #1295-D: Deprecated declaration init_wireless_chip - give arg types
src\main.c(157): error:  #65: expected a ";"
src\main.c(162): warning:  #177-D: variable "NVIC_InitStructure" was declared but never referenced
src\main.c(314): warning:  #177-D: variable "wirelessTimeout" was declared but never referenced
Target not created
Build target 'Target 1'
compiling main.c...
src\main.c(61): warning:  #1295-D: Deprecated declaration init_wireless_chip - give arg types
src\main.c(162): warning:  #177-D: variable "NVIC_InitStructure" was declared but never referenced
src\main.c(314): warning:  #177-D: variable "wirelessTimeout" was declared but never referenced
linking...
Program Size: Code=5340 RO-data=424 RW-data=48 ZI-data=1656  
".\obj\Lab2_Project.axf" - 0 Error(s), 3 Warning(s).
Load "C:\\Users\\gmarti37\\ECSE426G4\\SPI Test Project\\Lab 2 Base Project Example\\obj\\Lab2_Project.axf" 
Erase Done.
Programming Done.
Verify OK.
Build target 'Target 1'
compiling main.c...
src\main.c(61): warning:  #1295-D: Deprecated declaration init_wireless_chip - give arg types
src\main.c(163): warning:  #177-D: variable "NVIC_InitStructure" was declared but never referenced
src\main.c(315): warning:  #177-D: variable "wirelessTimeout" was declared but never referenced
linking...
Program Size: Code=5344 RO-data=424 RW-data=48 ZI-data=1656  
".\obj\Lab2_Project.axf" - 0 Error(s), 3 Warning(s).
Load "C:\\Users\\gmarti37\\ECSE426G4\\SPI Test Project\\Lab 2 Base Project Example\\obj\\Lab2_Project.axf" 
Erase Done.
Programming Done.
Verify OK.
Build target 'Target 1'
compiling main.c...
src\main.c(61): warning:  #1295-D: Deprecated declaration init_wireless_chip - give arg types
src\main.c(160): warning:  #177-D: variable "NVIC_InitStructure" was declared but never referenced
src\main.c(312): warning:  #177-D: variable "wirelessTimeout" was declared but never referenced
linking...
Program Size: Code=5344 RO-data=424 RW-data=48 ZI-data=1656  
".\obj\Lab2_Project.axf" - 0 Error(s), 3 Warning(s).
Load "C:\\Users\\gmarti37\\ECSE426G4\\SPI Test Project\\Lab 2 Base Project Example\\obj\\Lab2_Project.axf" 
Erase Done.
Programming Done.
Verify OK.
Build target 'Target 1'
compiling main.c...
src\main.c(61): warning:  #1295-D: Deprecated declaration init_wireless_chip - give arg types
src\main.c(157): warning:  #177-D: variable "NVIC_InitStructure" was declared but never referenced
src\main.c(309): warning:  #177-D: variable "wirelessTimeout" was declared but never referenced
linking...
Program Size: Code=5340 RO-data=424 RW-data=48 ZI-data=1656  
".\obj\Lab2_Project.axf" - 0 Error(s), 3 Warning(s).
Load "C:\\Users\\gmarti37\\ECSE426G4\\SPI Test Project\\Lab 2 Base Project Example\\obj\\Lab2_Project.axf" 
Erase Done.
Programming Done.
Verify OK.
Build target 'Target 1'
compiling main.c...
src\main.c(61): warning:  #1295-D: Deprecated declaration init_wireless_chip - give arg types
src\main.c(307): warning:  #177-D: variable "wirelessTimeout" was declared but never referenced
linking...
Program Size: Code=5604 RO-data=424 RW-data=48 ZI-data=1656  
".\obj\Lab2_Project.axf" - 0 Error(s), 2 Warning(s).
Load "C:\\Users\\gmarti37\\ECSE426G4\\SPI Test Project\\Lab 2 Base Project Example\\obj\\Lab2_Project.axf" 
Erase Done.
Programming Done.
Verify OK.
Build target 'Target 1'
compiling main.c...
src\main.c(61): warning:  #1295-D: Deprecated declaration init_wireless_chip - give arg types
src\main.c(307): warning:  #177-D: variable "wirelessTimeout" was declared but never referenced
linking...
Program Size: Code=5612 RO-data=424 RW-data=48 ZI-data=1656  
".\obj\Lab2_Project.axf" - 0 Error(s), 2 Warning(s).
Load "C:\\Users\\gmarti37\\ECSE426G4\\SPI Test Project\\Lab 2 Base Project Example\\obj\\Lab2_Project.axf" 
Erase Done.
Programming Done.
Verify OK.
Build target 'Target 1'
linking...
Program Size: Code=5612 RO-data=424 RW-data=48 ZI-data=1656  
".\obj\Lab2_Project.axf" - 0 Error(s), 0 Warning(s).
Load "C:\\Users\\gmarti37\\ECSE426G4\\SPI Test Project\\Lab 2 Base Project Example\\obj\\Lab2_Project.axf" 
Erase Done.
Programming Done.
Verify OK.
Build target 'Target 1'
compiling main.c...
src\main.c(61): warning:  #1295-D: Deprecated declaration init_wireless_chip - give arg types
src\main.c(308): warning:  #177-D: variable "wirelessTimeout" was declared but never referenced
linking...
Program Size: Code=5616 RO-data=424 RW-data=48 ZI-data=1656  
".\obj\Lab2_Project.axf" - 0 Error(s), 2 Warning(s).
Load "C:\\Users\\gmarti37\\ECSE426G4\\SPI Test Project\\Lab 2 Base Project Example\\obj\\Lab2_Project.axf" 
Erase Done.
Programming Done.
Verify OK.
Build target 'Target 1'
compiling main.c...
src\main.c(61): warning:  #1295-D: Deprecated declaration init_wireless_chip - give arg types
src\main.c(308): warning:  #177-D: variable "wirelessTimeout" was declared but never referenced
linking...
Program Size: Code=5616 RO-data=424 RW-data=48 ZI-data=1656  
".\obj\Lab2_Project.axf" - 0 Error(s), 2 Warning(s).
Load "C:\\Users\\gmarti37\\ECSE426G4\\SPI Test Project\\Lab 2 Base Project Example\\obj\\Lab2_Project.axf" 
Erase Done.
Programming Done.
Verify OK.
Build target 'Target 1'
compiling main.c...
src\main.c(61): warning:  #1295-D: Deprecated declaration init_wireless_chip - give arg types
src\main.c(158): warning:  #177-D: variable "NVIC_InitStructure" was declared but never referenced
src\main.c(306): warning:  #177-D: variable "wirelessTimeout" was declared but never referenced
linking...
Program Size: Code=5344 RO-data=424 RW-data=48 ZI-data=1656  
".\obj\Lab2_Project.axf" - 0 Error(s), 3 Warning(s).
Load "C:\\Users\\gmarti37\\ECSE426G4\\SPI Test Project\\Lab 2 Base Project Example\\obj\\Lab2_Project.axf" 
Erase Done.
Programming Done.
Verify OK.
Build target 'Target 1'
compiling main.c...
src\main.c(61): warning:  #1295-D: Deprecated declaration init_wireless_chip - give arg types
src\main.c(158): warning:  #177-D: variable "NVIC_InitStructure" was declared but never referenced
src\main.c(305): warning:  #177-D: variable "wirelessTimeout" was declared but never referenced
linking...
Program Size: Code=5348 RO-data=424 RW-data=48 ZI-data=1656  
".\obj\Lab2_Project.axf" - 0 Error(s), 3 Warning(s).
Load "C:\\Users\\gmarti37\\ECSE426G4\\SPI Test Project\\Lab 2 Base Project Example\\obj\\Lab2_Project.axf" 
Erase Done.
Programming Done.
Verify OK.
Build target 'Target 1'
compiling main.c...
src\main.c(61): warning:  #1295-D: Deprecated declaration init_wireless_chip - give arg types
src\main.c(158): warning:  #177-D: variable "NVIC_InitStructure" was declared but never referenced
src\main.c(305): warning:  #177-D: variable "wirelessTimeout" was declared but never referenced
linking...
Program Size: Code=5348 RO-data=424 RW-data=48 ZI-data=1656  
".\obj\Lab2_Project.axf" - 0 Error(s), 3 Warning(s).
Load "C:\\Users\\gmarti37\\ECSE426G4\\SPI Test Project\\Lab 2 Base Project Example\\obj\\Lab2_Project.axf" 
Erase Done.
Programming Done.
Verify OK.
Build target 'Target 1'
compiling main.c...
src\main.c(61): warning:  #1295-D: Deprecated declaration init_wireless_chip - give arg types
src\main.c(158): warning:  #177-D: variable "NVIC_InitStructure" was declared but never referenced
src\main.c(305): warning:  #177-D: variable "wirelessTimeout" was declared but never referenced
linking...
Program Size: Code=5348 RO-data=424 RW-data=48 ZI-data=1656  
".\obj\Lab2_Project.axf" - 0 Error(s), 3 Warning(s).
Load "C:\\Users\\gmarti37\\ECSE426G4\\SPI Test Project\\Lab 2 Base Project Example\\obj\\Lab2_Project.axf" 
Erase Done.
Programming Done.
Verify OK.
Build target 'Target 1'
compiling main.c...
src\main.c(64): warning:  #1295-D: Deprecated declaration init_wireless_chip - give arg types
src\main.c(140): warning:  #177-D: variable "NVIC_InitStructure" was declared but never referenced
src\main.c(295): warning:  #177-D: variable "wirelessTimeout" was declared but never referenced
linking...
Program Size: Code=5368 RO-data=424 RW-data=48 ZI-data=1656  
".\obj\Lab2_Project.axf" - 0 Error(s), 3 Warning(s).
Load "C:\\Users\\gmarti37\\ECSE426G4\\SPI Test Project\\Lab 2 Base Project Example\\obj\\Lab2_Project.axf" 
Erase Done.
Programming Done.
Verify OK.
Build target 'Target 1'
compiling main.c...
src\main.c(64): warning:  #1295-D: Deprecated declaration init_wireless_chip - give arg types
src\main.c(80): error:  #65: expected a ";"
src\main.c(143): warning:  #177-D: variable "NVIC_InitStructure" was declared but never referenced
src\main.c(298): warning:  #177-D: variable "wirelessTimeout" was declared but never referenced
Target not created
Build target 'Target 1'
compiling main.c...
src\main.c(64): warning:  #1295-D: Deprecated declaration init_wireless_chip - give arg types
src\main.c(143): warning:  #177-D: variable "NVIC_InitStructure" was declared but never referenced
src\main.c(298): warning:  #177-D: variable "wirelessTimeout" was declared but never referenced
linking...
Program Size: Code=5380 RO-data=424 RW-data=48 ZI-data=1656  
".\obj\Lab2_Project.axf" - 0 Error(s), 3 Warning(s).
Load "C:\\Users\\gmarti37\\ECSE426G4\\SPI Test Project\\Lab 2 Base Project Example\\obj\\Lab2_Project.axf" 
Erase Done.
Programming Done.
Verify OK.
Build target 'Target 1'
linking...
Program Size: Code=5380 RO-data=424 RW-data=48 ZI-data=1656  
".\obj\Lab2_Project.axf" - 0 Error(s), 0 Warning(s).
Load "C:\\Users\\gmarti37\\ECSE426G4\\SPI Test Project\\Lab 2 Base Project Example\\obj\\Lab2_Project.axf" 
Erase Done.
Programming Done.
Verify OK.
Build target 'Target 1'
compiling main.c...
src\main.c(64): warning:  #1295-D: Deprecated declaration init_wireless_chip - give arg types
src\main.c(149): warning:  #177-D: variable "NVIC_InitStructure" was declared but never referenced
src\main.c(304): warning:  #177-D: variable "wirelessTimeout" was declared but never referenced
linking...
Program Size: Code=5420 RO-data=424 RW-data=48 ZI-data=1656  
".\obj\Lab2_Project.axf" - 0 Error(s), 3 Warning(s).
Load "C:\\Users\\gmarti37\\ECSE426G4\\SPI Test Project\\Lab 2 Base Project Example\\obj\\Lab2_Project.axf" 
Erase Done.
Programming Done.
Verify OK.
Build target 'Target 1'
compiling main.c...
src\main.c(64): warning:  #1295-D: Deprecated declaration init_wireless_chip - give arg types
src\main.c(147): warning:  #177-D: variable "NVIC_InitStructure" was declared but never referenced
src\main.c(302): warning:  #177-D: variable "wirelessTimeout" was declared but never referenced
linking...
Program Size: Code=5392 RO-data=424 RW-data=48 ZI-data=1656  
".\obj\Lab2_Project.axf" - 0 Error(s), 3 Warning(s).
Load "C:\\Users\\gmarti37\\ECSE426G4\\SPI Test Project\\Lab 2 Base Project Example\\obj\\Lab2_Project.axf" 
Erase Done.
Programming Done.
Verify OK.
