ARM Linker, 5.03 [Build 69] [MDK-ARM Standard]

==============================================================================

Section Cross References

    system_stm32f4xx.o(.text) refers to system_stm32f4xx.o(.data) for SystemCoreClock
    startup_stm32f4xx.o(RESET) refers to startup_stm32f4xx.o(STACK) for __initial_sp
    startup_stm32f4xx.o(RESET) refers to startup_stm32f4xx.o(.text) for Reset_Handler
    startup_stm32f4xx.o(RESET) refers to hal_cm4.o(.emb_text) for SVC_Handler
    startup_stm32f4xx.o(RESET) refers to main.o(.text) for EXTI0_IRQHandler
    startup_stm32f4xx.o(.text) refers to system_stm32f4xx.o(.text) for SystemInit
    startup_stm32f4xx.o(.text) refers to entry.o(.ARM.Collect$$$$00000000) for __main
    rtx_conf_cm.o(.ARM.Collect$$$$000000FF) refers to rt_cmsis.o(i.osKernelStart) for osKernelStart
    rtx_conf_cm.o(.ARM.Collect$$$$000000FF) refers to rtx_conf_cm.o(.constdata) for .constdata
    rtx_conf_cm.o(.constdata) refers to rt_cmsis.o(i.osTimerThread) for osTimerThread
    rtx_conf_cm.o(.constdata) refers to rtx_conf_cm.o(.bss) for os_messageQ_q_osTimerMessageQ
    rtx_conf_cm.o(.constdata) refers to main.o(.text) for main
    main.o(.text) refers to finitestatemachine.o(.text) for initializeFSM
    main.o(.text) refers to servomanager.o(.text) for initializeServoMotors
    main.o(.text) refers to lcdmanager.o(.text) for initializeLCD
    main.o(.text) refers to keypadmanager.o(.text) for initializeKeypad
    main.o(.text) refers to timermanager.o(.text) for initializeTIM2Timer
    main.o(.text) refers to wireless.o(.text) for initializeWirelessChip
    main.o(.text) refers to rt_cmsis.o(i.osThreadCreate) for osThreadCreate
    main.o(.text) refers to stm32f4xx_exti.o(.text) for EXTI_ClearITPendingBit
    main.o(.text) refers to stm32f4xx_tim.o(.text) for TIM_ClearITPendingBit
    main.o(.text) refers to rt_cmsis.o(i.osSignalSet) for osSignalSet
    main.o(.text) refers to rt_cmsis.o(i.osSignalWait) for osSignalWait
    main.o(.text) refers to main.o(.constdata) for os_thread_def_fsmThread
    main.o(.text) refers to main.o(.data) for tid_fsmThread
    main.o(.constdata) refers to main.o(.text) for fsmThread
    finitestatemachine.o(.text) refers to printfa.o(i.__0printf) for __2printf
    finitestatemachine.o(.text) refers to rt_cmsis.o(i.osMutexCreate) for osMutexCreate
    finitestatemachine.o(.text) refers to rt_cmsis.o(i.osMutexWait) for osMutexWait
    finitestatemachine.o(.text) refers to rt_cmsis.o(i.osMutexRelease) for osMutexRelease
    finitestatemachine.o(.text) refers to servomanager.o(.text) for setRollAngle
    finitestatemachine.o(.text) refers to rt_cmsis.o(i.osDelay) for osDelay
    finitestatemachine.o(.text) refers to finitestatemachine.o(.data) for currentState
    finitestatemachine.o(.text) refers to finitestatemachine.o(.constdata) for os_mutex_def_currentState_mutex
    finitestatemachine.o(.constdata) refers to finitestatemachine.o(.bss) for os_mutex_cb_currentState_mutex
    timermanager.o(.text) refers to misc.o(.text) for NVIC_Init
    timermanager.o(.text) refers to stm32f4xx_rcc.o(.text) for RCC_APB1PeriphClockCmd
    timermanager.o(.text) refers to stm32f4xx_tim.o(.text) for TIM_TimeBaseInit
    servomanager.o(.text) refers to stm32f4xx_rcc.o(.text) for RCC_APB1PeriphClockCmd
    servomanager.o(.text) refers to stm32f4xx_gpio.o(.text) for GPIO_Init
    servomanager.o(.text) refers to printfa.o(i.__0printf) for __2printf
    servomanager.o(.text) refers to dfltui.o(.text) for __aeabi_ui2d
    servomanager.o(.text) refers to ddiv.o(.text) for __aeabi_ddiv
    servomanager.o(.text) refers to dmul.o(.text) for __aeabi_dmul
    servomanager.o(.text) refers to stm32f4xx_tim.o(.text) for TIM_TimeBaseInit
    servomanager.o(.text) refers to rt_cmsis.o(i.osMutexCreate) for osMutexCreate
    servomanager.o(.text) refers to rt_cmsis.o(i.osMutexWait) for osMutexWait
    servomanager.o(.text) refers to rt_cmsis.o(i.osMutexRelease) for osMutexRelease
    servomanager.o(.text) refers to servomanager.o(.constdata) for .constdata
    servomanager.o(.text) refers to servomanager.o(.data) for roll_mutex
    servomanager.o(.constdata) refers to servomanager.o(.bss) for os_mutex_cb_roll_mutex
    lcdmanager.o(.text) refers to stm32f4xx_gpio.o(.text) for GPIO_SetBits
    lcdmanager.o(.text) refers to rt_cmsis.o(i.osDelay) for osDelay
    lcdmanager.o(.text) refers to stm32f4xx_rcc.o(.text) for RCC_AHB1PeriphClockCmd
    lcdmanager.o(.text) refers to printfa.o(i.__0printf) for __2printf
    keypadmanager.o(.text) refers to stm32f4xx_rcc.o(.text) for RCC_AHB1PeriphClockCmd
    keypadmanager.o(.text) refers to stm32f4xx_gpio.o(.text) for GPIO_StructInit
    keypadmanager.o(.text) refers to stm32f4xx_syscfg.o(.text) for SYSCFG_EXTILineConfig
    keypadmanager.o(.text) refers to stm32f4xx_exti.o(.text) for EXTI_Init
    keypadmanager.o(.text) refers to misc.o(.text) for NVIC_Init
    wireless.o(.text) refers to stm32f4xx_spi.o(.text) for SPI_I2S_GetFlagStatus
[...]
    .text                                    0x08003510   Section       40  cdrcmple.o(.text)
    .text                                    0x08003538   Section       36  init.o(.text)
    .text                                    0x0800355c   Section        0  llshl.o(.text)
    .text                                    0x0800357a   Section        0  llushr.o(.text)
    .text                                    0x0800359a   Section        0  llsshr.o(.text)
    SVC_TABLE                                0x080035c0   Section        4  SVC_Table.o(SVC_TABLE)
    i.__0printf                              0x080035c4   Section        0  printfa.o(i.__0printf)
    i.__scatterload_copy                     0x080035e4   Section       14  handlers.o(i.__scatterload_copy)
    i.__scatterload_null                     0x080035f2   Section        2  handlers.o(i.__scatterload_null)
    i.__scatterload_zeroinit                 0x080035f4   Section       14  handlers.o(i.__scatterload_zeroinit)
    i._fp_digits                             0x08003604   Section        0  printfa.o(i._fp_digits)
    _fp_digits                               0x08003605   Thumb Code   326  printfa.o(i._fp_digits)
    i._init_box                              0x08003760   Section        0  rt_membox.o(i._init_box)
    i._printf_core                           0x080037a8   Section        0  printfa.o(i._printf_core)
    _printf_core                             0x080037a9   Thumb Code  1762  printfa.o(i._printf_core)
    i._printf_post_padding                   0x08003e98   Section        0  printfa.o(i._printf_post_padding)
    _printf_post_padding                     0x08003e99   Thumb Code    38  printfa.o(i._printf_post_padding)
    i._printf_pre_padding                    0x08003ebe   Section        0  printfa.o(i._printf_pre_padding)
    _printf_pre_padding                      0x08003ebf   Thumb Code    48  printfa.o(i._printf_pre_padding)
    i.dbg_init                               0x08003ef0   Section        0  hal_cm.o(i.dbg_init)
    i.dbg_task_notify                        0x08003f20   Section        0  hal_cm.o(i.dbg_task_notify)
    i.dbg_task_switch                        0x08003f40   Section        0  hal_cm.o(i.dbg_task_switch)
    i.isrMessagePut                          0x08003f50   Section        0  rt_cmsis.o(i.isrMessagePut)
    isrMessagePut                            0x08003f51   Thumb Code    44  rt_cmsis.o(i.isrMessagePut)
    i.isr_evt_set                            0x08003f7c   Section        0  rt_event.o(i.isr_evt_set)
    i.isr_mbx_receive                        0x08003fa4   Section        0  rt_mailbox.o(i.isr_mbx_receive)
    i.isr_mbx_send                           0x08003ff4   Section        0  rt_mailbox.o(i.isr_mbx_send)
    i.osDelay                                0x08004004   Section        0  rt_cmsis.o(i.osDelay)
    i.osKernelStart                          0x0800401c   Section        0  rt_cmsis.o(i.osKernelStart)
    i.osMessageGet                           0x08004084   Section        0  rt_cmsis.o(i.osMessageGet)
    i.osMutexCreate                          0x080040c8   Section        0  rt_cmsis.o(i.osMutexCreate)
    i.osMutexRelease                         0x080040e0   Section        0  rt_cmsis.o(i.osMutexRelease)
    i.osMutexWait                            0x080040f8   Section        0  rt_cmsis.o(i.osMutexWait)
    i.osSignalSet                            0x08004110   Section        0  rt_cmsis.o(i.osSignalSet)
    i.osSignalWait                           0x08004144   Section        0  rt_cmsis.o(i.osSignalWait)
    i.osThreadCreate                         0x0800415c   Section        0  rt_cmsis.o(i.osThreadCreate)
    i.osThreadExit                           0x08004174   Section        0  rt_cmsis.o(i.osThreadExit)
    i.osTimerCall                            0x0800418c   Section        0  rt_cmsis.o(i.osTimerCall)
    i.osTimerThread                          0x08004198   Section        0  rt_cmsis.o(i.osTimerThread)
    i.rt_alloc_box                           0x080041c4   Section        0  rt_membox.o(i.rt_alloc_box)
    i.rt_alloc_mem                           0x080041e0   Section        0  rt_memory.o(i.rt_alloc_mem)
    i.rt_block                               0x0800421c   Section        0  rt_task.o(i.rt_block)
    i.rt_chk_robin                           0x08004254   Section        0  rt_robin.o(i.rt_chk_robin)
    i.rt_dec_dly                             0x0800429c   Section        0  rt_list.o(i.rt_dec_dly)
    i.rt_dispatch                            0x0800430c   Section        0  rt_task.o(i.rt_dispatch)
    i.rt_dly_wait                            0x08004350   Section        0  rt_time.o(i.rt_dly_wait)
    i.rt_evt_psh                             0x08004358   Section        0  rt_event.o(i.rt_evt_psh)
    i.rt_evt_set                             0x080043a8   Section        0  rt_event.o(i.rt_evt_set)
    i.rt_evt_wait                            0x08004404   Section        0  rt_event.o(i.rt_evt_wait)
    i.rt_free_box                            0x08004444   Section        0  rt_membox.o(i.rt_free_box)
    i.rt_free_mem                            0x08004464   Section        0  rt_memory.o(i.rt_free_mem)
    i.rt_get_first                           0x0800448c   Section        0  rt_list.o(i.rt_get_first)
    i.rt_id2obj                              0x080044b4   Section        0  rt_cmsis.o(i.rt_id2obj)
    rt_id2obj                                0x080044b5   Thumb Code     8  rt_cmsis.o(i.rt_id2obj)
    i.rt_init_context                        0x080044bc   Section        0  rt_task.o(i.rt_init_context)
    rt_init_context                          0x080044bd   Thumb Code    60  rt_task.o(i.rt_init_context)
    i.rt_init_mem                            0x080044fc   Section        0  rt_memory.o(i.rt_init_mem)
    i.rt_init_robin                          0x08004518   Section        0  rt_robin.o(i.rt_init_robin)
    i.rt_init_stack                          0x08004530   Section        0  hal_cm.o(i.rt_init_stack)
    i.rt_mbx_check                           0x08004580   Section        0  rt_mailbox.o(i.rt_mbx_check)
    i.rt_mbx_init                            0x08004588   Section        0  rt_mailbox.o(i.rt_mbx_init)
    i.rt_mbx_psh                             0x080045a4   Section        0  rt_mailbox.o(i.rt_mbx_psh)
    i.rt_mbx_wait                            0x080046a0   Section        0  rt_mailbox.o(i.rt_mbx_wait)
    i.rt_ms2tick                             0x08004754   Section        0  rt_cmsis.o(i.rt_ms2tick)
    rt_ms2tick                               0x08004755   Thumb Code    50  rt_cmsis.o(i.rt_ms2tick)
    i.rt_mut_init                            0x08004790   Section        0  rt_mutex.o(i.rt_mut_init)
    i.rt_mut_release                         0x080047a0   Section        0  rt_mutex.o(i.rt_mut_release)
    i.rt_mut_wait                            0x08004840   Section        0  rt_mutex.o(i.rt_mut_wait)
    i.rt_pop_req                             0x080048a4   Section        0  rt_system.o(i.rt_pop_req)
    i.rt_psh_req                             0x0800491c   Section        0  rt_system.o(i.rt_psh_req)
    i.rt_psq_enq                             0x0800493c   Section        0  rt_list.o(i.rt_psq_enq)
    i.rt_put_dly                             0x08004994   Section        0  rt_list.o(i.rt_put_dly)
    i.rt_put_prio                            0x080049f0   Section        0  rt_list.o(i.rt_put_prio)
    i.rt_put_rdy_first                       0x08004a28   Section        0  rt_list.o(i.rt_put_rdy_first)
    i.rt_resort_prio                         0x08004a3c   Section        0  rt_list.o(i.rt_resort_prio)
    i.rt_ret_regs                            0x08004a70   Section        0  hal_cm.o(i.rt_ret_regs)
    rt_ret_regs                              0x08004a71   Thumb Code    16  hal_cm.o(i.rt_ret_regs)
    i.rt_ret_val                             0x08004a80   Section        0  hal_cm.o(i.rt_ret_val)
    i.rt_ret_val2                            0x08004a8c   Section        0  hal_cm.o(i.rt_ret_val2)
    i.rt_rmv_dly                             0x08004a9c   Section        0  rt_list.o(i.rt_rmv_dly)
    i.rt_rmv_list                            0x08004ac4   Section        0  rt_list.o(i.rt_rmv_list)
    i.rt_sem_psh                             0x08004af4   Section        0  rt_semaphore.o(i.rt_sem_psh)
    i.rt_stk_check                           0x08004b28   Section        0  rt_system.o(i.rt_stk_check)
    i.rt_switch_req                          0x08004b4c   Section        0  rt_task.o(i.rt_switch_req)
    i.rt_sys_init                            0x08004b74   Section        0  rt_task.o(i.rt_sys_init)
    i.rt_systick                             0x08004cb4   Section        0  rt_system.o(i.rt_systick)
    i.rt_tid2ptcb                            0x08004cf0   Section        0  rt_cmsis.o(i.rt_tid2ptcb)
    rt_tid2ptcb                              0x08004cf1   Thumb Code    18  rt_cmsis.o(i.rt_tid2ptcb)
    i.rt_timer_insert                        0x08004d04   Section        0  rt_cmsis.o(i.rt_timer_insert)
    rt_timer_insert                          0x08004d05   Thumb Code    56  rt_cmsis.o(i.rt_timer_insert)
    i.rt_tsk_create                          0x08004d40   Section        0  rt_task.o(i.rt_tsk_create)
    i.rt_tsk_delete                          0x08004dc0   Section        0  rt_task.o(i.rt_tsk_delete)
    i.rt_tsk_self                            0x08004e6c   Section        0  rt_task.o(i.rt_tsk_self)
    i.svcDelay                               0x08004e7c   Section        0  rt_cmsis.o(i.svcDelay)
    i.svcKernelStart                         0x08004e90   Section        0  rt_cmsis.o(i.svcKernelStart)
    i.svcMessageCreate                       0x08004f64   Section        0  rt_cmsis.o(i.svcMessageCreate)
    i.svcMessageGet                          0x08004f88   Section        0  rt_cmsis.o(i.svcMessageGet)
    i.svcMutexCreate                         0x08004fc2   Section        0  rt_cmsis.o(i.svcMutexCreate)
    i.svcMutexRelease                        0x08004fde   Section        0  rt_cmsis.o(i.svcMutexRelease)
    i.svcMutexWait                           0x08005000   Section        0  rt_cmsis.o(i.svcMutexWait)
    i.svcSignalSet                           0x08005036   Section        0  rt_cmsis.o(i.svcSignalSet)
    i.svcSignalWait                          0x0800505c   Section        0  rt_cmsis.o(i.svcSignalWait)
    i.svcThreadCreate                        0x080050b0   Section        0  rt_cmsis.o(i.svcThreadCreate)
    i.svcThreadGetId                         0x08005120   Section        0  rt_cmsis.o(i.svcThreadGetId)
    i.svcThreadTerminate                     0x0800513c   Section        0  rt_cmsis.o(i.svcThreadTerminate)
    i.svcTimerCall                           0x08005174   Section        0  rt_cmsis.o(i.svcTimerCall)
    i.sysTimerTick                           0x0800518c   Section        0  rt_cmsis.o(i.sysTimerTick)
    .constdata                               0x080051e0   Section       88  rtx_conf_cm.o(.constdata)
    __tagsym$$used                           0x080051f4   Number         0  rtx_conf_cm.o(.constdata)
    __tagsym$$used                           0x080051f8   Number         0  rtx_conf_cm.o(.constdata)
    .constdata                               0x08005238   Section       32  main.o(.constdata)
    .constdata                               0x08005258   Section        4  finitestatemachine.o(.constdata)
    .constdata                               0x0800525c   Section      116  servomanager.o(.constdata)
    .bss                                     0x10000000   Section     6992  rtx_conf_cm.o(.bss)
    .data                                    0x20000000   Section       20  system_stm32f4xx.o(.data)
    .data                                    0x20000014   Section       16  rtx_conf_cm.o(.data)
    .data                                    0x20000024   Section       12  main.o(.data)
    TIMEOUT                                  0x20000024   Data           2  main.o(.data)
    .data                                    0x20000030   Section        5  finitestatemachine.o(.data)
    .data                                    0x20000038   Section        8  fputc_debug.o(.data)
    .data                                    0x20000040   Section       16  servomanager.o(.data)
    .data                                    0x20000050   Section        2  wireless.o(.data)
    TIMEOUT                                  0x20000050   Data           2  wireless.o(.data)
    .data                                    0x20000052   Section       16  stm32f4xx_rcc.o(.data)
    APBAHBPrescTable                         0x20000052   Data          16  stm32f4xx_rcc.o(.data)
    .data                                    0x20000064   Section        4  rt_cmsis.o(.data)
    .data                                    0x20000068   Section        8  rt_task.o(.data)
    .data                                    0x20000070   Section        3  rt_system.o(.data)
    os_lock                                  0x20000070   Data           1  rt_system.o(.data)
    os_psh_flag                              0x20000071   Data           1  rt_system.o(.data)
    pend_flags                               0x20000072   Data           1  rt_system.o(.data)
    .data                                    0x20000074   Section        2  rt_time.o(.data)
    .data                                    0x20000076   Section        1  hal_cm.o(.data)
    .data                                    0x20000078   Section        8  rt_robin.o(.data)
    .bss                                     0x20000080   Section       12  finitestatemachine.o(.bss)
    .bss                                     0x2000008c   Section       24  servomanager.o(.bss)
    .bss                                     0x200000a4   Section       48  rt_task.o(.bss)
    .bss                                     0x200000d4   Section       48  rt_list.o(.bss)
    STACK                                    0x20000108   Section     1024  startup_stm32f4xx.o(STACK)

    Global Symbols

    Symbol Name                              Value     Ov Type        Size  Object(Section)

    BuildAttributes$$THM_ISAv4$E$P$D$K$B$S$7EM$VFPi3$EXTD16$VFPS$VFMA$PE$A:L22UL41UL21$X:L11$S22US41US21$IEEE1$IW$USESV6$~STKCKD$USESV7$~SHL$OSPACE$ROPI$EBA8$MICROLIB$REQ8$PRES8$EABIv2 0x00000000   Number         0  anon$$obj.o ABSOLUTE
    __ARM_use_no_argv                        0x00000000   Number         0  main.o ABSOLUTE
    __use_no_errno                           0x00000000   Number         0  useno.o ABSOLUTE
    __use_no_exception_handling              0x00000000   Number         0  useno.o ABSOLUTE
    __use_no_fp                              0x00000000   Number         0  useno.o ABSOLUTE
    __use_no_heap                            0x00000000   Number         0  useno.o ABSOLUTE
    __use_no_heap_region                     0x00000000   Number         0  useno.o ABSOLUTE
    __use_no_semihosting                     0x00000000   Number         0  useno.o ABSOLUTE
    __use_no_semihosting_swi                 0x00000000   Number         0  useno.o ABSOLUTE
    __use_no_signal_handling                 0x00000000   Number         0  useno.o ABSOLUTE
    _printf_a                                0x00000000   Number         0  stubs.o ABSOLUTE
    _printf_c                                0x00000000   Number         0  stubs.o ABSOLUTE
    _printf_charcount                        0x00000000   Number         0  stubs.o ABSOLUTE
    _printf_d                                0x00000000   Number         0  stubs.o ABSOLUTE
    _printf_e                                0x00000000   Number         0  stubs.o ABSOLUTE
    _printf_f                                0x00000000   Number         0  stubs.o ABSOLUTE
    _printf_flags                            0x00000000   Number         0  stubs.o ABSOLUTE
    _printf_fp_dec                           0x00000000   Number         0  stubs.o ABSOLUTE
    _printf_fp_hex                           0x00000000   Number         0  stubs.o ABSOLUTE
    _printf_g                                0x00000000   Number         0  stubs.o ABSOLUTE
    _printf_i                                0x00000000   Number         0  stubs.o ABSOLUTE
    _printf_int_dec                          0x00000000   Number         0  stubs.o ABSOLUTE
    _printf_l                                0x00000000   Number         0  stubs.o ABSOLUTE
    _printf_lc                               0x00000000   Number         0  stubs.o ABSOLUTE
    _printf_ll                               0x00000000   Number         0  stubs.o ABSOLUTE
    _printf_lld                              0x00000000   Number         0  stubs.o ABSOLUTE
    _printf_lli                              0x00000000   Number         0  stubs.o ABSOLUTE
    _printf_llo                              0x00000000   Number         0  stubs.o ABSOLUTE
    _printf_llu                              0x00000000   Number         0  stubs.o ABSOLUTE
    _printf_llx                              0x00000000   Number         0  stubs.o ABSOLUTE
    _printf_longlong_dec                     0x00000000   Number         0  stubs.o ABSOLUTE
    _printf_longlong_hex                     0x00000000   Number         0  stubs.o ABSOLUTE
    _printf_longlong_oct                     0x00000000   Number         0  stubs.o ABSOLUTE
    _printf_ls                               0x00000000   Number         0  stubs.o ABSOLUTE
    _printf_mbtowc                           0x00000000   Number         0  stubs.o ABSOLUTE
    _printf_n                                0x00000000   Number         0  stubs.o ABSOLUTE
    _printf_o                                0x00000000   Number         0  stubs.o ABSOLUTE
    _printf_p                                0x00000000   Number         0  stubs.o ABSOLUTE
    _printf_percent                          0x00000000   Number         0  stubs.o ABSOLUTE
    _printf_pre_padding                      0x00000000   Number         0  stubs.o ABSOLUTE
    _printf_return_value                     0x00000000   Number         0  stubs.o ABSOLUTE
    _printf_s                                0x00000000   Number         0  stubs.o ABSOLUTE
    _printf_sizespec                         0x00000000   Number         0  stubs.o ABSOLUTE
    _printf_str                              0x00000000   Number         0  stubs.o ABSOLUTE
    _printf_truncate_signed                  0x00000000   Number         0  stubs.o ABSOLUTE
    _printf_truncate_unsigned                0x00000000   Number         0  stubs.o ABSOLUTE
    _printf_u                                0x00000000   Number         0  stubs.o ABSOLUTE
    _printf_wc                               0x00000000   Number         0  stubs.o ABSOLUTE
    _printf_wctomb                           0x00000000   Number         0  stubs.o ABSOLUTE
    _printf_widthprec                        0x00000000   Number         0  stubs.o ABSOLUTE
    _printf_x                                0x00000000   Number         0  stubs.o ABSOLUTE
    __cpp_initialize__aeabi_                  - Undefined Weak Reference
    __cxa_finalize                            - Undefined Weak Reference
    __decompress                              - Undefined Weak Reference
    _clock_init                               - Undefined Weak Reference
    _microlib_exit                            - Undefined Weak Reference
    __Vectors_Size                           0x00000188   Number         0  startup_stm32f4xx.o ABSOLUTE
    __RL_RTX_VER                             0x00000422   Number         0  rt_system.o ABSOLUTE
    __Vectors                                0x08000000   Data           4  startup_stm32f4xx.o(RESET)
    __Vectors_End                            0x08000188   Data           0  startup_stm32f4xx.o(RESET)
    __main                                   0x08000189   Thumb Code     0  entry.o(.ARM.Collect$$$$00000000)
    _main_stk                                0x08000189   Thumb Code     0  entry2.o(.ARM.Collect$$$$00000001)
    _main_scatterload                        0x0800018d   Thumb Code     0  entry5.o(.ARM.Collect$$$$00000004)
    __main_after_scatterload                 0x08000191   Thumb Code     0  entry5.o(.ARM.Collect$$$$00000004)
    __rt_final_cpp                           0x08000191   Thumb Code     0  entry10a.o(.ARM.Collect$$$$0000000D)
    __rt_final_exit                          0x08000191   Thumb Code     0  entry11a.o(.ARM.Collect$$$$0000000F)
    _main_clock                              0x08000191   Thumb Code     0  entry7b.o(.ARM.Collect$$$$00000008)
    _main_cpp_init                           0x08000191   Thumb Code     0  entry8b.o(.ARM.Collect$$$$0000000A)
    _main_init                               0x08000191   Thumb Code    10  rtx_conf_cm.o(.ARM.Collect$$$$000000FF)
    rt_set_PSP                               0x080001a5   Thumb Code     6  hal_cm4.o(.emb_text)
    os_set_env                               0x080001ab   Thumb Code    26  hal_cm4.o(.emb_text)
    _alloc_box                               0x080001c9   Thumb Code    28  hal_cm4.o(.emb_text)
    _free_box                                0x080001e9   Thumb Code    28  hal_cm4.o(.emb_text)
    SVC_Handler                              0x08000209   Thumb Code   152  hal_cm4.o(.emb_text)
    PendSV_Handler                           0x080002ad   Thumb Code     0  hal_cm4.o(.emb_text)
    Sys_Handler                              0x080002ad   Thumb Code   104  hal_cm4.o(.emb_text)
    SysTick_Handler                          0x0800030d   Thumb Code     0  hal_cm4.o(.emb_text)
    SystemInit                               0x080003f3   Thumb Code    88  system_stm32f4xx.o(.text)
    SystemCoreClockUpdate                    0x0800044b   Thumb Code   174  system_stm32f4xx.o(.text)
    Reset_Handler                            0x08000525   Thumb Code     8  startup_stm32f4xx.o(.text)
    NMI_Handler                              0x0800052d   Thumb Code     2  startup_stm32f4xx.o(.text)
    HardFault_Handler                        0x0800052f   Thumb Code     2  startup_stm32f4xx.o(.text)
    MemManage_Handler                        0x08000531   Thumb Code     2  startup_stm32f4xx.o(.text)
    BusFault_Handler                         0x08000533   Thumb Code     2  startup_stm32f4xx.o(.text)
    UsageFault_Handler                       0x08000535   Thumb Code     2  startup_stm32f4xx.o(.text)
    DebugMon_Handler                         0x08000539   Thumb Code     2  startup_stm32f4xx.o(.text)
    ADC_IRQHandler                           0x0800053f   Thumb Code     0  startup_stm32f4xx.o(.text)
    CAN1_RX0_IRQHandler                      0x0800053f   Thumb Code     0  startup_stm32f4xx.o(.text)
    CAN1_RX1_IRQHandler                      0x0800053f   Thumb Code     0  startup_stm32f4xx.o(.text)
    CAN1_SCE_IRQHandler                      0x0800053f   Thumb Code     0  startup_stm32f4xx.o(.text)
    CAN1_TX_IRQHandler                       0x0800053f   Thumb Code     0  startup_stm32f4xx.o(.text)
    CAN2_RX0_IRQHandler                      0x0800053f   Thumb Code     0  startup_stm32f4xx.o(.text)
    CAN2_RX1_IRQHandler                      0x0800053f   Thumb Code     0  startup_stm32f4xx.o(.text)
    CAN2_SCE_IRQHandler                      0x0800053f   Thumb Code     0  startup_stm32f4xx.o(.text)
    CAN2_TX_IRQHandler                       0x0800053f   Thumb Code     0  startup_stm32f4xx.o(.text)
    CRYP_IRQHandler                          0x0800053f   Thumb Code     0  startup_stm32f4xx.o(.text)
    DCMI_IRQHandler                          0x0800053f   Thumb Code     0  startup_stm32f4xx.o(.text)
    DMA1_Stream0_IRQHandler                  0x0800053f   Thumb Code     0  startup_stm32f4xx.o(.text)
    DMA1_Stream1_IRQHandler                  0x0800053f   Thumb Code     0  startup_stm32f4xx.o(.text)
    DMA1_Stream2_IRQHandler                  0x0800053f   Thumb Code     0  startup_stm32f4xx.o(.text)
    DMA1_Stream3_IRQHandler                  0x0800053f   Thumb Code     0  startup_stm32f4xx.o(.text)
    DMA1_Stream4_IRQHandler                  0x0800053f   Thumb Code     0  startup_stm32f4xx.o(.text)
    DMA1_Stream5_IRQHandler                  0x0800053f   Thumb Code     0  startup_stm32f4xx.o(.text)
    DMA1_Stream6_IRQHandler                  0x0800053f   Thumb Code     0  startup_stm32f4xx.o(.text)
    DMA1_Stream7_IRQHandler                  0x0800053f   Thumb Code     0  startup_stm32f4xx.o(.text)
    DMA2_Stream0_IRQHandler                  0x0800053f   Thumb Code     0  startup_stm32f4xx.o(.text)
    DMA2_Stream1_IRQHandler                  0x0800053f   Thumb Code     0  startup_stm32f4xx.o(.text)
    DMA2_Stream2_IRQHandler                  0x0800053f   Thumb Code     0  startup_stm32f4xx.o(.text)
    DMA2_Stream3_IRQHandler                  0x0800053f   Thumb Code     0  startup_stm32f4xx.o(.text)
    DMA2_Stream4_IRQHandler                  0x0800053f   Thumb Code     0  startup_stm32f4xx.o(.text)
    DMA2_Stream5_IRQHandler                  0x0800053f   Thumb Code     0  startup_stm32f4xx.o(.text)
    DMA2_Stream6_IRQHandler                  0x0800053f   Thumb Code     0  startup_stm32f4xx.o(.text)
    DMA2_Stream7_IRQHandler                  0x0800053f   Thumb Code     0  startup_stm32f4xx.o(.text)
    ETH_IRQHandler                           0x0800053f   Thumb Code     0  startup_stm32f4xx.o(.text)
    ETH_WKUP_IRQHandler                      0x0800053f   Thumb Code     0  startup_stm32f4xx.o(.text)
    EXTI15_10_IRQHandler                     0x0800053f   Thumb Code     0  startup_stm32f4xx.o(.text)
    EXTI1_IRQHandler                         0x0800053f   Thumb Code     0  startup_stm32f4xx.o(.text)
    EXTI2_IRQHandler                         0x0800053f   Thumb Code     0  startup_stm32f4xx.o(.text)
    EXTI3_IRQHandler                         0x0800053f   Thumb Code     0  startup_stm32f4xx.o(.text)
    EXTI4_IRQHandler                         0x0800053f   Thumb Code     0  startup_stm32f4xx.o(.text)
    EXTI9_5_IRQHandler                       0x0800053f   Thumb Code     0  startup_stm32f4xx.o(.text)
    FLASH_IRQHandler                         0x0800053f   Thumb Code     0  startup_stm32f4xx.o(.text)
    FPU_IRQHandler                           0x0800053f   Thumb Code     0  startup_stm32f4xx.o(.text)
    FSMC_IRQHandler                          0x0800053f   Thumb Code     0  startup_stm32f4xx.o(.text)
    HASH_RNG_IRQHandler                      0x0800053f   Thumb Code     0  startup_stm32f4xx.o(.text)
    I2C1_ER_IRQHandler                       0x0800053f   Thumb Code     0  startup_stm32f4xx.o(.text)
    I2C1_EV_IRQHandler                       0x0800053f   Thumb Code     0  startup_stm32f4xx.o(.text)
    I2C2_ER_IRQHandler                       0x0800053f   Thumb Code     0  startup_stm32f4xx.o(.text)
    I2C2_EV_IRQHandler                       0x0800053f   Thumb Code     0  startup_stm32f4xx.o(.text)
    I2C3_ER_IRQHandler                       0x0800053f   Thumb Code     0  startup_stm32f4xx.o(.text)
    I2C3_EV_IRQHandler                       0x0800053f   Thumb Code     0  startup_stm32f4xx.o(.text)
    OTG_FS_IRQHandler                        0x0800053f   Thumb Code     0  startup_stm32f4xx.o(.text)
    OTG_FS_WKUP_IRQHandler                   0x0800053f   Thumb Code     0  startup_stm32f4xx.o(.text)
    OTG_HS_EP1_IN_IRQHandler                 0x0800053f   Thumb Code     0  startup_stm32f4xx.o(.text)
    OTG_HS_EP1_OUT_IRQHandler                0x0800053f   Thumb Code     0  startup_stm32f4xx.o(.text)
    OTG_HS_IRQHandler                        0x0800053f   Thumb Code     0  startup_stm32f4xx.o(.text)
    OTG_HS_WKUP_IRQHandler                   0x0800053f   Thumb Code     0  startup_stm32f4xx.o(.text)
    PVD_IRQHandler                           0x0800053f   Thumb Code     0  startup_stm32f4xx.o(.text)
    RCC_IRQHandler                           0x0800053f   Thumb Code     0  startup_stm32f4xx.o(.text)
    RTC_Alarm_IRQHandler                     0x0800053f   Thumb Code     0  startup_stm32f4xx.o(.text)
    RTC_WKUP_IRQHandler                      0x0800053f   Thumb Code     0  startup_stm32f4xx.o(.text)
    SDIO_IRQHandler                          0x0800053f   Thumb Code     0  startup_stm32f4xx.o(.text)
    SPI1_IRQHandler                          0x0800053f   Thumb Code     0  startup_stm32f4xx.o(.text)
    SPI2_IRQHandler                          0x0800053f   Thumb Code     0  startup_stm32f4xx.o(.text)
    SPI3_IRQHandler                          0x0800053f   Thumb Code     0  startup_stm32f4xx.o(.text)
    TAMP_STAMP_IRQHandler                    0x0800053f   Thumb Code     0  startup_stm32f4xx.o(.text)
    TIM1_BRK_TIM9_IRQHandler                 0x0800053f   Thumb Code     0  startup_stm32f4xx.o(.text)
    TIM1_CC_IRQHandler                       0x0800053f   Thumb Code     0  startup_stm32f4xx.o(.text)
    TIM1_TRG_COM_TIM11_IRQHandler            0x0800053f   Thumb Code     0  startup_stm32f4xx.o(.text)
    TIM1_UP_TIM10_IRQHandler                 0x0800053f   Thumb Code     0  startup_stm32f4xx.o(.text)
    TIM4_IRQHandler                          0x0800053f   Thumb Code     0  startup_stm32f4xx.o(.text)
    TIM5_IRQHandler                          0x0800053f   Thumb Code     0  startup_stm32f4xx.o(.text)
    TIM6_DAC_IRQHandler                      0x0800053f   Thumb Code     0  startup_stm32f4xx.o(.text)
    TIM7_IRQHandler                          0x0800053f   Thumb Code     0  startup_stm32f4xx.o(.text)
    TIM8_BRK_TIM12_IRQHandler                0x0800053f   Thumb Code     0  startup_stm32f4xx.o(.text)
    TIM8_CC_IRQHandler                       0x0800053f   Thumb Code     0  startup_stm32f4xx.o(.text)
    TIM8_TRG_COM_TIM14_IRQHandler            0x0800053f   Thumb Code     0  startup_stm32f4xx.o(.text)
    TIM8_UP_TIM13_IRQHandler                 0x0800053f   Thumb Code     0  startup_stm32f4xx.o(.text)
    UART4_IRQHandler                         0x0800053f   Thumb Code     0  startup_stm32f4xx.o(.text)
    UART5_IRQHandler                         0x0800053f   Thumb Code     0  startup_stm32f4xx.o(.text)
    USART1_IRQHandler                        0x0800053f   Thumb Code     0  startup_stm32f4xx.o(.text)
    USART2_IRQHandler                        0x0800053f   Thumb Code     0  startup_stm32f4xx.o(.text)
    USART3_IRQHandler                        0x0800053f   Thumb Code     0  startup_stm32f4xx.o(.text)
    USART6_IRQHandler                        0x0800053f   Thumb Code     0  startup_stm32f4xx.o(.text)
    WWDG_IRQHandler                          0x0800053f   Thumb Code     0  startup_stm32f4xx.o(.text)
    os_idle_demon                            0x08000549   Thumb Code     4  rtx_conf_cm.o(.text)
    os_error                                 0x0800054d   Thumb Code     4  rtx_conf_cm.o(.text)
    preamble                                 0x08000551   Thumb Code    56  main.o(.text)
    main                                     0x08000589   Thumb Code    10  main.o(.text)
    EXTI0_IRQHandler                         0x08000593   Thumb Code    10  main.o(.text)
    TIM2_IRQHandler                          0x0800059d   Thumb Code    22  main.o(.text)
    TIM3_IRQHandler                          0x080005b3   Thumb Code    22  main.o(.text)
    fsmThread                                0x080005c9   Thumb Code    24  main.o(.text)
    wifiThread                               0x080005e1   Thumb Code    74  main.o(.text)
    initializeFSM                            0x08000641   Thumb Code    26  finitestatemachine.o(.text)
    processCurrentState                      0x0800065b   Thumb Code    72  finitestatemachine.o(.text)
    activateTIM2Interrupt                    0x080006c9   Thumb Code    32  timermanager.o(.text)
    initializeTIM2Timer                      0x080006e9   Thumb Code    68  timermanager.o(.text)
    activateTIM3Interrupt                    0x0800072d   Thumb Code    32  timermanager.o(.text)
    initializeTIM3Timer                      0x0800074d   Thumb Code    66  timermanager.o(.text)
    fputc                                    0x080007bf   Thumb Code    14  fputc_debug.o(.text)
    _ttywrch                                 0x080007cd   Thumb Code    12  fputc_debug.o(.text)
    _sys_exit                                0x080007d9   Thumb Code     4  fputc_debug.o(.text)
    setupGPIOForTIM4                         0x080007e1   Thumb Code    96  servomanager.o(.text)
    initializeTIM4Timer                      0x08000841   Thumb Code   370  servomanager.o(.text)
    initializeServoMotors                    0x080009b3   Thumb Code    28  servomanager.o(.text)
    setRollAngle                             0x080009cf   Thumb Code    30  servomanager.o(.text)
    setPitchAngle                            0x080009ed   Thumb Code    30  servomanager.o(.text)
    angleToPulseWidth                        0x08000a0b   Thumb Code    32  servomanager.o(.text)
    goToSpecifiedAngles                      0x08000a2b   Thumb Code   102  servomanager.o(.text)
    setEnable                                0x08000b75   Thumb Code    36  lcdmanager.o(.text)
    sendCommand                              0x08000b99   Thumb Code    22  lcdmanager.o(.text)
    setRegisterSelect                        0x08000baf   Thumb Code    36  lcdmanager.o(.text)
    setData7                                 0x08000bd3   Thumb Code    36  lcdmanager.o(.text)
    setData6                                 0x08000bf7   Thumb Code    36  lcdmanager.o(.text)
    setData5                                 0x08000c1b   Thumb Code    36  lcdmanager.o(.text)
    setData4                                 0x08000c3f   Thumb Code    36  lcdmanager.o(.text)
    setData3                                 0x08000c63   Thumb Code    36  lcdmanager.o(.text)
    setData2                                 0x08000c87   Thumb Code    36  lcdmanager.o(.text)
    setData1                                 0x08000cab   Thumb Code    36  lcdmanager.o(.text)
    setData0                                 0x08000ccf   Thumb Code    36  lcdmanager.o(.text)
    writeString                              0x08000cf3   Thumb Code   190  lcdmanager.o(.text)
    setCommandOnDataLine                     0x08000db1   Thumb Code   328  lcdmanager.o(.text)
    setReadWrite                             0x08000ef9   Thumb Code    36  lcdmanager.o(.text)
    initializeDataGPIO                       0x08000f1d   Thumb Code    52  lcdmanager.o(.text)
    initializeControlGPIO                    0x08000f51   Thumb Code    62  lcdmanager.o(.text)
    initializeLCD                            0x08000f8f   Thumb Code    88  lcdmanager.o(.text)
    initializeKeypad                         0x0800101d   Thumb Code   212  keypadmanager.o(.text)
    wireless_TIMEOUT_UserCallback            0x080010f9   Thumb Code     4  wireless.o(.text)
    wireless_SendByte                        0x080010fd   Thumb Code    82  wireless.o(.text)
    wireless_WriteReg                        0x0800114f   Thumb Code    74  wireless.o(.text)
    SPI_Config                               0x08001199   Thumb Code   244  wireless.o(.text)
    initializeWirelessChip                   0x0800128d   Thumb Code   296  wireless.o(.text)
    SPI_InterruptInit                        0x080013b5   Thumb Code    86  wireless.o(.text)
    wireless_ReadReg                         0x0800140b   Thumb Code   100  wireless.o(.text)
    wireless_TransmitData                    0x0800146f   Thumb Code    72  wireless.o(.text)
    wireless_ReceiveData                     0x080014b7   Thumb Code    20  wireless.o(.text)
    receiveAccData                           0x080014cb   Thumb Code    96  wireless.o(.text)
    checkRXByteCount                         0x0800152b   Thumb Code    48  wireless.o(.text)
    NVIC_PriorityGroupConfig                 0x08001565   Thumb Code    10  misc.o(.text)
    NVIC_Init                                0x0800156f   Thumb Code   108  misc.o(.text)
    NVIC_SetVectorTable                      0x080015db   Thumb Code    14  misc.o(.text)
    NVIC_SystemLPConfig                      0x080015e9   Thumb Code    34  misc.o(.text)
    SysTick_CLKSourceConfig                  0x0800160b   Thumb Code    40  misc.o(.text)
    EXTI_DeInit                              0x08001649   Thumb Code    28  stm32f4xx_exti.o(.text)
    EXTI_Init                                0x08001665   Thumb Code   142  stm32f4xx_exti.o(.text)
    EXTI_StructInit                          0x080016f3   Thumb Code    16  stm32f4xx_exti.o(.text)
    EXTI_GenerateSWInterrupt                 0x08001703   Thumb Code    16  stm32f4xx_exti.o(.text)
    EXTI_GetFlagStatus                       0x08001713   Thumb Code    22  stm32f4xx_exti.o(.text)
    EXTI_ClearFlag                           0x08001729   Thumb Code     8  stm32f4xx_exti.o(.text)
    EXTI_GetITStatus                         0x08001731   Thumb Code    34  stm32f4xx_exti.o(.text)
    EXTI_ClearITPendingBit                   0x08001753   Thumb Code     8  stm32f4xx_exti.o(.text)
    GPIO_DeInit                              0x08001765   Thumb Code   220  stm32f4xx_gpio.o(.text)
    GPIO_Init                                0x08001841   Thumb Code   144  stm32f4xx_gpio.o(.text)
    GPIO_StructInit                          0x080018d1   Thumb Code    18  stm32f4xx_gpio.o(.text)
    GPIO_PinLockConfig                       0x080018e3   Thumb Code    34  stm32f4xx_gpio.o(.text)
    GPIO_ReadInputDataBit                    0x08001905   Thumb Code    18  stm32f4xx_gpio.o(.text)
    GPIO_ReadInputData                       0x08001917   Thumb Code     8  stm32f4xx_gpio.o(.text)
    GPIO_ReadOutputDataBit                   0x0800191f   Thumb Code    18  stm32f4xx_gpio.o(.text)
    GPIO_ReadOutputData                      0x08001931   Thumb Code     8  stm32f4xx_gpio.o(.text)
    GPIO_SetBits                             0x08001939   Thumb Code     4  stm32f4xx_gpio.o(.text)
    GPIO_ResetBits                           0x0800193d   Thumb Code     4  stm32f4xx_gpio.o(.text)
    GPIO_WriteBit                            0x08001941   Thumb Code    10  stm32f4xx_gpio.o(.text)
    GPIO_Write                               0x0800194b   Thumb Code     4  stm32f4xx_gpio.o(.text)
    GPIO_ToggleBits                          0x0800194f   Thumb Code     8  stm32f4xx_gpio.o(.text)
    GPIO_PinAFConfig                         0x08001957   Thumb Code    70  stm32f4xx_gpio.o(.text)
    RCC_DeInit                               0x080019c1   Thumb Code    60  stm32f4xx_rcc.o(.text)
    RCC_HSEConfig                            0x080019fd   Thumb Code    14  stm32f4xx_rcc.o(.text)
    RCC_GetFlagStatus                        0x08001a0b   Thumb Code    60  stm32f4xx_rcc.o(.text)
    RCC_WaitForHSEStartUp                    0x08001a47   Thumb Code    56  stm32f4xx_rcc.o(.text)
    RCC_AdjustHSICalibrationValue            0x08001a7f   Thumb Code    20  stm32f4xx_rcc.o(.text)
    RCC_HSICmd                               0x08001a93   Thumb Code     6  stm32f4xx_rcc.o(.text)
    RCC_LSEConfig                            0x08001a99   Thumb Code    46  stm32f4xx_rcc.o(.text)
    RCC_LSICmd                               0x08001ac7   Thumb Code     6  stm32f4xx_rcc.o(.text)
    RCC_PLLConfig                            0x08001acd   Thumb Code    32  stm32f4xx_rcc.o(.text)
    RCC_PLLCmd                               0x08001aed   Thumb Code     6  stm32f4xx_rcc.o(.text)
    RCC_PLLI2SConfig                         0x08001af3   Thumb Code    14  stm32f4xx_rcc.o(.text)
    RCC_PLLI2SCmd                            0x08001b01   Thumb Code     6  stm32f4xx_rcc.o(.text)
    RCC_ClockSecuritySystemCmd               0x08001b07   Thumb Code     6  stm32f4xx_rcc.o(.text)
    RCC_MCO1Config                           0x08001b0d   Thumb Code    28  stm32f4xx_rcc.o(.text)
    RCC_MCO2Config                           0x08001b29   Thumb Code    28  stm32f4xx_rcc.o(.text)
    RCC_SYSCLKConfig                         0x08001b45   Thumb Code    20  stm32f4xx_rcc.o(.text)
    RCC_GetSYSCLKSource                      0x08001b59   Thumb Code    12  stm32f4xx_rcc.o(.text)
    RCC_HCLKConfig                           0x08001b65   Thumb Code    20  stm32f4xx_rcc.o(.text)
    RCC_PCLK1Config                          0x08001b79   Thumb Code    20  stm32f4xx_rcc.o(.text)
    RCC_PCLK2Config                          0x08001b8d   Thumb Code    22  stm32f4xx_rcc.o(.text)
    RCC_GetClocksFreq                        0x08001ba3   Thumb Code   222  stm32f4xx_rcc.o(.text)
    RCC_RTCCLKConfig                         0x08001c81   Thumb Code    54  stm32f4xx_rcc.o(.text)
    RCC_RTCCLKCmd                            0x08001cb7   Thumb Code     8  stm32f4xx_rcc.o(.text)
    RCC_BackupResetCmd                       0x08001cbf   Thumb Code     8  stm32f4xx_rcc.o(.text)
    RCC_I2SCLKConfig                         0x08001cc7   Thumb Code     6  stm32f4xx_rcc.o(.text)
    RCC_AHB1PeriphClockCmd                   0x08001ccd   Thumb Code    34  stm32f4xx_rcc.o(.text)
    RCC_AHB2PeriphClockCmd                   0x08001cef   Thumb Code    34  stm32f4xx_rcc.o(.text)
    RCC_AHB3PeriphClockCmd                   0x08001d11   Thumb Code    34  stm32f4xx_rcc.o(.text)
    RCC_APB1PeriphClockCmd                   0x08001d33   Thumb Code    34  stm32f4xx_rcc.o(.text)
    RCC_APB2PeriphClockCmd                   0x08001d55   Thumb Code    34  stm32f4xx_rcc.o(.text)
    RCC_AHB1PeriphResetCmd                   0x08001d77   Thumb Code    34  stm32f4xx_rcc.o(.text)
    RCC_AHB2PeriphResetCmd                   0x08001d99   Thumb Code    72  stm32f4xx_rcc.o(.text)
    RCC_AHB3PeriphResetCmd                   0x08001de1   Thumb Code    34  stm32f4xx_rcc.o(.text)
    RCC_APB1PeriphResetCmd                   0x08001e03   Thumb Code    34  stm32f4xx_rcc.o(.text)
    RCC_APB2PeriphResetCmd                   0x08001e25   Thumb Code    34  stm32f4xx_rcc.o(.text)
    RCC_AHB1PeriphClockLPModeCmd             0x08001e47   Thumb Code    34  stm32f4xx_rcc.o(.text)
    RCC_AHB2PeriphClockLPModeCmd             0x08001e69   Thumb Code    34  stm32f4xx_rcc.o(.text)
    RCC_AHB3PeriphClockLPModeCmd             0x08001e8b   Thumb Code    34  stm32f4xx_rcc.o(.text)
    RCC_APB1PeriphClockLPModeCmd             0x08001ead   Thumb Code    34  stm32f4xx_rcc.o(.text)
    RCC_APB2PeriphClockLPModeCmd             0x08001ecf   Thumb Code    34  stm32f4xx_rcc.o(.text)
    RCC_ITConfig                             0x08001ef1   Thumb Code    34  stm32f4xx_rcc.o(.text)
    RCC_ClearFlag                            0x08001f13   Thumb Code    18  stm32f4xx_rcc.o(.text)
    RCC_GetITStatus                          0x08001f25   Thumb Code    22  stm32f4xx_rcc.o(.text)
    RCC_ClearITPendingBit                    0x08001f3b   Thumb Code     8  stm32f4xx_rcc.o(.text)
    SPI_I2S_DeInit                           0x08001f49   Thumb Code    76  stm32f4xx_spi.o(.text)
    SPI_Init                                 0x08001f95   Thumb Code    60  stm32f4xx_spi.o(.text)
    I2S_Init                                 0x08001fd1   Thumb Code   346  stm32f4xx_spi.o(.text)
    SPI_StructInit                           0x0800212b   Thumb Code    24  stm32f4xx_spi.o(.text)
    I2S_StructInit                           0x08002143   Thumb Code    20  stm32f4xx_spi.o(.text)
    SPI_Cmd                                  0x08002157   Thumb Code    24  stm32f4xx_spi.o(.text)
    I2S_Cmd                                  0x0800216f   Thumb Code    24  stm32f4xx_spi.o(.text)
    SPI_DataSizeConfig                       0x08002187   Thumb Code    18  stm32f4xx_spi.o(.text)
    SPI_BiDirectionalLineConfig              0x08002199   Thumb Code    28  stm32f4xx_spi.o(.text)
    SPI_NSSInternalSoftwareConfig            0x080021b5   Thumb Code    30  stm32f4xx_spi.o(.text)
    SPI_SSOutputCmd                          0x080021d3   Thumb Code    24  stm32f4xx_spi.o(.text)
    SPI_TIModeCmd                            0x080021eb   Thumb Code    24  stm32f4xx_spi.o(.text)
    I2S_FullDuplexConfig                     0x08002203   Thumb Code    80  stm32f4xx_spi.o(.text)
    SPI_I2S_ReceiveData                      0x08002253   Thumb Code     6  stm32f4xx_spi.o(.text)
    SPI_I2S_SendData                         0x08002259   Thumb Code     4  stm32f4xx_spi.o(.text)
    SPI_CalculateCRC                         0x0800225d   Thumb Code    24  stm32f4xx_spi.o(.text)
    SPI_TransmitCRC                          0x08002275   Thumb Code    10  stm32f4xx_spi.o(.text)
    SPI_GetCRC                               0x0800227f   Thumb Code    16  stm32f4xx_spi.o(.text)
    SPI_GetCRCPolynomial                     0x0800228f   Thumb Code     6  stm32f4xx_spi.o(.text)
    SPI_I2S_DMACmd                           0x08002295   Thumb Code    18  stm32f4xx_spi.o(.text)
    SPI_I2S_ITConfig                         0x080022a7   Thumb Code    32  stm32f4xx_spi.o(.text)
    SPI_I2S_GetFlagStatus                    0x080022c7   Thumb Code    18  stm32f4xx_spi.o(.text)
    SPI_I2S_ClearFlag                        0x080022d9   Thumb Code     6  stm32f4xx_spi.o(.text)
    SPI_I2S_GetITStatus                      0x080022df   Thumb Code    52  stm32f4xx_spi.o(.text)
    SPI_I2S_ClearITPendingBit                0x08002313   Thumb Code    20  stm32f4xx_spi.o(.text)
    SYSCFG_DeInit                            0x0800233d   Thumb Code    22  stm32f4xx_syscfg.o(.text)
    SYSCFG_MemoryRemapConfig                 0x08002353   Thumb Code     6  stm32f4xx_syscfg.o(.text)
    SYSCFG_EXTILineConfig                    0x08002359   Thumb Code    66  stm32f4xx_syscfg.o(.text)
    SYSCFG_ETH_MediaInterfaceConfig          0x0800239b   Thumb Code     6  stm32f4xx_syscfg.o(.text)
    SYSCFG_CompensationCellCmd               0x080023a1   Thumb Code     6  stm32f4xx_syscfg.o(.text)
    SYSCFG_GetCompensationCellStatus         0x080023a7   Thumb Code    22  stm32f4xx_syscfg.o(.text)
    TIM_DeInit                               0x080023c9   Thumb Code   346  stm32f4xx_tim.o(.text)
    TIM_TimeBaseInit                         0x08002523   Thumb Code   104  stm32f4xx_tim.o(.text)
    TIM_TimeBaseStructInit                   0x0800258b   Thumb Code    18  stm32f4xx_tim.o(.text)
    TIM_PrescalerConfig                      0x0800259d   Thumb Code     6  stm32f4xx_tim.o(.text)
    TIM_CounterModeConfig                    0x080025a3   Thumb Code    18  stm32f4xx_tim.o(.text)
    TIM_SetCounter                           0x080025b5   Thumb Code     4  stm32f4xx_tim.o(.text)
    TIM_SetAutoreload                        0x080025b9   Thumb Code     4  stm32f4xx_tim.o(.text)
    TIM_GetCounter                           0x080025bd   Thumb Code     6  stm32f4xx_tim.o(.text)
    TIM_GetPrescaler                         0x080025c3   Thumb Code     6  stm32f4xx_tim.o(.text)
    TIM_UpdateDisableConfig                  0x080025c9   Thumb Code    24  stm32f4xx_tim.o(.text)
    TIM_UpdateRequestConfig                  0x080025e1   Thumb Code    24  stm32f4xx_tim.o(.text)
    TIM_ARRPreloadConfig                     0x080025f9   Thumb Code    24  stm32f4xx_tim.o(.text)
    TIM_SelectOnePulseMode                   0x08002611   Thumb Code    18  stm32f4xx_tim.o(.text)
    TIM_SetClockDivision                     0x08002623   Thumb Code    18  stm32f4xx_tim.o(.text)
    TIM_Cmd                                  0x08002635   Thumb Code    24  stm32f4xx_tim.o(.text)
    TIM_OC1Init                              0x0800264d   Thumb Code   114  stm32f4xx_tim.o(.text)
    TIM_OC2Init                              0x080026bf   Thumb Code   154  stm32f4xx_tim.o(.text)
    TIM_OC3Init                              0x08002759   Thumb Code   204  stm32f4xx_tim.o(.text)
    TIM_OC4Init                              0x08002825   Thumb Code   112  stm32f4xx_tim.o(.text)
    TIM_OCStructInit                         0x08002895   Thumb Code    20  stm32f4xx_tim.o(.text)
    TIM_SelectOCxM                           0x080028a9   Thumb Code    86  stm32f4xx_tim.o(.text)
    TIM_SetCompare1                          0x080028ff   Thumb Code     4  stm32f4xx_tim.o(.text)
    TIM_SetCompare2                          0x08002903   Thumb Code     4  stm32f4xx_tim.o(.text)
    TIM_SetCompare3                          0x08002907   Thumb Code     4  stm32f4xx_tim.o(.text)
    TIM_SetCompare4                          0x0800290b   Thumb Code     4  stm32f4xx_tim.o(.text)
    TIM_ForcedOC1Config                      0x0800290f   Thumb Code    18  stm32f4xx_tim.o(.text)
    TIM_ForcedOC2Config                      0x08002921   Thumb Code    26  stm32f4xx_tim.o(.text)
    TIM_ForcedOC3Config                      0x0800293b   Thumb Code    18  stm32f4xx_tim.o(.text)
    TIM_ForcedOC4Config                      0x0800294d   Thumb Code    26  stm32f4xx_tim.o(.text)
    TIM_OC1PreloadConfig                     0x08002967   Thumb Code    18  stm32f4xx_tim.o(.text)
    TIM_OC2PreloadConfig                     0x08002979   Thumb Code    26  stm32f4xx_tim.o(.text)
    TIM_OC3PreloadConfig                     0x08002993   Thumb Code    18  stm32f4xx_tim.o(.text)
    TIM_OC4PreloadConfig                     0x080029a5   Thumb Code    26  stm32f4xx_tim.o(.text)
    TIM_OC1FastConfig                        0x080029bf   Thumb Code    18  stm32f4xx_tim.o(.text)
    TIM_OC2FastConfig                        0x080029d1   Thumb Code    26  stm32f4xx_tim.o(.text)
    TIM_OC3FastConfig                        0x080029eb   Thumb Code    18  stm32f4xx_tim.o(.text)
    TIM_OC4FastConfig                        0x080029fd   Thumb Code    26  stm32f4xx_tim.o(.text)
    TIM_ClearOC1Ref                          0x08002a17   Thumb Code    18  stm32f4xx_tim.o(.text)
    TIM_ClearOC2Ref                          0x08002a29   Thumb Code    24  stm32f4xx_tim.o(.text)
    TIM_ClearOC3Ref                          0x08002a41   Thumb Code    18  stm32f4xx_tim.o(.text)
    TIM_ClearOC4Ref                          0x08002a53   Thumb Code    24  stm32f4xx_tim.o(.text)
    TIM_OC1PolarityConfig                    0x08002a6b   Thumb Code    18  stm32f4xx_tim.o(.text)
    TIM_OC1NPolarityConfig                   0x08002a7d   Thumb Code    18  stm32f4xx_tim.o(.text)
    TIM_OC2PolarityConfig                    0x08002a8f   Thumb Code    26  stm32f4xx_tim.o(.text)
    TIM_OC2NPolarityConfig                   0x08002aa9   Thumb Code    26  stm32f4xx_tim.o(.text)
    TIM_OC3PolarityConfig                    0x08002ac3   Thumb Code    26  stm32f4xx_tim.o(.text)
    TIM_OC3NPolarityConfig                   0x08002add   Thumb Code    26  stm32f4xx_tim.o(.text)
    TIM_OC4PolarityConfig                    0x08002af7   Thumb Code    26  stm32f4xx_tim.o(.text)
    TIM_CCxCmd                               0x08002b11   Thumb Code    30  stm32f4xx_tim.o(.text)
    TIM_CCxNCmd                              0x08002b2f   Thumb Code    30  stm32f4xx_tim.o(.text)
    TIM_SetIC4Prescaler                      0x08002b4d   Thumb Code    26  stm32f4xx_tim.o(.text)
    TIM_SetIC3Prescaler                      0x08002bb7   Thumb Code    18  stm32f4xx_tim.o(.text)
    TIM_SetIC2Prescaler                      0x08002c11   Thumb Code    26  stm32f4xx_tim.o(.text)
    TIM_SetIC1Prescaler                      0x08002c85   Thumb Code    18  stm32f4xx_tim.o(.text)
    TIM_ICInit                               0x08002cd1   Thumb Code   110  stm32f4xx_tim.o(.text)
    TIM_ICStructInit                         0x08002d3f   Thumb Code    18  stm32f4xx_tim.o(.text)
    TIM_PWMIConfig                           0x08002d51   Thumb Code   124  stm32f4xx_tim.o(.text)
    TIM_GetCapture1                          0x08002dcd   Thumb Code     6  stm32f4xx_tim.o(.text)
    TIM_GetCapture2                          0x08002dd3   Thumb Code     6  stm32f4xx_tim.o(.text)
    TIM_GetCapture3                          0x08002dd9   Thumb Code     6  stm32f4xx_tim.o(.text)
    TIM_GetCapture4                          0x08002ddf   Thumb Code     6  stm32f4xx_tim.o(.text)
    TIM_BDTRConfig                           0x08002de5   Thumb Code    32  stm32f4xx_tim.o(.text)
    TIM_BDTRStructInit                       0x08002e05   Thumb Code    18  stm32f4xx_tim.o(.text)
    TIM_CtrlPWMOutputs                       0x08002e17   Thumb Code    30  stm32f4xx_tim.o(.text)
    TIM_SelectCOM                            0x08002e35   Thumb Code    24  stm32f4xx_tim.o(.text)
    TIM_CCPreloadControl                     0x08002e4d   Thumb Code    24  stm32f4xx_tim.o(.text)
    TIM_ITConfig                             0x08002e65   Thumb Code    18  stm32f4xx_tim.o(.text)
    TIM_GenerateEvent                        0x08002e77   Thumb Code     4  stm32f4xx_tim.o(.text)
    TIM_GetFlagStatus                        0x08002e7b   Thumb Code    18  stm32f4xx_tim.o(.text)
    TIM_ClearFlag                            0x08002e8d   Thumb Code     6  stm32f4xx_tim.o(.text)
    TIM_GetITStatus                          0x08002e93   Thumb Code    34  stm32f4xx_tim.o(.text)
    TIM_ClearITPendingBit                    0x08002eb5   Thumb Code     6  stm32f4xx_tim.o(.text)
    TIM_DMAConfig                            0x08002ebb   Thumb Code    10  stm32f4xx_tim.o(.text)
    TIM_DMACmd                               0x08002ec5   Thumb Code    18  stm32f4xx_tim.o(.text)
    TIM_SelectCCDMA                          0x08002ed7   Thumb Code    24  stm32f4xx_tim.o(.text)
    TIM_InternalClockConfig                  0x08002eef   Thumb Code    12  stm32f4xx_tim.o(.text)
    TIM_SelectInputTrigger                   0x08002efb   Thumb Code    18  stm32f4xx_tim.o(.text)
    TIM_ITRxExternalClockConfig              0x08002f0d   Thumb Code    24  stm32f4xx_tim.o(.text)
    TIM_TIxExternalClockConfig               0x08002f25   Thumb Code    62  stm32f4xx_tim.o(.text)
    TIM_ETRConfig                            0x08002f63   Thumb Code    28  stm32f4xx_tim.o(.text)
    TIM_ETRClockMode1Config                  0x08002f7f   Thumb Code    54  stm32f4xx_tim.o(.text)
    TIM_ETRClockMode2Config                  0x08002fb5   Thumb Code    32  stm32f4xx_tim.o(.text)
    TIM_SelectOutputTrigger                  0x08002fd5   Thumb Code    18  stm32f4xx_tim.o(.text)
    TIM_SelectSlaveMode                      0x08002fe7   Thumb Code    18  stm32f4xx_tim.o(.text)
    TIM_SelectMasterSlaveMode                0x08002ff9   Thumb Code    18  stm32f4xx_tim.o(.text)
    TIM_EncoderInterfaceConfig               0x0800300b   Thumb Code    66  stm32f4xx_tim.o(.text)
    TIM_SelectHallSensor                     0x0800304d   Thumb Code    24  stm32f4xx_tim.o(.text)
    TIM_RemapConfig                          0x08003065   Thumb Code     6  stm32f4xx_tim.o(.text)
    __aeabi_dmul                             0x0800306b   Thumb Code   228  dmul.o(.text)
    __aeabi_ddiv                             0x0800314f   Thumb Code   222  ddiv.o(.text)
    __aeabi_ui2d                             0x0800322d   Thumb Code    26  dfltui.o(.text)
    __aeabi_uidiv                            0x08003247   Thumb Code     0  uidiv.o(.text)
    __aeabi_uidivmod                         0x08003247   Thumb Code    44  uidiv.o(.text)
    __aeabi_uldivmod                         0x08003273   Thumb Code    98  uldiv.o(.text)
    __I$use$fp                               0x080032d5   Thumb Code     0  iusefp.o(.text)
    _double_round                            0x080032d5   Thumb Code    26  depilogue.o(.text)
    _double_epilogue                         0x080032ef   Thumb Code   164  depilogue.o(.text)
    __aeabi_dadd                             0x08003393   Thumb Code   322  dadd.o(.text)
    __aeabi_dsub                             0x080034d5   Thumb Code     6  dadd.o(.text)
    __aeabi_drsub                            0x080034db   Thumb Code     6  dadd.o(.text)
    __aeabi_d2ulz                            0x080034e1   Thumb Code    48  dfixul.o(.text)
    __aeabi_cdrcmple                         0x08003511   Thumb Code    38  cdrcmple.o(.text)
    __scatterload                            0x08003539   Thumb Code    28  init.o(.text)
    __scatterload_rt2                        0x08003539   Thumb Code     0  init.o(.text)
    __aeabi_llsl                             0x0800355d   Thumb Code    30  llshl.o(.text)
    _ll_shift_l                              0x0800355d   Thumb Code     0  llshl.o(.text)
    __aeabi_llsr                             0x0800357b   Thumb Code    32  llushr.o(.text)
    _ll_ushift_r                             0x0800357b   Thumb Code     0  llushr.o(.text)
    __aeabi_lasr                             0x0800359b   Thumb Code    36  llsshr.o(.text)
    _ll_sshift_r                             0x0800359b   Thumb Code     0  llsshr.o(.text)
    SVC_Count                                0x080035c0   Data           4  SVC_Table.o(SVC_TABLE)
    SVC_Table                                0x080035c4   Data           0  SVC_Table.o(SVC_TABLE)
    __0printf                                0x080035c5   Thumb Code    22  printfa.o(i.__0printf)
    __1printf                                0x080035c5   Thumb Code     0  printfa.o(i.__0printf)
    __2printf                                0x080035c5   Thumb Code     0  printfa.o(i.__0printf)
    __c89printf                              0x080035c5   Thumb Code     0  printfa.o(i.__0printf)
    printf                                   0x080035c5   Thumb Code     0  printfa.o(i.__0printf)
    __scatterload_copy                       0x080035e5   Thumb Code    14  handlers.o(i.__scatterload_copy)
    __scatterload_null                       0x080035f3   Thumb Code     2  handlers.o(i.__scatterload_null)
    __scatterload_zeroinit                   0x080035f5   Thumb Code    14  handlers.o(i.__scatterload_zeroinit)
    _init_box                                0x08003761   Thumb Code    70  rt_membox.o(i._init_box)
    dbg_init                                 0x08003ef1   Thumb Code    34  hal_cm.o(i.dbg_init)
    dbg_task_notify                          0x08003f21   Thumb Code    32  hal_cm.o(i.dbg_task_notify)
    dbg_task_switch                          0x08003f41   Thumb Code    16  hal_cm.o(i.dbg_task_switch)
    isr_evt_set                              0x08003f7d   Thumb Code    34  rt_event.o(i.isr_evt_set)
    isr_mbx_receive                          0x08003fa5   Thumb Code    80  rt_mailbox.o(i.isr_mbx_receive)
    isr_mbx_send                             0x08003ff5   Thumb Code    14  rt_mailbox.o(i.isr_mbx_send)
    osDelay                                  0x08004005   Thumb Code    18  rt_cmsis.o(i.osDelay)
    osKernelStart                            0x0800401d   Thumb Code    94  rt_cmsis.o(i.osKernelStart)
    osMessageGet                             0x08004085   Thumb Code    64  rt_cmsis.o(i.osMessageGet)
    osMutexCreate                            0x080040c9   Thumb Code    18  rt_cmsis.o(i.osMutexCreate)
    osMutexRelease                           0x080040e1   Thumb Code    18  rt_cmsis.o(i.osMutexRelease)
    osMutexWait                              0x080040f9   Thumb Code    18  rt_cmsis.o(i.osMutexWait)
    osSignalSet                              0x08004111   Thumb Code    48  rt_cmsis.o(i.osSignalSet)
    osSignalWait                             0x08004145   Thumb Code    18  rt_cmsis.o(i.osSignalWait)
    osThreadCreate                           0x0800415d   Thumb Code    18  rt_cmsis.o(i.osThreadCreate)
    osThreadExit                             0x08004175   Thumb Code    14  rt_cmsis.o(i.osThreadExit)
    osTimerCall                              0x0800418d   Thumb Code     8  rt_cmsis.o(i.osTimerCall)
    osTimerThread                            0x08004199   Thumb Code    38  rt_cmsis.o(i.osTimerThread)
    rt_alloc_box                             0x080041c5   Thumb Code    28  rt_membox.o(i.rt_alloc_box)
    rt_alloc_mem                             0x080041e1   Thumb Code    60  rt_memory.o(i.rt_alloc_mem)
    rt_block                                 0x0800421d   Thumb Code    48  rt_task.o(i.rt_block)
    rt_chk_robin                             0x08004255   Thumb Code    58  rt_robin.o(i.rt_chk_robin)
    rt_dec_dly                               0x0800429d   Thumb Code   102  rt_list.o(i.rt_dec_dly)
    rt_dispatch                              0x0800430d   Thumb Code    60  rt_task.o(i.rt_dispatch)
    rt_dly_wait                              0x08004351   Thumb Code     6  rt_time.o(i.rt_dly_wait)
    rt_evt_psh                               0x08004359   Thumb Code    76  rt_event.o(i.rt_evt_psh)
    rt_evt_set                               0x080043a9   Thumb Code    88  rt_event.o(i.rt_evt_set)
    rt_evt_wait                              0x08004405   Thumb Code    58  rt_event.o(i.rt_evt_wait)
    rt_free_box                              0x08004445   Thumb Code    32  rt_membox.o(i.rt_free_box)
    rt_free_mem                              0x08004465   Thumb Code    40  rt_memory.o(i.rt_free_mem)
    rt_get_first                             0x0800448d   Thumb Code    40  rt_list.o(i.rt_get_first)
    rt_init_mem                              0x080044fd   Thumb Code    26  rt_memory.o(i.rt_init_mem)
    rt_init_robin                            0x08004519   Thumb Code    14  rt_robin.o(i.rt_init_robin)
    rt_init_stack                            0x08004531   Thumb Code    70  hal_cm.o(i.rt_init_stack)
    rt_mbx_check                             0x08004581   Thumb Code     8  rt_mailbox.o(i.rt_mbx_check)
    rt_mbx_init                              0x08004589   Thumb Code    26  rt_mailbox.o(i.rt_mbx_init)
    rt_mbx_psh                               0x080045a5   Thumb Code   248  rt_mailbox.o(i.rt_mbx_psh)
    rt_mbx_wait                              0x080046a1   Thumb Code   174  rt_mailbox.o(i.rt_mbx_wait)
    rt_mut_init                              0x08004791   Thumb Code    16  rt_mutex.o(i.rt_mut_init)
    rt_mut_release                           0x080047a1   Thumb Code   150  rt_mutex.o(i.rt_mut_release)
    rt_mut_wait                              0x08004841   Thumb Code    96  rt_mutex.o(i.rt_mut_wait)
    rt_pop_req                               0x080048a5   Thumb Code   106  rt_system.o(i.rt_pop_req)
    rt_psh_req                               0x0800491d   Thumb Code    22  rt_system.o(i.rt_psh_req)
    rt_psq_enq                               0x0800493d   Thumb Code    82  rt_list.o(i.rt_psq_enq)
    rt_put_dly                               0x08004995   Thumb Code    88  rt_list.o(i.rt_put_dly)
    rt_put_prio                              0x080049f1   Thumb Code    56  rt_list.o(i.rt_put_prio)
    rt_put_rdy_first                         0x08004a29   Thumb Code    14  rt_list.o(i.rt_put_rdy_first)
    rt_resort_prio                           0x08004a3d   Thumb Code    46  rt_list.o(i.rt_resort_prio)
    rt_ret_val                               0x08004a81   Thumb Code    12  hal_cm.o(i.rt_ret_val)
    rt_ret_val2                              0x08004a8d   Thumb Code    16  hal_cm.o(i.rt_ret_val2)
    rt_rmv_dly                               0x08004a9d   Thumb Code    40  rt_list.o(i.rt_rmv_dly)
    rt_rmv_list                              0x08004ac5   Thumb Code    44  rt_list.o(i.rt_rmv_list)
    rt_sem_psh                               0x08004af5   Thumb Code    48  rt_semaphore.o(i.rt_sem_psh)
    rt_stk_check                             0x08004b29   Thumb Code    28  rt_system.o(i.rt_stk_check)
    rt_switch_req                            0x08004b4d   Thumb Code    30  rt_task.o(i.rt_switch_req)
    rt_sys_init                              0x08004b75   Thumb Code   242  rt_task.o(i.rt_sys_init)
    rt_systick                               0x08004cb5   Thumb Code    48  rt_system.o(i.rt_systick)
    rt_tsk_create                            0x08004d41   Thumb Code   112  rt_task.o(i.rt_tsk_create)
    rt_tsk_delete                            0x08004dc1   Thumb Code   146  rt_task.o(i.rt_tsk_delete)
    rt_tsk_self                              0x08004e6d   Thumb Code    12  rt_task.o(i.rt_tsk_self)
    svcDelay                                 0x08004e7d   Thumb Code    20  rt_cmsis.o(i.svcDelay)
    svcKernelStart                           0x08004e91   Thumb Code   174  rt_cmsis.o(i.svcKernelStart)
    svcMessageCreate                         0x08004f65   Thumb Code    36  rt_cmsis.o(i.svcMessageCreate)
    svcMessageGet                            0x08004f89   Thumb Code    58  rt_cmsis.o(i.svcMessageGet)
    svcMutexCreate                           0x08004fc3   Thumb Code    28  rt_cmsis.o(i.svcMutexCreate)
    svcMutexRelease                          0x08004fdf   Thumb Code    34  rt_cmsis.o(i.svcMutexRelease)
    svcMutexWait                             0x08005001   Thumb Code    54  rt_cmsis.o(i.svcMutexWait)
    svcSignalSet                             0x08005037   Thumb Code    36  rt_cmsis.o(i.svcSignalSet)
    svcSignalWait                            0x0800505d   Thumb Code    80  rt_cmsis.o(i.svcSignalWait)
    svcThreadCreate                          0x080050b1   Thumb Code   100  rt_cmsis.o(i.svcThreadCreate)
    svcThreadGetId                           0x08005121   Thumb Code    22  rt_cmsis.o(i.svcThreadGetId)
    svcThreadTerminate                       0x0800513d   Thumb Code    52  rt_cmsis.o(i.svcThreadTerminate)
    svcTimerCall                             0x08005175   Thumb Code    24  rt_cmsis.o(i.svcTimerCall)
    sysTimerTick                             0x0800518d   Thumb Code    76  rt_cmsis.o(i.sysTimerTick)
    os_maxtaskrun                            0x080051e0   Data           2  rtx_conf_cm.o(.constdata)
    os_stackinfo                             0x080051e4   Data           4  rtx_conf_cm.o(.constdata)
    os_rrobin                                0x080051e8   Data           4  rtx_conf_cm.o(.constdata)
    os_trv                                   0x080051ec   Data           4  rtx_conf_cm.o(.constdata)
    os_flags                                 0x080051f0   Data           1  rtx_conf_cm.o(.constdata)
    os_clockrate                             0x080051f4   Data           4  rtx_conf_cm.o(.constdata)
    os_timernum                              0x080051f8   Data           4  rtx_conf_cm.o(.constdata)
    mp_tcb_size                              0x080051fc   Data           2  rtx_conf_cm.o(.constdata)
    mp_stk_size                              0x08005200   Data           4  rtx_conf_cm.o(.constdata)
    os_stack_sz                              0x08005204   Data           4  rtx_conf_cm.o(.constdata)
    os_fifo_size                             0x08005208   Data           1  rtx_conf_cm.o(.constdata)
    os_thread_def_osTimerThread              0x0800520c   Data          16  rtx_conf_cm.o(.constdata)
    os_messageQ_def_osTimerMessageQ          0x0800521c   Data           8  rtx_conf_cm.o(.constdata)
    mp_tmr_size                              0x08005224   Data           2  rtx_conf_cm.o(.constdata)
    os_thread_def_main                       0x08005228   Data          16  rtx_conf_cm.o(.constdata)
    os_thread_def_fsmThread                  0x08005238   Data          16  main.o(.constdata)
    os_thread_def_wifiThread                 0x08005248   Data          16  main.o(.constdata)
    os_mutex_def_currentState_mutex          0x08005258   Data           4  finitestatemachine.o(.constdata)
    ANGLE_MIN_90                             0x0800525c   Data           4  servomanager.o(.constdata)
    ANGLE_MIN_45                             0x08005260   Data           4  servomanager.o(.constdata)
    ANGLE_0                                  0x08005264   Data           4  servomanager.o(.constdata)
    ANGLE_PLUS_45                            0x08005268   Data           4  servomanager.o(.constdata)
    ANGLE_PLUS_90                            0x0800526c   Data           4  servomanager.o(.constdata)
    os_mutex_def_roll_mutex                  0x08005270   Data           4  servomanager.o(.constdata)
    os_mutex_def_pitch_mutex                 0x08005274   Data           4  servomanager.o(.constdata)
    Region$$Table$$Base                      0x080052d0   Number         0  anon$$obj.o(Region$$Table)
    Region$$Table$$Limit                     0x08005300   Number         0  anon$$obj.o(Region$$Table)
    mp_tcb                                   0x10000000   Data         348  rtx_conf_cm.o(.bss)
    mp_stk                                   0x10000160   Data        4816  rtx_conf_cm.o(.bss)
    os_stack_mem                             0x10001430   Data        1632  rtx_conf_cm.o(.bss)
    os_fifo                                  0x10001a90   Data         132  rtx_conf_cm.o(.bss)
    os_active_TCB                            0x10001b14   Data          28  rtx_conf_cm.o(.bss)
    os_messageQ_q_osTimerMessageQ            0x10001b30   Data          32  rtx_conf_cm.o(.bss)
    SystemCoreClock                          0x20000000   Data           4  system_stm32f4xx.o(.data)
    AHBPrescTable                            0x20000004   Data          16  system_stm32f4xx.o(.data)
    os_tmr                                   0x20000014   Data           4  rtx_conf_cm.o(.data)
    m_tmr                                    0x20000018   Data           4  rtx_conf_cm.o(.data)
    osThreadId_osTimerThread                 0x2000001c   Data           4  rtx_conf_cm.o(.data)
    osMessageQId_osTimerMessageQ             0x20000020   Data           4  rtx_conf_cm.o(.data)
    tid_fsmThread                            0x20000028   Data           4  main.o(.data)
    tid_wifiThread                           0x2000002c   Data           4  main.o(.data)
    currentState_mutex                       0x20000030   Data           4  finitestatemachine.o(.data)
    currentState                             0x20000034   Data           1  finitestatemachine.o(.data)
    __stdout                                 0x20000038   Data           4  fputc_debug.o(.data)
    __stdin                                  0x2000003c   Data           4  fputc_debug.o(.data)
    roll_angle                               0x20000040   Data           4  servomanager.o(.data)
    pitch_angle                              0x20000044   Data           4  servomanager.o(.data)
    roll_mutex                               0x20000048   Data           4  servomanager.o(.data)
    pitch_mutex                              0x2000004c   Data           4  servomanager.o(.data)
    os_timer_head                            0x20000064   Data           4  rt_cmsis.o(.data)
    os_tsk                                   0x20000068   Data           8  rt_task.o(.data)
    os_time                                  0x20000074   Data           2  rt_time.o(.data)
    dbg_msg                                  0x20000076   Data           1  hal_cm.o(.data)
    os_robin                                 0x20000078   Data           8  rt_robin.o(.data)
    os_mutex_cb_currentState_mutex           0x20000080   Data          12  finitestatemachine.o(.bss)
    os_mutex_cb_roll_mutex                   0x2000008c   Data          12  servomanager.o(.bss)
    os_mutex_cb_pitch_mutex                  0x20000098   Data          12  servomanager.o(.bss)
    os_idle_TCB                              0x200000a4   Data          48  rt_task.o(.bss)
    os_rdy                                   0x200000d4   Data          24  rt_list.o(.bss)
    os_dly                                   0x200000ec   Data          24  rt_list.o(.bss)
    __initial_sp                             0x20000508   Data           0  startup_stm32f4xx.o(STACK)



==============================================================================

Memory Map of the image

  Image Entry point : 0x08000189

  Load Region LR_IROM1 (Base: 0x08000000, Size: 0x00005380, Max: 0x00100000, ABSOLUTE)

    Execution Region ER_IROM1 (Base: 0x08000000, Size: 0x00005300, Max: 0x00100000, ABSOLUTE)

    Base Addr    Size         Type   Attr      Idx    E Section Name        Object

    0x08000000   0x00000188   Data   RO          132    RESET               startup_stm32f4xx.o
    0x08000188   0x00000000   Code   RO         2313  * .ARM.Collect$$$$00000000  mc_w.l(entry.o)
    0x08000188   0x00000004   Code   RO         2583    .ARM.Collect$$$$00000001  mc_w.l(entry2.o)
    0x0800018c   0x00000004   Code   RO         2586    .ARM.Collect$$$$00000004  mc_w.l(entry5.o)
    0x08000190   0x00000000   Code   RO         2588    .ARM.Collect$$$$00000008  mc_w.l(entry7b.o)
    0x08000190   0x00000000   Code   RO         2590    .ARM.Collect$$$$0000000A  mc_w.l(entry8b.o)
    0x08000190   0x00000000   Code   RO         2591    .ARM.Collect$$$$0000000D  mc_w.l(entry10a.o)
    0x08000190   0x00000000   Code   RO         2593    .ARM.Collect$$$$0000000F  mc_w.l(entry11a.o)
    0x08000190   0x00000010   Code   RO          137    .ARM.Collect$$$$000000FF  rtx_conf_cm.o
    0x080001a0   0x00000004   Code   RO         2584    .ARM.Collect$$$$00002712  mc_w.l(entry2.o)
    0x080001a4   0x00000174   Code   RO         2300    .emb_text           RTX_CM4.lib(hal_cm4.o)
    0x08000318   0x0000020c   Code   RO            3    .text               system_stm32f4xx.o
    0x08000524   0x00000024   Code   RO          133    .text               startup_stm32f4xx.o
    0x08000548   0x00000008   Code   RO          138    .text               rtx_conf_cm.o
    0x08000550   0x000000f0   Code   RO          171    .text               main.o
    0x08000640   0x00000088   Code   RO          250    .text               finitestatemachine.o
    0x080006c8   0x000000cc   Code   RO          288    .text               timermanager.o
    0x08000794   0x0000004c   Code   RO          389    .text               fputc_debug.o
    0x080007e0   0x00000394   Code   RO          423    .text               servomanager.o
    0x08000b74   0x000004a8   Code   RO          448    .text               lcdmanager.o
    0x0800101c   0x000000dc   Code   RO          474    .text               keypadmanager.o
    0x080010f8   0x0000046c   Code   RO          497    .text               wireless.o
    0x08001564   0x000000e4   Code   RO          551    .text               misc.o
    0x08001648   0x0000011c   Code   RO          815    .text               stm32f4xx_exti.o
    0x08001764   0x0000025c   Code   RO          884    .text               stm32f4xx_gpio.o
    0x080019c0   0x00000588   Code   RO         1033    .text               stm32f4xx_rcc.o
    0x08001f48   0x000003f4   Code   RO         1124    .text               stm32f4xx_spi.o
    0x0800233c   0x0000008c   Code   RO         1147    .text               stm32f4xx_syscfg.o
    0x080023c8   0x00000ca2   Code   RO         1167    .text               stm32f4xx_tim.o
    0x0800306a   0x000000e4   Code   RO         2577    .text               mf_w.l(dmul.o)
    0x0800314e   0x000000de   Code   RO         2579    .text               mf_w.l(ddiv.o)
    0x0800322c   0x0000001a   Code   RO         2581    .text               mf_w.l(dfltui.o)
    0x08003246   0x0000002c   Code   RO         2595    .text               mc_w.l(uidiv.o)
    0x08003272   0x00000062   Code   RO         2597    .text               mc_w.l(uldiv.o)
    0x080032d4   0x00000000   Code   RO         2599    .text               mc_w.l(iusefp.o)
    0x080032d4   0x000000be   Code   RO         2600    .text               mf_w.l(depilogue.o)
    0x08003392   0x0000014e   Code   RO         2602    .text               mf_w.l(dadd.o)
    0x080034e0   0x00000030   Code   RO         2604    .text               mf_w.l(dfixul.o)
    0x08003510   0x00000028   Code   RO         2606    .text               mf_w.l(cdrcmple.o)
    0x08003538   0x00000024   Code   RO         2608    .text               mc_w.l(init.o)
    0x0800355c   0x0000001e   Code   RO         2610    .text               mc_w.l(llshl.o)
    0x0800357a   0x00000020   Code   RO         2612    .text               mc_w.l(llushr.o)
    0x0800359a   0x00000024   Code   RO         2614    .text               mc_w.l(llsshr.o)
    0x080035be   0x00000002   PAD
    0x080035c0   0x00000004   Code   RO         2310    SVC_TABLE           RTX_CM4.lib(SVC_Table.o)
    0x080035c4   0x00000020   Code   RO         2549    i.__0printf         mc_w.l(printfa.o)
    0x080035e4   0x0000000e   Code   RO         2618    i.__scatterload_copy  mc_w.l(handlers.o)
    0x080035f2   0x00000002   Code   RO         2619    i.__scatterload_null  mc_w.l(handlers.o)
    0x080035f4   0x0000000e   Code   RO         2620    i.__scatterload_zeroinit  mc_w.l(handlers.o)
    0x08003602   0x00000002   PAD
    0x08003604   0x0000015c   Code   RO         2556    i._fp_digits        mc_w.l(printfa.o)
    0x08003760   0x00000046   Code   RO         2173    i._init_box         RTX_CM4.lib(rt_membox.o)
    0x080037a6   0x00000002   PAD
    0x080037a8   0x000006f0   Code   RO         2557    i._printf_core      mc_w.l(printfa.o)
    0x08003e98   0x00000026   Code   RO         2558    i._printf_post_padding  mc_w.l(printfa.o)
    0x08003ebe   0x00000030   Code   RO         2559    i._printf_pre_padding  mc_w.l(printfa.o)
    0x08003eee   0x00000002   PAD
    0x08003ef0   0x00000030   Code   RO         2226    i.dbg_init          RTX_CM4.lib(hal_cm.o)
    0x08003f20   0x00000020   Code   RO         2227    i.dbg_task_notify   RTX_CM4.lib(hal_cm.o)
    0x08003f40   0x00000010   Code   RO         2228    i.dbg_task_switch   RTX_CM4.lib(hal_cm.o)
    0x08003f50   0x0000002c   Code   RO         1272    i.isrMessagePut     RTX_CM4.lib(rt_cmsis.o)
    0x08003f7c   0x00000028   Code   RO         1919    i.isr_evt_set       RTX_CM4.lib(rt_event.o)
    0x08003fa4   0x00000050   Code   RO         2037    i.isr_mbx_receive   RTX_CM4.lib(rt_mailbox.o)
    0x08003ff4   0x0000000e   Code   RO         2038    i.isr_mbx_send      RTX_CM4.lib(rt_mailbox.o)
    0x08004002   0x00000002   PAD
    0x08004004   0x00000018   Code   RO         1273    i.osDelay           RTX_CM4.lib(rt_cmsis.o)
    0x0800401c   0x00000068   Code   RO         1275    i.osKernelStart     RTX_CM4.lib(rt_cmsis.o)
    0x08004084   0x00000044   Code   RO         1283    i.osMessageGet      RTX_CM4.lib(rt_cmsis.o)
    0x080040c8   0x00000018   Code   RO         1285    i.osMutexCreate     RTX_CM4.lib(rt_cmsis.o)
    0x080040e0   0x00000018   Code   RO         1286    i.osMutexRelease    RTX_CM4.lib(rt_cmsis.o)
    0x080040f8   0x00000018   Code   RO         1287    i.osMutexWait       RTX_CM4.lib(rt_cmsis.o)
    0x08004110   0x00000034   Code   RO         1297    i.osSignalSet       RTX_CM4.lib(rt_cmsis.o)
    0x08004144   0x00000018   Code   RO         1298    i.osSignalWait      RTX_CM4.lib(rt_cmsis.o)
    0x0800415c   0x00000018   Code   RO         1299    i.osThreadCreate    RTX_CM4.lib(rt_cmsis.o)
    0x08004174   0x00000018   Code   RO         1300    i.osThreadExit      RTX_CM4.lib(rt_cmsis.o)
    0x0800418c   0x0000000c   Code   RO         1306    i.osTimerCall       RTX_CM4.lib(rt_cmsis.o)
    0x08004198   0x0000002c   Code   RO         1310    i.osTimerThread     RTX_CM4.lib(rt_cmsis.o)
    0x080041c4   0x0000001c   Code   RO         2174    i.rt_alloc_box      RTX_CM4.lib(rt_membox.o)
    0x080041e0   0x0000003c   Code   RO         2202    i.rt_alloc_mem      RTX_CM4.lib(rt_memory.o)
    0x0800421c   0x00000038   Code   RO         1794    i.rt_block          RTX_CM4.lib(rt_task.o)
    0x08004254   0x00000048   Code   RO         2279    i.rt_chk_robin      RTX_CM4.lib(rt_robin.o)
    0x0800429c   0x00000070   Code   RO         1961    i.rt_dec_dly        RTX_CM4.lib(rt_list.o)
    0x0800430c   0x00000044   Code   RO         1795    i.rt_dispatch       RTX_CM4.lib(rt_task.o)
    0x08004350   0x00000006   Code   RO         2121    i.rt_dly_wait       RTX_CM4.lib(rt_time.o)
    0x08004356   0x00000002   PAD
    0x08004358   0x00000050   Code   RO         1922    i.rt_evt_psh        RTX_CM4.lib(rt_event.o)
    0x080043a8   0x0000005c   Code   RO         1923    i.rt_evt_set        RTX_CM4.lib(rt_event.o)
    0x08004404   0x00000040   Code   RO         1924    i.rt_evt_wait       RTX_CM4.lib(rt_event.o)
    0x08004444   0x00000020   Code   RO         2175    i.rt_free_box       RTX_CM4.lib(rt_membox.o)
    0x08004464   0x00000028   Code   RO         2203    i.rt_free_mem       RTX_CM4.lib(rt_memory.o)
    0x0800448c   0x00000028   Code   RO         1962    i.rt_get_first      RTX_CM4.lib(rt_list.o)
    0x080044b4   0x00000008   Code   RO         1313    i.rt_id2obj         RTX_CM4.lib(rt_cmsis.o)
    0x080044bc   0x00000040   Code   RO         1796    i.rt_init_context   RTX_CM4.lib(rt_task.o)
    0x080044fc   0x0000001a   Code   RO         2204    i.rt_init_mem       RTX_CM4.lib(rt_memory.o)
    0x08004516   0x00000002   PAD
    0x08004518   0x00000018   Code   RO         2280    i.rt_init_robin     RTX_CM4.lib(rt_robin.o)
    0x08004530   0x00000050   Code   RO         2229    i.rt_init_stack     RTX_CM4.lib(hal_cm.o)
    0x08004580   0x00000008   Code   RO         2039    i.rt_mbx_check      RTX_CM4.lib(rt_mailbox.o)
    0x08004588   0x0000001a   Code   RO         2040    i.rt_mbx_init       RTX_CM4.lib(rt_mailbox.o)
    0x080045a2   0x00000002   PAD
    0x080045a4   0x000000fc   Code   RO         2041    i.rt_mbx_psh        RTX_CM4.lib(rt_mailbox.o)
    0x080046a0   0x000000b4   Code   RO         2043    i.rt_mbx_wait       RTX_CM4.lib(rt_mailbox.o)
    0x08004754   0x0000003c   Code   RO         1314    i.rt_ms2tick        RTX_CM4.lib(rt_cmsis.o)
    0x08004790   0x00000010   Code   RO         2148    i.rt_mut_init       RTX_CM4.lib(rt_mutex.o)
    0x080047a0   0x000000a0   Code   RO         2149    i.rt_mut_release    RTX_CM4.lib(rt_mutex.o)
    0x08004840   0x00000064   Code   RO         2150    i.rt_mut_wait       RTX_CM4.lib(rt_mutex.o)
    0x080048a4   0x00000078   Code   RO         1873    i.rt_pop_req        RTX_CM4.lib(rt_system.o)
    0x0800491c   0x00000020   Code   RO         1874    i.rt_psh_req        RTX_CM4.lib(rt_system.o)
    0x0800493c   0x00000058   Code   RO         1964    i.rt_psq_enq        RTX_CM4.lib(rt_list.o)
    0x08004994   0x0000005c   Code   RO         1965    i.rt_put_dly        RTX_CM4.lib(rt_list.o)
    0x080049f0   0x00000038   Code   RO         1966    i.rt_put_prio       RTX_CM4.lib(rt_list.o)
    0x08004a28   0x00000014   Code   RO         1967    i.rt_put_rdy_first  RTX_CM4.lib(rt_list.o)
    0x08004a3c   0x00000034   Code   RO         1968    i.rt_resort_prio    RTX_CM4.lib(rt_list.o)
    0x08004a70   0x00000010   Code   RO         2230    i.rt_ret_regs       RTX_CM4.lib(hal_cm.o)
    0x08004a80   0x0000000c   Code   RO         2231    i.rt_ret_val        RTX_CM4.lib(hal_cm.o)
    0x08004a8c   0x00000010   Code   RO         2232    i.rt_ret_val2       RTX_CM4.lib(hal_cm.o)
    0x08004a9c   0x00000028   Code   RO         1969    i.rt_rmv_dly        RTX_CM4.lib(rt_list.o)
    0x08004ac4   0x00000030   Code   RO         1970    i.rt_rmv_list       RTX_CM4.lib(rt_list.o)
    0x08004af4   0x00000034   Code   RO         2087    i.rt_sem_psh        RTX_CM4.lib(rt_semaphore.o)
    0x08004b28   0x00000024   Code   RO         1875    i.rt_stk_check      RTX_CM4.lib(rt_system.o)
    0x08004b4c   0x00000028   Code   RO         1797    i.rt_switch_req     RTX_CM4.lib(rt_task.o)
    0x08004b74   0x00000140   Code   RO         1798    i.rt_sys_init       RTX_CM4.lib(rt_task.o)
    0x08004cb4   0x0000003c   Code   RO         1876    i.rt_systick        RTX_CM4.lib(rt_system.o)
    0x08004cf0   0x00000012   Code   RO         1315    i.rt_tid2ptcb       RTX_CM4.lib(rt_cmsis.o)
    0x08004d02   0x00000002   PAD
    0x08004d04   0x0000003c   Code   RO         1316    i.rt_timer_insert   RTX_CM4.lib(rt_cmsis.o)
    0x08004d40   0x00000080   Code   RO         1799    i.rt_tsk_create     RTX_CM4.lib(rt_task.o)
    0x08004dc0   0x000000ac   Code   RO         1800    i.rt_tsk_delete     RTX_CM4.lib(rt_task.o)
    0x08004e6c   0x00000010   Code   RO         1803    i.rt_tsk_self       RTX_CM4.lib(rt_task.o)
    0x08004e7c   0x00000014   Code   RO         1318    i.svcDelay          RTX_CM4.lib(rt_cmsis.o)
    0x08004e90   0x000000d4   Code   RO         1319    i.svcKernelStart    RTX_CM4.lib(rt_cmsis.o)
    0x08004f64   0x00000024   Code   RO         1321    i.svcMessageCreate  RTX_CM4.lib(rt_cmsis.o)
    0x08004f88   0x0000003a   Code   RO         1322    i.svcMessageGet     RTX_CM4.lib(rt_cmsis.o)
    0x08004fc2   0x0000001c   Code   RO         1324    i.svcMutexCreate    RTX_CM4.lib(rt_cmsis.o)
    0x08004fde   0x00000022   Code   RO         1325    i.svcMutexRelease   RTX_CM4.lib(rt_cmsis.o)
    0x08005000   0x00000036   Code   RO         1326    i.svcMutexWait      RTX_CM4.lib(rt_cmsis.o)
    0x08005036   0x00000024   Code   RO         1333    i.svcSignalSet      RTX_CM4.lib(rt_cmsis.o)
    0x0800505a   0x00000002   PAD
    0x0800505c   0x00000054   Code   RO         1334    i.svcSignalWait     RTX_CM4.lib(rt_cmsis.o)
    0x080050b0   0x00000070   Code   RO         1335    i.svcThreadCreate   RTX_CM4.lib(rt_cmsis.o)
    0x08005120   0x0000001c   Code   RO         1336    i.svcThreadGetId    RTX_CM4.lib(rt_cmsis.o)
    0x0800513c   0x00000038   Code   RO         1339    i.svcThreadTerminate  RTX_CM4.lib(rt_cmsis.o)
    0x08005174   0x00000018   Code   RO         1341    i.svcTimerCall      RTX_CM4.lib(rt_cmsis.o)
    0x0800518c   0x00000054   Code   RO         1349    i.sysTimerTick      RTX_CM4.lib(rt_cmsis.o)
    0x080051e0   0x00000058   Data   RO          140    .constdata          rtx_conf_cm.o
    0x08005238   0x00000020   Data   RO          172    .constdata          main.o
    0x08005258   0x00000004   Data   RO          252    .constdata          finitestatemachine.o
    0x0800525c   0x00000074   Data   RO          425    .constdata          servomanager.o
    0x080052d0   0x00000030   Data   RO         2616    Region$$Table       anon$$obj.o


    Execution Region RW_IRAM1 (Base: 0x10000000, Size: 0x00001b50, Max: 0x0001ffff, ABSOLUTE)

    Base Addr    Size         Type   Attr      Idx    E Section Name        Object

    0x10000000   0x00001b50   Zero   RW          139    .bss                rtx_conf_cm.o


    Execution Region RW_IRAM2 (Base: 0x20000000, Size: 0x00000508, Max: 0x0001ffff, ABSOLUTE)

    Base Addr    Size         Type   Attr      Idx    E Section Name        Object

    0x20000000   0x00000014   Data   RW            4    .data               system_stm32f4xx.o
    0x20000014   0x00000010   Data   RW          141    .data               rtx_conf_cm.o
    0x20000024   0x0000000c   Data   RW          173    .data               main.o
    0x20000030   0x00000005   Data   RW          253    .data               finitestatemachine.o
    0x20000035   0x00000003   PAD
    0x20000038   0x00000008   Data   RW          390    .data               fputc_debug.o
    0x20000040   0x00000010   Data   RW          426    .data               servomanager.o
    0x20000050   0x00000002   Data   RW          498    .data               wireless.o
    0x20000052   0x00000010   Data   RW         1034    .data               stm32f4xx_rcc.o
    0x20000062   0x00000002   PAD
    0x20000064   0x00000004   Data   RW         1350    .data               RTX_CM4.lib(rt_cmsis.o)
    0x20000068   0x00000008   Data   RW         1805    .data               RTX_CM4.lib(rt_task.o)
    0x20000070   0x00000003   Data   RW         1879    .data               RTX_CM4.lib(rt_system.o)
    0x20000073   0x00000001   PAD
    0x20000074   0x00000002   Data   RW         2124    .data               RTX_CM4.lib(rt_time.o)
    0x20000076   0x00000001   Data   RW         2233    .data               RTX_CM4.lib(hal_cm.o)
    0x20000077   0x00000001   PAD
    0x20000078   0x00000008   Data   RW         2281    .data               RTX_CM4.lib(rt_robin.o)
    0x20000080   0x0000000c   Zero   RW          251    .bss                finitestatemachine.o
    0x2000008c   0x00000018   Zero   RW          424    .bss                servomanager.o
    0x200000a4   0x00000030   Zero   RW         1804    .bss                RTX_CM4.lib(rt_task.o)
    0x200000d4   0x00000030   Zero   RW         1971    .bss                RTX_CM4.lib(rt_list.o)
    0x20000104   0x00000004   PAD
    0x20000108   0x00000400   Zero   RW          130    STACK               startup_stm32f4xx.o


==============================================================================

Image component sizes


      Code (inc. data)   RO Data    RW Data    ZI Data      Debug   Object Name

       136         38          4          5         12       1837   finitestatemachine.o
        76          4          0          8          0       2745   fputc_debug.o
       220          8          0          0          0        731   keypadmanager.o
      1192         68          0          0          0       4219   lcdmanager.o
       240         22         32         12          0       5306   main.o
       228         22          0          0          0       3601   misc.o
        24          6         88         16       6992       6496   rtx_conf_cm.o
       916        228        116         16         24       3508   servomanager.o
        36          8        392          0       1024        780   startup_stm32f4xx.o
       284         10          0          0          0       4787   stm32f4xx_exti.o
       604         36          0          0          0      10517   stm32f4xx_gpio.o
      1416         48          0         16          0      23939   stm32f4xx_rcc.o
      1012         22          0          0          0      14941   stm32f4xx_spi.o
       140         12          0          0          0       1695   stm32f4xx_syscfg.o
      3234         60          0          0          0      22356   stm32f4xx_tim.o
       524         44          0         20          0     227803   system_stm32f4xx.o
       204          6          0          0          0      44178   timermanager.o
      1132         36          0          2          0     215708   wireless.o

    ----------------------------------------------------------------------
     11618        678        680        100       8052     595147   Object Totals
         0          0         48          0          0          0   (incl. Generated)
         0          0          0          5          0          0   (incl. Padding)

    ----------------------------------------------------------------------

      Code (inc. data)   RO Data    RW Data    ZI Data      Debug   Library Member Name

         4          4          0          0          0        132   SVC_Table.o
       220         24          0          1          0       3876   hal_cm.o
       372         32          0          0          0        616   hal_cm4.o
      1504        160          0          4          0      33332   rt_cmsis.o
       276         20          0          0          0       2550   rt_event.o
       548         36          0          0         48       7201   rt_list.o
       560         10          0          0          0       3829   rt_mailbox.o
       130          0          0          0          0       1837   rt_membox.o
       126          0          0          0          0       2159   rt_memory.o
       276         14          0          0          0       1869   rt_mutex.o
        96         24          0          8          0       1042   rt_robin.o
        52          4          0          0          0        557   rt_semaphore.o
       248         44          0          3          0       2066   rt_system.o
       864        154          0          8         48       7224   rt_task.o
         6          0          0          2          0        572   rt_time.o
         0          0          0          0          0          0   entry.o
         0          0          0          0          0          0   entry10a.o
         0          0          0          0          0          0   entry11a.o
         8          4          0          0          0          0   entry2.o
         4          0          0          0          0          0   entry5.o
         0          0          0          0          0          0   entry7b.o
         0          0          0          0          0          0   entry8b.o
        30          0          0          0          0          0   handlers.o
        36          8          0          0          0         68   init.o
         0          0          0          0          0          0   iusefp.o
        30          0          0          0          0         68   llshl.o
        36          0          0          0          0         68   llsshr.o
        32          0          0          0          0         68   llushr.o
      2242         90          0          0          0        444   printfa.o
        44          0          0          0          0         80   uidiv.o
        98          0          0          0          0         92   uldiv.o
        40          2          0          0          0         68   cdrcmple.o
       334          0          0          0          0        148   dadd.o
       222          0          0          0          0        100   ddiv.o
       190          0          0          0          0        176   depilogue.o
        48          0          0          0          0         68   dfixul.o
        26          0          0          0          0         76   dfltui.o
       228          0          0          0          0         96   dmul.o

    ----------------------------------------------------------------------
      8950        630          0         28        100      70482   Library Totals
        20          0          0          2          4          0   (incl. Padding)

    ----------------------------------------------------------------------

      Code (inc. data)   RO Data    RW Data    ZI Data      Debug   Library Name

      5282        526          0         26         96      68862   RTX_CM4.lib
      2560        102          0          0          0        888   mc_w.l
      1088          2          0          0          0        732   mf_w.l

    ----------------------------------------------------------------------
      8950        630          0         28        100      70482   Library Totals

    ----------------------------------------------------------------------

==============================================================================


      Code (inc. data)   RO Data    RW Data    ZI Data      Debug   

     20568       1308        680        128       8152     653497   Grand Totals
     20568       1308        680        128       8152     653497   ELF Image Totals
     20568       1308        680        128          0          0   ROM Totals

==============================================================================

    Total RO  Size (Code + RO Data)                21248 (  20.75kB)
    Total RW  Size (RW Data + ZI Data)              8280 (   8.09kB)
    Total ROM Size (Code + RO Data + RW Data)      21376 (  20.88kB)

==============================================================================

